Archive member included to satisfy reference by file (symbol)

C:/devkitPro/libctru/lib\libctru.a(console.o)
                              main.o (consoleInit)
C:/devkitPro/libctru/lib\libctru.a(gfx.o)
                              C:/devkitPro/libctru/lib\libctru.a(console.o) (gfxIsWide)
C:/devkitPro/libctru/lib\libctru.a(apt.o)
                              main.o (aptMainLoop)
C:/devkitPro/libctru/lib\libctru.a(gspgpu.o)
                              C:/devkitPro/libctru/lib\libctru.a(gfx.o) (gspInit)
C:/devkitPro/libctru/lib\libctru.a(hid.o)
                              main.o (hidScanInput)
C:/devkitPro/libctru/lib\libctru.a(irrst.o)
                              C:/devkitPro/libctru/lib\libctru.a(hid.o) (irrstInit)
C:/devkitPro/libctru/lib\libctru.a(ctru_init.o)
                              C:/devkitPro/libctru/lib\libctru.a(apt.o) (__system_retAddr)
C:/devkitPro/libctru/lib\libctru.a(initArgv.o)
                              C:/devkitPro/libctru/lib\libctru.a(ctru_init.o) (__system_initArgv)
C:/devkitPro/libctru/lib\libctru.a(syscalls.o)
                              C:/devkitPro/libctru/lib\libctru.a(ctru_init.o) (__system_initSyscalls)
C:/devkitPro/libctru/lib\libctru.a(svc.o)
                              C:/devkitPro/libctru/lib\libctru.a(apt.o) (svcSleepThread)
C:/devkitPro/libctru/lib\libctru.a(stack_adjust.o)
                              C:/devkitPro/devkitARM/bin/../lib/gcc/arm-none-eabi/16.1.0/../../../../arm-none-eabi/lib/armv6k/fpu/3dsx_crt0.o (initSystem)
C:/devkitPro/libctru/lib\libctru.a(default_font.bin.o)
                              C:/devkitPro/libctru/lib\libctru.a(console.o) (default_font_bin)
C:/devkitPro/libctru/lib\libctru.a(linear.o)
                              C:/devkitPro/libctru/lib\libctru.a(gfx.o) (linearAlloc)
C:/devkitPro/libctru/lib\libctru.a(mem_pool.o)
                              C:/devkitPro/libctru/lib\libctru.a(linear.o) (MemPool::Allocate(MemChunk&, unsigned long, int))
C:/devkitPro/libctru/lib\libctru.a(vram.o)
                              C:/devkitPro/libctru/lib\libctru.a(gfx.o) (vramAlloc)
C:/devkitPro/libctru/lib\libctru.a(3dslink.o)
                              C:/devkitPro/libctru/lib\libctru.a(initArgv.o) (__3dslink_host)
C:/devkitPro/libctru/lib\libctru.a(env.o)
                              C:/devkitPro/libctru/lib\libctru.a(irrst.o) (envGetHandle)
C:/devkitPro/libctru/lib\libctru.a(os.o)
                              C:/devkitPro/libctru/lib\libctru.a(syscalls.o) (osGetTime)
C:/devkitPro/libctru/lib\libctru.a(srv.o)
                              C:/devkitPro/libctru/lib\libctru.a(apt.o) (srvInit)
C:/devkitPro/libctru/lib\libctru.a(synchronization.o)
                              C:/devkitPro/libctru/lib\libctru.a(ctru_init.o) (__sync_init)
C:/devkitPro/libctru/lib\libctru.a(thread.o)
                              C:/devkitPro/libctru/lib\libctru.a(apt.o) (threadCreate)
C:/devkitPro/libctru/lib\libctru.a(mappable.o)
                              C:/devkitPro/libctru/lib\libctru.a(apt.o) (mappableAlloc)
C:/devkitPro/libctru/lib\libctru.a(ptmsysm.o)
                              C:/devkitPro/libctru/lib\libctru.a(os.o) (ptmSysmInit)
C:/devkitPro/libctru/lib\libctru.a(srvpm.o)
                              C:/devkitPro/libctru/lib\libctru.a(srv.o) (srvPmGetSessionHandle)
C:/devkitPro/libctru/lib\libctru.a(soc_connect.o)
                              C:/devkitPro/libctru/lib\libctru.a(3dslink.o) (connect)
C:/devkitPro/libctru/lib\libctru.a(soc_socket.o)
                              C:/devkitPro/libctru/lib\libctru.a(3dslink.o) (socket)
C:/devkitPro/libctru/lib\libctru.a(rbtree_find.o)
                              C:/devkitPro/libctru/lib\libctru.a(linear.o) (rbtree_find)
C:/devkitPro/libctru/lib\libctru.a(rbtree_init.o)
                              C:/devkitPro/libctru/lib\libctru.a(linear.o) (rbtree_init)
C:/devkitPro/libctru/lib\libctru.a(rbtree_insert.o)
                              C:/devkitPro/libctru/lib\libctru.a(linear.o) (rbtree_insert)
C:/devkitPro/libctru/lib\libctru.a(rbtree_remove.o)
                              C:/devkitPro/libctru/lib\libctru.a(linear.o) (rbtree_remove)
C:/devkitPro/libctru/lib\libctru.a(rbtree_rotate.o)
                              C:/devkitPro/libctru/lib\libctru.a(rbtree_insert.o) (rbtree_rotate)
C:/devkitPro/libctru/lib\libctru.a(allocateHeaps.o)
                              C:/devkitPro/libctru/lib\libctru.a(ctru_init.o) (__system_allocateHeaps)
C:/devkitPro/libctru/lib\libctru.a(appExit.o)
                              C:/devkitPro/libctru/lib\libctru.a(stack_adjust.o) (__appExit)
C:/devkitPro/libctru/lib\libctru.a(appInit.o)
                              C:/devkitPro/libctru/lib\libctru.a(stack_adjust.o) (__appInit)
C:/devkitPro/libctru/lib\libctru.a(ctru_exit.o)
                              C:/devkitPro/libctru/lib\libctru.a(stack_adjust.o) (__libctru_exit)
C:/devkitPro/libctru/lib\libctru.a(archive_dev.o)
                              C:/devkitPro/libctru/lib\libctru.a(appInit.o) (archiveMountSdmc)
[...]
Memory Configuration

Name             Origin             Length             Attributes
*default*        0x00000000         0xffffffff

Linker script and memory map

                0x00000000                        __sync_synchronize = __sync_synchronize_dmb
                0x00100000                        PROVIDE (__start__ = 0x100000)
                0x00100000                        . = __start__

.text           0x00100000    0x17ca0
 *(.crt0)
 .crt0          0x00100000       0x94 C:/devkitPro/devkitARM/bin/../lib/gcc/arm-none-eabi/16.1.0/../../../../arm-none-eabi/lib/armv6k/fpu/3dsx_crt0.o
                0x00100000                _start
                0x00100008                __service_ptr
                0x0010000c                __apt_appid
                0x00100010                __heap_size
                0x00100014                __linear_heap_size
                0x00100018                __system_arglist
                0x0010001c                __system_runflags
 *(.init)
 .init          0x00100094        0xc C:/devkitPro/devkitARM/bin/../lib/gcc/arm-none-eabi/16.1.0/armv6k/fpu/crti.o
                0x00100094                _init
 .init          0x001000a0        0xc C:/devkitPro/devkitARM/bin/../lib/gcc/arm-none-eabi/16.1.0/armv6k/fpu/crtn.o
                0x001000ac                        . = ALIGN (0x4)
 *(.text)
 .text          0x001000ac      0x240 C:/devkitPro/devkitARM/bin/../lib/gcc/arm-none-eabi/16.1.0/armv6k/fpu\libgcc.a(_divsi3.o)
                0x001000ac                __divsi3
                0x001000ac                __aeabi_idiv
                0x001002cc                __aeabi_idivmod
 .text          0x001002ec        0x4 C:/devkitPro/devkitARM/bin/../lib/gcc/arm-none-eabi/16.1.0/armv6k/fpu\libgcc.a(_dvmd_tls.o)
                0x001002ec                __aeabi_idiv0
                0x001002ec                __aeabi_ldiv0
 .text          0x001002f0       0x3c C:/devkitPro/devkitARM/bin/../lib/gcc/arm-none-eabi/16.1.0/armv6k/fpu\libgcc.a(_aeabi_uldivmod.o)
                0x001002f0                __aeabi_uldivmod
 *fill*         0x0010032c       0x14 
 .text          0x00100340      0x390 C:/devkitPro/devkitARM/bin/../lib/gcc/arm-none-eabi/16.1.0/../../../../arm-none-eabi/lib/armv6k/fpu\libg.a(libc_a-strcmp.o)
                0x00100348                strcmp
 .text          0x001006d0      0x20c C:/devkitPro/devkitARM/bin/../lib/gcc/arm-none-eabi/16.1.0/armv6k/fpu\libgcc.a(_udivsi3.o)
                0x001006d0                __aeabi_uidiv
                0x001006d0                __udivsi3
                0x001008bc                __aeabi_uidivmod
 *(.text.*)
 .text.__do_global_dtors_aux
                0x001008dc       0x50 C:/devkitPro/devkitARM/bin/../lib/gcc/arm-none-eabi/16.1.0/armv6k/fpu/crtbegin.o
 .text.frame_dummy
                0x0010092c       0x2c C:/devkitPro/devkitARM/bin/../lib/gcc/arm-none-eabi/16.1.0/armv6k/fpu/crtbegin.o
 .text.drawTextPage
                0x00100958       0xb8 main.o
                0x00100958                drawTextPage
 .text.goBack   0x00100a10       0x44 main.o
                0x00100a10                goBack
 .text.drawCurrentScreen
                0x00100a54      0x214 main.o
                0x00100a54                drawCurrentScreen
 .text.selectCurrentItem
                0x00100c68       0xbc main.o
                0x00100c68                selectCurrentItem
 .text.startup.main
                0x00100d24       0xf8 main.o
                0x00100d24                main
 .text.consoleDrawChar
                0x00100e1c      0x1c8 C:/devkitPro/libctru/lib\libctru.a(console.o)
                0x00100e1c                consoleDrawChar
 .text.consolePrintChar
                0x00100fe4      0x170 C:/devkitPro/libctru/lib\libctru.a(console.o)
                0x00100fe4                consolePrintChar
 .text.con_write
                0x00101154      0xcc8 C:/devkitPro/libctru/lib\libctru.a(console.o)
                0x00101154                con_write
 .text.newRow   0x00101e1c       0xfc C:/devkitPro/libctru/lib\libctru.a(console.o)
 .text.consoleInit
                0x00101f18      0x180 C:/devkitPro/libctru/lib\libctru.a(console.o)
                0x00101f18                consoleInit
 .text.gfxPresentFramebuffer
                0x00102098       0xcc C:/devkitPro/libctru/lib\libctru.a(gfx.o)
 .text.gfxIsWide
                0x00102164       0x1c C:/devkitPro/libctru/lib\libctru.a(gfx.o)
                0x00102164                gfxIsWide
 .text.gfxSetScreenFormat
                0x00102180       0xf8 C:/devkitPro/libctru/lib\libctru.a(gfx.o)
                0x00102180                gfxSetScreenFormat
 .text.gfxSetDoubleBuffering
                0x00102278       0x10 C:/devkitPro/libctru/lib\libctru.a(gfx.o)
                0x00102278                gfxSetDoubleBuffering
 .text.gfxInit  0x00102288       0xd8 C:/devkitPro/libctru/lib\libctru.a(gfx.o)
                0x00102288                gfxInit
 .text.gfxInitDefault
                0x00102360       0x10 C:/devkitPro/libctru/lib\libctru.a(gfx.o)
                0x00102360                gfxInitDefault
 .text.gfxExit  0x00102370       0xb8 C:/devkitPro/libctru/lib\libctru.a(gfx.o)
                0x00102370                gfxExit
 .text.gfxGetFramebuffer
                0x00102428       0xa0 C:/devkitPro/libctru/lib\libctru.a(gfx.o)
                0x00102428                gfxGetFramebuffer
 .text.gfxFlushBuffers
                0x001024c8      0x100 C:/devkitPro/libctru/lib\libctru.a(gfx.o)
                0x001024c8                gfxFlushBuffers
 .text.gfxSwapBuffers
                0x001025c8       0x50 C:/devkitPro/libctru/lib\libctru.a(gfx.o)
                0x001025c8                gfxSwapBuffers
 .text.gfxSwapBuffersGpu
                0x00102618       0x50 C:/devkitPro/libctru/lib\libctru.a(gfx.o)
                0x00102618                gfxSwapBuffersGpu
 .text.aptConvertScreenForCapture
                0x00102668      0x180 C:/devkitPro/libctru/lib\libctru.a(apt.o)
 .text.aptDspSleep
                0x001027e8        0x8 C:/devkitPro/libctru/lib\libctru.a(apt.o)
                0x001027e8                aptDspSleep
 .text.aptDspWakeup
                0x001027f0        0x4 C:/devkitPro/libctru/lib\libctru.a(apt.o)
                0x001027f0                aptDspWakeup
 .text.aptDspCancel
                0x001027f4        0x4 C:/devkitPro/libctru/lib\libctru.a(apt.o)
                0x001027f4                aptDspCancel
 .text.aptSendCommand
                0x001027f8      0x138 C:/devkitPro/libctru/lib\libctru.a(apt.o)
                0x001027f8                aptSendCommand
 .text.aptExitProcess
                0x00102930       0x44 C:/devkitPro/libctru/lib\libctru.a(apt.o)
 .text.aptExit  0x00102974      0x394 C:/devkitPro/libctru/lib\libctru.a(apt.o)
                0x00102974                aptExit
 .text.aptHandleSleep
                0x00102d08       0xd8 C:/devkitPro/libctru/lib\libctru.a(apt.o)
                0x00102d08                aptHandleSleep
 .text.APT_SleepIfShellClosed
                0x00102de0       0x84 C:/devkitPro/libctru/lib\libctru.a(apt.o)
                0x00102de0                APT_SleepIfShellClosed
 .text.aptSetSleepAllowed
                0x00102e64       0x78 C:/devkitPro/libctru/lib\libctru.a(apt.o)
                0x00102e64                aptSetSleepAllowed
 .text.APT_UnlockTransition
                0x00102edc       0x84 C:/devkitPro/libctru/lib\libctru.a(apt.o)
                0x00102edc                APT_UnlockTransition
 .text.aptEventHandler
                0x00102f60      0x470 C:/devkitPro/libctru/lib\libctru.a(apt.o)
 .text.APT_ReceiveParameter
                0x001033d0       0xbc C:/devkitPro/libctru/lib\libctru.a(apt.o)
                0x001033d0                APT_ReceiveParameter
 .text.aptReceiveParameter.constprop.0
                0x0010348c       0xb0 C:/devkitPro/libctru/lib\libctru.a(apt.o)
 *fill*         0x0010353c        0x4 
 .text.aptScreenTransfer
                0x00103540      0x294 C:/devkitPro/libctru/lib\libctru.a(apt.o)
 .text.aptWaitForWakeUp.isra.0
                0x001037d4      0x2d0 C:/devkitPro/libctru/lib\libctru.a(apt.o)
 .text.aptJumpToHomeMenu
                0x00103aa4       0xf4 C:/devkitPro/libctru/lib\libctru.a(apt.o)
                0x00103aa4                aptJumpToHomeMenu
 .text.aptMainLoop
                0x00103b98       0x58 C:/devkitPro/libctru/lib\libctru.a(apt.o)
                0x00103b98                aptMainLoop
 .text.aptInit  0x00103bf0      0x240 C:/devkitPro/libctru/lib\libctru.a(apt.o)
                0x00103bf0                aptInit
 .text.APT_CheckNew3DS
                0x00103e30       0x90 C:/devkitPro/libctru/lib\libctru.a(apt.o)
                0x00103e30                APT_CheckNew3DS
 .text.gspHardwareInit
                0x00103ec0      0xc70 C:/devkitPro/libctru/lib\libctru.a(gspgpu.o)
 .text.gspInit  0x00104b30      0x288 C:/devkitPro/libctru/lib\libctru.a(gspgpu.o)
                0x00104b30                gspInit
 .text.gspExit  0x00104db8      0x104 C:/devkitPro/libctru/lib\libctru.a(gspgpu.o)
                0x00104db8                gspExit
 .text.gspHasGpuRight
                0x00104ebc       0x10 C:/devkitPro/libctru/lib\libctru.a(gspgpu.o)
                0x00104ebc                gspHasGpuRight
 .text.gspPresentBuffer
                0x00104ecc       0xa4 C:/devkitPro/libctru/lib\libctru.a(gspgpu.o)
                0x00104ecc                gspPresentBuffer
 .text.gspWaitForEvent
                0x00104f70       0x50 C:/devkitPro/libctru/lib\libctru.a(gspgpu.o)
                0x00104f70                gspWaitForEvent
 .text.gxCmdQueueInterrupt
                0x00104fc0        0x4 C:/devkitPro/libctru/lib\libctru.a(gspgpu.o)
                0x00104fc0                gxCmdQueueInterrupt
 .text.gspEventThreadMain
                0x00104fc4      0x154 C:/devkitPro/libctru/lib\libctru.a(gspgpu.o)
 .text.GSPGPU_FlushDataCache
                0x00105118       0x50 C:/devkitPro/libctru/lib\libctru.a(gspgpu.o)
                0x00105118                GSPGPU_FlushDataCache
 .text.GSPGPU_SetLcdForceBlack
                0x00105168       0x34 C:/devkitPro/libctru/lib\libctru.a(gspgpu.o)
                0x00105168                GSPGPU_SetLcdForceBlack
 .text.GSPGPU_AcquireRight
                0x0010519c       0x84 C:/devkitPro/libctru/lib\libctru.a(gspgpu.o)
                0x0010519c                GSPGPU_AcquireRight
 .text.GSPGPU_ReleaseRight
                0x00105220       0x64 C:/devkitPro/libctru/lib\libctru.a(gspgpu.o)
                0x00105220                GSPGPU_ReleaseRight
 .text.GSPGPU_ImportDisplayCaptureInfo
                0x00105284       0x7c C:/devkitPro/libctru/lib\libctru.a(gspgpu.o)
                0x00105284                GSPGPU_ImportDisplayCaptureInfo
 .text.GSPGPU_SaveVramSysArea
                0x00105300       0x2c C:/devkitPro/libctru/lib\libctru.a(gspgpu.o)
                0x00105300                GSPGPU_SaveVramSysArea
 .text.GSPGPU_RestoreVramSysArea
                0x0010532c       0x2c C:/devkitPro/libctru/lib\libctru.a(gspgpu.o)
                0x0010532c                GSPGPU_RestoreVramSysArea
 .text.hidShouldUseIrrst
                0x00105358       0x24 C:/devkitPro/libctru/lib\libctru.a(hid.o)
                0x00105358                hidShouldUseIrrst
 .text.hidInit  0x0010537c      0x1cc C:/devkitPro/libctru/lib\libctru.a(hid.o)
                0x0010537c                hidInit
 .text.hidExit  0x00105548       0xe8 C:/devkitPro/libctru/lib\libctru.a(hid.o)
                0x00105548                hidExit
 .text.hidScanInput
                0x00105630      0x2a0 C:/devkitPro/libctru/lib\libctru.a(hid.o)
                0x00105630                hidScanInput
 .text.hidKeysDown
                0x001058d0       0x10 C:/devkitPro/libctru/lib\libctru.a(hid.o)
                0x001058d0                hidKeysDown
 .text.irrstInit
                0x001058e0      0x1a4 C:/devkitPro/libctru/lib\libctru.a(irrst.o)
                0x001058e0                irrstInit
 .text.irrstExit
                0x00105a84       0xdc C:/devkitPro/libctru/lib\libctru.a(irrst.o)
                0x00105a84                irrstExit
 .text.irrstScanInput
                0x00105b60       0xb4 C:/devkitPro/libctru/lib\libctru.a(irrst.o)
                0x00105b60                irrstScanInput
 .text.irrstKeysHeld
                0x00105c14       0x24 C:/devkitPro/libctru/lib\libctru.a(irrst.o)
                0x00105c14                irrstKeysHeld
 .text.__libctru_init
                0x00105c38       0x38 C:/devkitPro/libctru/lib\libctru.a(ctru_init.o)
                0x00105c38                __libctru_init
 .text.__system_initArgv
                0x00105c70      0x16c C:/devkitPro/libctru/lib\libctru.a(initArgv.o)
                0x00105c70                __system_initArgv
 .text.__syscall_getreent
                0x00105ddc       0x30 C:/devkitPro/libctru/lib\libctru.a(syscalls.o)
                0x00105ddc                __syscall_getreent
 .text.__syscall_lock_acquire
                0x00105e0c        0x4 C:/devkitPro/libctru/lib\libctru.a(syscalls.o)
                0x00105e0c                __syscall_lock_acquire
 .text.__syscall_lock_release
                0x00105e10        0x4 C:/devkitPro/libctru/lib\libctru.a(syscalls.o)
                0x00105e10                __syscall_lock_release
 .text.__syscall_lock_acquire_recursive
                0x00105e14        0x4 C:/devkitPro/libctru/lib\libctru.a(syscalls.o)
                0x00105e14                __syscall_lock_acquire_recursive
 .text.__syscall_lock_release_recursive
                0x00105e18        0x4 C:/devkitPro/libctru/lib\libctru.a(syscalls.o)
                0x00105e18                __syscall_lock_release_recursive
 .text.__syscall_exit
                0x00105e1c        0x4 C:/devkitPro/libctru/lib\libctru.a(syscalls.o)
                0x00105e1c                __syscall_exit
 .text.initThreadVars
                0x00105e20       0x54 C:/devkitPro/libctru/lib\libctru.a(syscalls.o)
                0x00105e20                initThreadVars
 .text.__system_initSyscalls
                0x00105e74       0x80 C:/devkitPro/libctru/lib\libctru.a(syscalls.o)
                0x00105e74                __system_initSyscalls
 .text.svcControlMemory
                0x00105ef4       0x20 C:/devkitPro/libctru/lib\libctru.a(svc.o)
                0x00105ef4                svcControlMemory
 .text.svcQueryMemory
                0x00105f14       0x30 C:/devkitPro/libctru/lib\libctru.a(svc.o)
                0x00105f14                svcQueryMemory
 .text.svcExitProcess
                0x00105f44        0x8 C:/devkitPro/libctru/lib\libctru.a(svc.o)
                0x00105f44                svcExitProcess
 .text.svcCreateThread
                0x00105f4c       0x20 C:/devkitPro/libctru/lib\libctru.a(svc.o)
                0x00105f4c                svcCreateThread
 .text.svcExitThread
                0x00105f6c        0x8 C:/devkitPro/libctru/lib\libctru.a(svc.o)
                0x00105f6c                svcExitThread
 .text.svcSleepThread
                0x00105f74        0x8 C:/devkitPro/libctru/lib\libctru.a(svc.o)
                0x00105f74                svcSleepThread
 .text.svcReleaseMutex
                0x00105f7c        0x8 C:/devkitPro/libctru/lib\libctru.a(svc.o)
                0x00105f7c                svcReleaseMutex
 .text.svcCreateEvent
                0x00105f84       0x14 C:/devkitPro/libctru/lib\libctru.a(svc.o)
                0x00105f84                svcCreateEvent
 .text.svcSignalEvent
                0x00105f98        0x8 C:/devkitPro/libctru/lib\libctru.a(svc.o)
                0x00105f98                svcSignalEvent
 .text.svcClearEvent
                0x00105fa0        0x8 C:/devkitPro/libctru/lib\libctru.a(svc.o)
                0x00105fa0                svcClearEvent
 .text.svcMapMemoryBlock
                0x00105fa8        0x8 C:/devkitPro/libctru/lib\libctru.a(svc.o)
                0x00105fa8                svcMapMemoryBlock
 .text.svcUnmapMemoryBlock
                0x00105fb0        0x8 C:/devkitPro/libctru/lib\libctru.a(svc.o)
                0x00105fb0                svcUnmapMemoryBlock
 .text.svcCreateAddressArbiter
                0x00105fb8       0x14 C:/devkitPro/libctru/lib\libctru.a(svc.o)
                0x00105fb8                svcCreateAddressArbiter
 .text.svcArbitrateAddressNoTimeout
                0x00105fcc        0x8 C:/devkitPro/libctru/lib\libctru.a(svc.o)
                0x00105fcc                svcArbitrateAddressNoTimeout
 .text.svcCloseHandle
                0x00105fd4        0x8 C:/devkitPro/libctru/lib\libctru.a(svc.o)
                0x00105fd4                svcCloseHandle
 .text.svcWaitSynchronization
                0x00105fdc        0x8 C:/devkitPro/libctru/lib\libctru.a(svc.o)
                0x00105fdc                svcWaitSynchronization
 .text.svcWaitSynchronizationN
                0x00105fe4       0x28 C:/devkitPro/libctru/lib\libctru.a(svc.o)
                0x00105fe4                svcWaitSynchronizationN
 .text.svcDuplicateHandle
                0x0010600c       0x14 C:/devkitPro/libctru/lib\libctru.a(svc.o)
                0x0010600c                svcDuplicateHandle
 .text.svcConnectToPort
                0x00106020       0x14 C:/devkitPro/libctru/lib\libctru.a(svc.o)
                0x00106020                svcConnectToPort
 .text.svcSendSyncRequest
                0x00106034        0x8 C:/devkitPro/libctru/lib\libctru.a(svc.o)
                0x00106034                svcSendSyncRequest
 .text.svcGetResourceLimit
                0x0010603c       0x14 C:/devkitPro/libctru/lib\libctru.a(svc.o)
                0x0010603c                svcGetResourceLimit
 .text.svcGetResourceLimitLimitValues
                0x00106050        0x8 C:/devkitPro/libctru/lib\libctru.a(svc.o)
                0x00106050                svcGetResourceLimitLimitValues
 .text.svcGetResourceLimitCurrentValues
                0x00106058        0x8 C:/devkitPro/libctru/lib\libctru.a(svc.o)
                0x00106058                svcGetResourceLimitCurrentValues
 .text.svcBreak
                0x00106060        0x8 C:/devkitPro/libctru/lib\libctru.a(svc.o)
                0x00106060                svcBreak
 .text.initSystem
                0x00106068       0x50 C:/devkitPro/libctru/lib\libctru.a(stack_adjust.o)
                0x00106068                initSystem
 .text.__ctru_exit
                0x001060b8       0x14 C:/devkitPro/libctru/lib\libctru.a(stack_adjust.o)
                0x001060b8                __ctru_exit
 .text._ZL21addrMapNodeComparatorPK11rbtree_nodeS1_
                0x001060cc       0x24 C:/devkitPro/libctru/lib\libctru.a(linear.o)
 .text._ZL21addrMapNodeDestructorP11rbtree_node
                0x001060f0        0x4 C:/devkitPro/libctru/lib\libctru.a(linear.o)
 .text.linearMemAlign
                0x001060f4      0x12c C:/devkitPro/libctru/lib\libctru.a(linear.o)
                0x001060f4                linearMemAlign
 .text.linearAlloc
                0x00106220        0x8 C:/devkitPro/libctru/lib\libctru.a(linear.o)
                0x00106220                linearAlloc
 .text.linearFree
                0x00106228       0x5c C:/devkitPro/libctru/lib\libctru.a(linear.o)
                0x00106228                linearFree
 .text._ZN7MemPool13CoalesceRightEP8MemBlock
                0x00106284       0x88 C:/devkitPro/libctru/lib\libctru.a(mem_pool.o)
                0x00106284                MemPool::CoalesceRight(MemBlock*)
 .text._ZN7MemPool8AllocateER8MemChunkmi
                0x0010630c      0x178 C:/devkitPro/libctru/lib\libctru.a(mem_pool.o)
                0x0010630c                MemPool::Allocate(MemChunk&, unsigned long, int)
 .text._ZN7MemPool10DeallocateERK8MemChunk
                0x00106484      0x118 C:/devkitPro/libctru/lib\libctru.a(mem_pool.o)
                0x00106484                MemPool::Deallocate(MemChunk const&)
 .text._ZN7MemPool12GetFreeSpaceEv
                0x0010659c       0x30 C:/devkitPro/libctru/lib\libctru.a(mem_pool.o)
                0x0010659c                MemPool::GetFreeSpace()
 .text._ZL21addrMapNodeComparatorPK11rbtree_nodeS1_
                0x001065cc       0x24 C:/devkitPro/libctru/lib\libctru.a(vram.o)
 .text._ZL21addrMapNodeDestructorP11rbtree_node
                0x001065f0        0x4 C:/devkitPro/libctru/lib\libctru.a(vram.o)
 .text.vramMemAlignAt
                0x001065f4      0x248 C:/devkitPro/libctru/lib\libctru.a(vram.o)
                0x001065f4                vramMemAlignAt
 .text.vramAlloc
                0x0010683c        0xc C:/devkitPro/libctru/lib\libctru.a(vram.o)
                0x0010683c                vramAlloc
 .text.vramFree
                0x00106848       0x94 C:/devkitPro/libctru/lib\libctru.a(vram.o)
                0x00106848                vramFree
 .text.envGetHandle
                0x001068dc       0x8c C:/devkitPro/libctru/lib\libctru.a(env.o)
                0x001068dc                envGetHandle
 .text.envDestroyHandles
                0x00106968       0x50 C:/devkitPro/libctru/lib\libctru.a(env.o)
                0x00106968                envDestroyHandles
 .text.__ctru_speedup_config
                0x001069b8       0x34 C:/devkitPro/libctru/lib\libctru.a(os.o)
                0x001069b8                __ctru_speedup_config
 .text.srvInit  0x001069ec      0x164 C:/devkitPro/libctru/lib\libctru.a(srv.o)
                0x001069ec                srvInit
 .text.srvExit  0x00106b50       0x64 C:/devkitPro/libctru/lib\libctru.a(srv.o)
                0x00106b50                srvExit
 .text.srvEnableNotification
                0x00106bb4       0x60 C:/devkitPro/libctru/lib\libctru.a(srv.o)
                0x00106bb4                srvEnableNotification
 .text.srvGetServiceHandleDirect
                0x00106c14       0xa0 C:/devkitPro/libctru/lib\libctru.a(srv.o)
                0x00106c14                srvGetServiceHandleDirect
 .text.srvGetServiceHandle
                0x00106cb4       0x48 C:/devkitPro/libctru/lib\libctru.a(srv.o)
                0x00106cb4                srvGetServiceHandle
 .text.srvSubscribe
                0x00106cfc       0x34 C:/devkitPro/libctru/lib\libctru.a(srv.o)
                0x00106cfc                srvSubscribe
 .text.srvReceiveNotification
                0x00106d30       0x60 C:/devkitPro/libctru/lib\libctru.a(srv.o)
                0x00106d30                srvReceiveNotification
 .text.srvPublishToSubscriber
                0x00106d90       0x38 C:/devkitPro/libctru/lib\libctru.a(srv.o)
                0x00106d90                srvPublishToSubscriber
 .text.__sync_init
                0x00106dc8        0xc C:/devkitPro/libctru/lib\libctru.a(synchronization.o)
                0x00106dc8                __sync_init
 .text.__sync_fini
                0x00106dd4       0x18 C:/devkitPro/libctru/lib\libctru.a(synchronization.o)
                0x00106dd4                __sync_fini
 .text.syncArbitrateAddress
                0x00106dec       0x28 C:/devkitPro/libctru/lib\libctru.a(synchronization.o)
                0x00106dec                syncArbitrateAddress
 .text.LightLock_Lock
                0x00106e14       0xac C:/devkitPro/libctru/lib\libctru.a(synchronization.o)
                0x00106e14                LightLock_Lock
 .text.LightLock_Unlock
                0x00106ec0       0x40 C:/devkitPro/libctru/lib\libctru.a(synchronization.o)
                0x00106ec0                LightLock_Unlock
 .text.RecursiveLock_Lock
                0x00106f00       0x54 C:/devkitPro/libctru/lib\libctru.a(synchronization.o)
                0x00106f00                RecursiveLock_Lock
 .text.RecursiveLock_Unlock
                0x00106f54       0x54 C:/devkitPro/libctru/lib\libctru.a(synchronization.o)
                0x00106f54                RecursiveLock_Unlock
 .text.LightEvent_Init
                0x00106fa8       0x44 C:/devkitPro/libctru/lib\libctru.a(synchronization.o)
                0x00106fa8                LightEvent_Init
 .text.LightEvent_Clear
                0x00106fec       0xb8 C:/devkitPro/libctru/lib\libctru.a(synchronization.o)
                0x00106fec                LightEvent_Clear
 .text.LightEvent_Signal
                0x001070a4       0xdc C:/devkitPro/libctru/lib\libctru.a(synchronization.o)
                0x001070a4                LightEvent_Signal
 .text.LightEvent_TryWait
                0x00107180       0x50 C:/devkitPro/libctru/lib\libctru.a(synchronization.o)
                0x00107180                LightEvent_TryWait
 .text.LightEvent_Wait
                0x001071d0       0xac C:/devkitPro/libctru/lib\libctru.a(synchronization.o)
                0x001071d0                LightEvent_Wait
 .text.threadCreate
                0x0010727c      0x1fc C:/devkitPro/libctru/lib\libctru.a(thread.o)
                0x0010727c                threadCreate
 .text.threadFree
                0x00107478       0x38 C:/devkitPro/libctru/lib\libctru.a(thread.o)
                0x00107478                threadFree
 .text.threadJoin
                0x001074b0       0x24 C:/devkitPro/libctru/lib\libctru.a(thread.o)
                0x001074b0                threadJoin
 .text.threadGetCurrent
                0x001074d4       0x30 C:/devkitPro/libctru/lib\libctru.a(thread.o)
                0x001074d4                threadGetCurrent
 .text.threadExit
                0x00107504       0x40 C:/devkitPro/libctru/lib\libctru.a(thread.o)
                0x00107504                threadExit
 .text._thread_begin
                0x00107544       0x20 C:/devkitPro/libctru/lib\libctru.a(thread.o)
 .text.mappableFindAddressWithin
                0x00107564       0x90 C:/devkitPro/libctru/lib\libctru.a(mappable.o)
 .text.mappableInit
                0x001075f4       0x28 C:/devkitPro/libctru/lib\libctru.a(mappable.o)
                0x001075f4                mappableInit
 .text.mappableAlloc
                0x0010761c       0x7c C:/devkitPro/libctru/lib\libctru.a(mappable.o)
                0x0010761c                mappableAlloc
 .text.mappableFree
                0x00107698        0x4 C:/devkitPro/libctru/lib\libctru.a(mappable.o)
                0x00107698                mappableFree
 .text.ptmSysmInit
                0x0010769c       0x78 C:/devkitPro/libctru/lib\libctru.a(ptmsysm.o)
                0x0010769c                ptmSysmInit
 .text.ptmSysmExit
                0x00107714       0x3c C:/devkitPro/libctru/lib\libctru.a(ptmsysm.o)
                0x00107714                ptmSysmExit
 .text.PTMSYSM_ConfigureNew3DSCPU
                0x00107750       0x34 C:/devkitPro/libctru/lib\libctru.a(ptmsysm.o)
                0x00107750                PTMSYSM_ConfigureNew3DSCPU
 .text.srvPmGetSessionHandle
                0x00107784        0xc C:/devkitPro/libctru/lib\libctru.a(srvpm.o)
                0x00107784                srvPmGetSessionHandle
 .text.rbtree_find
                0x00107790       0x74 C:/devkitPro/libctru/lib\libctru.a(rbtree_find.o)
                0x00107790                rbtree_find
 .text.rbtree_init
                0x00107804       0x10 C:/devkitPro/libctru/lib\libctru.a(rbtree_init.o)
                0x00107804                rbtree_init
 .text.do_insert
                0x00107814      0x198 C:/devkitPro/libctru/lib\libctru.a(rbtree_insert.o)
 .text.rbtree_insert
                0x001079ac        0x8 C:/devkitPro/libctru/lib\libctru.a(rbtree_insert.o)
                0x001079ac                rbtree_insert
 .text.rbtree_remove
                0x001079b4      0x310 C:/devkitPro/libctru/lib\libctru.a(rbtree_remove.o)
                0x001079b4                rbtree_remove
 .text.rbtree_rotate
                0x00107cc4       0x90 C:/devkitPro/libctru/lib\libctru.a(rbtree_rotate.o)
                0x00107cc4                rbtree_rotate
 *fill*         0x00107d54        0x4 
 .text.__system_allocateHeaps
                0x00107d58      0x1e8 C:/devkitPro/libctru/lib\libctru.a(allocateHeaps.o)
                0x00107d58                __system_allocateHeaps
 .text.__appExit
                0x00107f40       0x30 C:/devkitPro/libctru/lib\libctru.a(appExit.o)
                0x00107f40                __appExit
 .text.__appInit
                0x00107f70       0x30 C:/devkitPro/libctru/lib\libctru.a(appInit.o)
                0x00107f70                __appInit
 .text.__libctru_exit
                0x00107fa0       0x90 C:/devkitPro/libctru/lib\libctru.a(ctru_exit.o)
                0x00107fa0                __libctru_exit
 .text.error_cmp
                0x00108030       0x24 C:/devkitPro/libctru/lib\libctru.a(archive_dev.o)
 .text.archive_translate_error
                0x00108054       0x50 C:/devkitPro/libctru/lib\libctru.a(archive_dev.o)
 .text.archive_seek
                0x001080a4       0xc0 C:/devkitPro/libctru/lib\libctru.a(archive_dev.o)
 .text._archiveInit.part.0
                0x00108164       0x78 C:/devkitPro/libctru/lib\libctru.a(archive_dev.o)
 .text.archiveFindDevice.part.0
                0x001081dc      0x110 C:/devkitPro/libctru/lib\libctru.a(archive_dev.o)
 .text.archive_utf16path
                0x001082ec      0x298 C:/devkitPro/libctru/lib\libctru.a(archive_dev.o)
 .text._archiveUnmountDeviceStruct.part.0
                0x00108584       0x98 C:/devkitPro/libctru/lib\libctru.a(archive_dev.o)
 .text._archiveMountDevice
                0x0010861c      0x178 C:/devkitPro/libctru/lib\libctru.a(archive_dev.o)
 .text.archive_diropen
                0x00108794       0xf8 C:/devkitPro/libctru/lib\libctru.a(archive_dev.o)
 .text.archive_fstat
                0x0010888c       0xac C:/devkitPro/libctru/lib\libctru.a(archive_dev.o)
 .text.archive_fsync
                0x00108938       0x74 C:/devkitPro/libctru/lib\libctru.a(archive_dev.o)
 .text.archive_close
                0x001089ac       0x74 C:/devkitPro/libctru/lib\libctru.a(archive_dev.o)
 .text.archive_dirclose
                0x00108a20       0x78 C:/devkitPro/libctru/lib\libctru.a(archive_dev.o)
 .text.sdmc_statvfs
                0x00108a98       0xec C:/devkitPro/libctru/lib\libctru.a(archive_dev.o)
 .text.archive_chdir
                0x00108b84       0xf8 C:/devkitPro/libctru/lib\libctru.a(archive_dev.o)
 .text.archive_ftruncate
                0x00108c7c       0x8c C:/devkitPro/libctru/lib\libctru.a(archive_dev.o)
 .text.archive_read
                0x00108d08       0xbc C:/devkitPro/libctru/lib\libctru.a(archive_dev.o)
 .text.archive_unlink
                0x00108dc4       0xa8 C:/devkitPro/libctru/lib\libctru.a(archive_dev.o)
 .text.archive_rmdir
                0x00108e6c       0xc0 C:/devkitPro/libctru/lib\libctru.a(archive_dev.o)
 .text.archive_mkdir
                0x00108f2c       0xd8 C:/devkitPro/libctru/lib\libctru.a(archive_dev.o)
 .text.archive_stat
                0x00109004      0x1a0 C:/devkitPro/libctru/lib\libctru.a(archive_dev.o)
 .text.archive_dirnext
                0x001091a4      0x164 C:/devkitPro/libctru/lib\libctru.a(archive_dev.o)
 .text.archive_write
                0x00109308      0x13c C:/devkitPro/libctru/lib\libctru.a(archive_dev.o)
 *fill*         0x00109444        0x4 
 .text.archive_open
                0x00109448      0x254 C:/devkitPro/libctru/lib\libctru.a(archive_dev.o)
 .text.archive_rename
                0x0010969c      0x270 C:/devkitPro/libctru/lib\libctru.a(archive_dev.o)
 .text.archiveMountSdmc
                0x0010990c      0x1c8 C:/devkitPro/libctru/lib\libctru.a(archive_dev.o)
                0x0010990c                archiveMountSdmc
 .text.archiveUnmountAll
                0x00109ad4       0x54 C:/devkitPro/libctru/lib\libctru.a(archive_dev.o)
                0x00109ad4                archiveUnmountAll
 .text.fsInit   0x00109b28      0x104 C:/devkitPro/libctru/lib\libctru.a(fs.o)
                0x00109b28                fsInit
 .text.fsExit   0x00109c2c       0x3c C:/devkitPro/libctru/lib\libctru.a(fs.o)
                0x00109c2c                fsExit
 .text.fsExemptFromSession
                0x00109c68       0x68 C:/devkitPro/libctru/lib\libctru.a(fs.o)
                0x00109c68                fsExemptFromSession
 .text.fsUnexemptFromSession
                0x00109cd0       0x50 C:/devkitPro/libctru/lib\libctru.a(fs.o)
                0x00109cd0                fsUnexemptFromSession
 .text.FSUSER_OpenFile
                0x00109d20       0xcc C:/devkitPro/libctru/lib\libctru.a(fs.o)
                0x00109d20                FSUSER_OpenFile
 .text.FSUSER_DeleteFile
                0x00109dec       0xb8 C:/devkitPro/libctru/lib\libctru.a(fs.o)
                0x00109dec                FSUSER_DeleteFile
 .text.FSUSER_RenameFile
                0x00109ea4       0xf4 C:/devkitPro/libctru/lib\libctru.a(fs.o)
                0x00109ea4                FSUSER_RenameFile
 .text.FSUSER_DeleteDirectory
                0x00109f98       0xb8 C:/devkitPro/libctru/lib\libctru.a(fs.o)
                0x00109f98                FSUSER_DeleteDirectory
 .text.FSUSER_CreateFile
                0x0010a050       0xd0 C:/devkitPro/libctru/lib\libctru.a(fs.o)
                0x0010a050                FSUSER_CreateFile
 .text.FSUSER_CreateDirectory
                0x0010a120       0xc0 C:/devkitPro/libctru/lib\libctru.a(fs.o)
                0x0010a120                FSUSER_CreateDirectory
 .text.FSUSER_RenameDirectory
                0x0010a1e0       0xf4 C:/devkitPro/libctru/lib\libctru.a(fs.o)
                0x0010a1e0                FSUSER_RenameDirectory
 .text.FSUSER_OpenDirectory
                0x0010a2d4       0xb4 C:/devkitPro/libctru/lib\libctru.a(fs.o)
                0x0010a2d4                FSUSER_OpenDirectory
 .text.FSUSER_OpenArchive
                0x0010a388       0x90 C:/devkitPro/libctru/lib\libctru.a(fs.o)
                0x0010a388                FSUSER_OpenArchive
 .text.FSUSER_CloseArchive
                0x0010a418       0x8c C:/devkitPro/libctru/lib\libctru.a(fs.o)
                0x0010a418                FSUSER_CloseArchive
 .text.FSUSER_GetSdmcArchiveResource
                0x0010a4a4       0x74 C:/devkitPro/libctru/lib\libctru.a(fs.o)
                0x0010a4a4                FSUSER_GetSdmcArchiveResource
 .text.FSUSER_IsSdmcWritable
                0x0010a518       0x64 C:/devkitPro/libctru/lib\libctru.a(fs.o)
                0x0010a518                FSUSER_IsSdmcWritable
 .text.FSFILE_Read
                0x0010a57c       0x64 C:/devkitPro/libctru/lib\libctru.a(fs.o)
                0x0010a57c                FSFILE_Read
 .text.FSFILE_Write
                0x0010a5e0       0x6c C:/devkitPro/libctru/lib\libctru.a(fs.o)
                0x0010a5e0                FSFILE_Write
 .text.FSFILE_GetSize
                0x0010a64c       0x44 C:/devkitPro/libctru/lib\libctru.a(fs.o)
                0x0010a64c                FSFILE_GetSize
 .text.FSFILE_SetSize
                0x0010a690       0x28 C:/devkitPro/libctru/lib\libctru.a(fs.o)
                0x0010a690                FSFILE_SetSize
 .text.FSFILE_Close
                0x0010a6b8       0x3c C:/devkitPro/libctru/lib\libctru.a(fs.o)
                0x0010a6b8                FSFILE_Close
 .text.FSFILE_Flush
                0x0010a6f4       0x24 C:/devkitPro/libctru/lib\libctru.a(fs.o)
                0x0010a6f4                FSFILE_Flush
 .text.FSDIR_Read
                0x0010a718       0x60 C:/devkitPro/libctru/lib\libctru.a(fs.o)
                0x0010a718                FSDIR_Read
 .text.FSDIR_Close
                0x0010a778       0x3c C:/devkitPro/libctru/lib\libctru.a(fs.o)
                0x0010a778                FSDIR_Close
 .text.rbtree_node_next
                0x0010a7b4       0x60 C:/devkitPro/libctru/lib\libctru.a(rbtree_iterator.o)
                0x0010a7b4                rbtree_node_next
 .text.decode_utf8
                0x0010a814      0x140 C:/devkitPro/libctru/lib\libctru.a(decode_utf8.o)
                0x0010a814                decode_utf8
 .text.utf16_to_utf8
                0x0010a954       0xe8 C:/devkitPro/libctru/lib\libctru.a(utf16_to_utf8.o)
                0x0010a954                utf16_to_utf8
 .text.utf8_to_utf16
                0x0010aa3c       0xc0 C:/devkitPro/libctru/lib\libctru.a(utf8_to_utf16.o)
                0x0010aa3c                utf8_to_utf16
 .text.__aeabi_read_tp
                0x0010aafc        0xc C:/devkitPro/libctru/lib\libctru.a(readtp.o)
                0x0010aafc                __aeabi_read_tp
 .text.decode_utf16
                0x0010ab08       0x54 C:/devkitPro/libctru/lib\libctru.a(decode_utf16.o)
                0x0010ab08                decode_utf16
 .text.encode_utf16
                0x0010ab5c       0x54 C:/devkitPro/libctru/lib\libctru.a(encode_utf16.o)
                0x0010ab5c                encode_utf16
 .text.encode_utf8
                0x0010abb0       0xe0 C:/devkitPro/libctru/lib\libctru.a(encode_utf8.o)
                0x0010abb0                encode_utf8
 .text.__udivmoddi4
                0x0010ac90      0x130 C:/devkitPro/devkitARM/bin/../lib/gcc/arm-none-eabi/16.1.0/armv6k/fpu\libgcc.a(_udivmoddi4.o)
                0x0010ac90                __udivmoddi4
 .text.strncat  0x0010adc0       0xe4 C:/devkitPro/devkitARM/bin/../lib/gcc/arm-none-eabi/16.1.0/../../../../arm-none-eabi/lib/armv6k/fpu\libg.a(libc_a-strncat.o)
                0x0010adc0                strncat
 .text.memcpy   0x0010aea4      0x128 C:/devkitPro/devkitARM/bin/../lib/gcc/arm-none-eabi/16.1.0/../../../../arm-none-eabi/lib/armv6k/fpu\libg.a(libc_a-memcpy-stub.o)
                0x0010aea4                memcpy
 .text.strlen   0x0010afcc       0x8c C:/devkitPro/devkitARM/bin/../lib/gcc/arm-none-eabi/16.1.0/../../../../arm-none-eabi/lib/armv6k/fpu\libg.a(libc_a-strlen.o)
                0x0010afcc                strlen
 .text.bsearch  0x0010b058       0x78 C:/devkitPro/devkitARM/bin/../lib/gcc/arm-none-eabi/16.1.0/../../../../arm-none-eabi/lib/armv6k/fpu\libg.a(libc_a-bsearch.o)
                0x0010b058                bsearch
 .text.memalign
                0x0010b0d0       0x28 C:/devkitPro/devkitARM/bin/../lib/gcc/arm-none-eabi/16.1.0/../../../../arm-none-eabi/lib/armv6k/fpu\libg.a(libc_a-malign.o)
                0x0010b0d0                memalign
 .text.printf   0x0010b0f8       0x34 C:/devkitPro/devkitARM/bin/../lib/gcc/arm-none-eabi/16.1.0/../../../../arm-none-eabi/lib/armv6k/fpu\libg.a(libc_a-printf.o)
                0x0010b0f8                printf
 .text._strtoul_l.isra.0
                0x0010b12c      0x1ec C:/devkitPro/devkitARM/bin/../lib/gcc/arm-none-eabi/16.1.0/../../../../arm-none-eabi/lib/armv6k/fpu\libg.a(libc_a-strtoul.o)
 .text.strtoul  0x0010b318       0x3c C:/devkitPro/devkitARM/bin/../lib/gcc/arm-none-eabi/16.1.0/../../../../arm-none-eabi/lib/armv6k/fpu\libg.a(libc_a-strtoul.o)
                0x0010b318                strtoul
 .text._memalign_r
                0x0010b354      0x16c C:/devkitPro/devkitARM/bin/../lib/gcc/arm-none-eabi/16.1.0/../../../../arm-none-eabi/lib/armv6k/fpu\libg.a(libc_a-malignr.o)
                0x0010b354                _memalign_r
 .text.__errno  0x0010b4c0        0xc C:/devkitPro/devkitARM/bin/../lib/gcc/arm-none-eabi/16.1.0/../../../../arm-none-eabi/lib/armv6k/fpu\libg.a(libc_a-errno.o)
                0x0010b4c0                __errno
 .text.memset   0x0010b4cc       0xe4 C:/devkitPro/devkitARM/bin/../lib/gcc/arm-none-eabi/16.1.0/../../../../arm-none-eabi/lib/armv6k/fpu\libg.a(libc_a-memset.o)
                0x0010b4cc                memset
 .text.__sflush_r
                0x0010b5b0      0x22c C:/devkitPro/devkitARM/bin/../lib/gcc/arm-none-eabi/16.1.0/../../../../arm-none-eabi/lib/armv6k/fpu\libg.a(libc_a-fflush.o)
                0x0010b5b0                __sflush_r
 .text._fflush_r
                0x0010b7dc       0xc4 C:/devkitPro/devkitARM/bin/../lib/gcc/arm-none-eabi/16.1.0/../../../../arm-none-eabi/lib/armv6k/fpu\libg.a(libc_a-fflush.o)
                0x0010b7dc                _fflush_r
 .text._malloc_r
                0x0010b8a0      0x82c C:/devkitPro/devkitARM/bin/../lib/gcc/arm-none-eabi/16.1.0/../../../../arm-none-eabi/lib/armv6k/fpu\libg.a(libc_a-mallocr.o)
                0x0010b8a0                _malloc_r
 .text._malloc_trim_r
                0x0010c0cc      0x114 C:/devkitPro/devkitARM/bin/../lib/gcc/arm-none-eabi/16.1.0/../../../../arm-none-eabi/lib/armv6k/fpu\libg.a(libc_a-freer.o)
                0x0010c0cc                _malloc_trim_r
 .text._free_r  0x0010c1e0      0x314 C:/devkitPro/devkitARM/bin/../lib/gcc/arm-none-eabi/16.1.0/../../../../arm-none-eabi/lib/armv6k/fpu\libg.a(libc_a-freer.o)
                0x0010c1e0                _free_r
 .text.setvbuf  0x0010c4f4      0x294 C:/devkitPro/devkitARM/bin/../lib/gcc/arm-none-eabi/16.1.0/../../../../arm-none-eabi/lib/armv6k/fpu\libg.a(libc_a-setvbuf.o)
                0x0010c4f4                setvbuf
 .text.stdio_exit_handler
                0x0010c788       0x1c C:/devkitPro/devkitARM/bin/../lib/gcc/arm-none-eabi/16.1.0/../../../../arm-none-eabi/lib/armv6k/fpu\libg.a(libc_a-findfp.o)
 .text.cleanup_stdio
                0x0010c7a4       0x5c C:/devkitPro/devkitARM/bin/../lib/gcc/arm-none-eabi/16.1.0/../../../../arm-none-eabi/lib/armv6k/fpu\libg.a(libc_a-findfp.o)
 .text.global_stdio_init.part.0
                0x0010c800      0x154 C:/devkitPro/devkitARM/bin/../lib/gcc/arm-none-eabi/16.1.0/../../../../arm-none-eabi/lib/armv6k/fpu\libg.a(libc_a-findfp.o)
 .text.__sinit  0x0010c954       0x5c C:/devkitPro/devkitARM/bin/../lib/gcc/arm-none-eabi/16.1.0/../../../../arm-none-eabi/lib/armv6k/fpu\libg.a(libc_a-findfp.o)
                0x0010c954                __sinit
 .text.__sfp_lock_acquire
                0x0010c9b0        0xc C:/devkitPro/devkitARM/bin/../lib/gcc/arm-none-eabi/16.1.0/../../../../arm-none-eabi/lib/armv6k/fpu\libg.a(libc_a-findfp.o)
                0x0010c9b0                __sfp_lock_acquire
 .text.__sfp_lock_release
                0x0010c9bc        0xc C:/devkitPro/devkitARM/bin/../lib/gcc/arm-none-eabi/16.1.0/../../../../arm-none-eabi/lib/armv6k/fpu\libg.a(libc_a-findfp.o)
                0x0010c9bc                __sfp_lock_release
 .text.__libc_init_array
                0x0010c9c8       0x84 C:/devkitPro/devkitARM/bin/../lib/gcc/arm-none-eabi/16.1.0/../../../../arm-none-eabi/lib/armv6k/fpu\libg.a(libc_a-init.o)
                0x0010c9c8                __libc_init_array
 .text.strncpy  0x0010ca4c       0xd4 C:/devkitPro/devkitARM/bin/../lib/gcc/arm-none-eabi/16.1.0/../../../../arm-none-eabi/lib/armv6k/fpu\libg.a(libc_a-strncpy.o)
                0x0010ca4c                strncpy
 .text.malloc   0x0010cb20       0x40 C:/devkitPro/devkitARM/bin/../lib/gcc/arm-none-eabi/16.1.0/../../../../arm-none-eabi/lib/armv6k/fpu\libg.a(libc_a-malloc.o)
                0x0010cb20                malloc
 .text.free     0x0010cb60       0x20 C:/devkitPro/devkitARM/bin/../lib/gcc/arm-none-eabi/16.1.0/../../../../arm-none-eabi/lib/armv6k/fpu\libg.a(libc_a-malloc.o)
                0x0010cb60                free
 .text._puts_r  0x0010cb80       0xe0 C:/devkitPro/devkitARM/bin/../lib/gcc/arm-none-eabi/16.1.0/../../../../arm-none-eabi/lib/armv6k/fpu\libg.a(libc_a-puts.o)
                0x0010cb80                _puts_r
 .text.puts     0x0010cc60       0x20 C:/devkitPro/devkitARM/bin/../lib/gcc/arm-none-eabi/16.1.0/../../../../arm-none-eabi/lib/armv6k/fpu\libg.a(libc_a-puts.o)
                0x0010cc60                puts
 .text.__sread  0x0010cc80       0x44 C:/devkitPro/devkitARM/bin/../lib/gcc/arm-none-eabi/16.1.0/../../../../arm-none-eabi/lib/armv6k/fpu\libg.a(libc_a-stdio.o)
                0x0010cc80                __sread
 .text.__swrite
                0x0010ccc4       0x68 C:/devkitPro/devkitARM/bin/../lib/gcc/arm-none-eabi/16.1.0/../../../../arm-none-eabi/lib/armv6k/fpu\libg.a(libc_a-stdio.o)
                0x0010ccc4                __swrite
 .text.__sseek  0x0010cd2c       0x40 C:/devkitPro/devkitARM/bin/../lib/gcc/arm-none-eabi/16.1.0/../../../../arm-none-eabi/lib/armv6k/fpu\libg.a(libc_a-stdio.o)
                0x0010cd2c                __sseek
 .text.__sclose
                0x0010cd6c        0x8 C:/devkitPro/devkitARM/bin/../lib/gcc/arm-none-eabi/16.1.0/../../../../arm-none-eabi/lib/armv6k/fpu\libg.a(libc_a-stdio.o)
                0x0010cd6c                __sclose
 .text.__malloc_lock
                0x0010cd74        0xc C:/devkitPro/devkitARM/bin/../lib/gcc/arm-none-eabi/16.1.0/../../../../arm-none-eabi/lib/armv6k/fpu\libg.a(libc_a-mlock.o)
                0x0010cd74                __malloc_lock
 .text.__malloc_unlock
                0x0010cd80        0xc C:/devkitPro/devkitARM/bin/../lib/gcc/arm-none-eabi/16.1.0/../../../../arm-none-eabi/lib/armv6k/fpu\libg.a(libc_a-mlock.o)
                0x0010cd80                __malloc_unlock
 .text._fclose_r
                0x0010cd8c      0x148 C:/devkitPro/devkitARM/bin/../lib/gcc/arm-none-eabi/16.1.0/../../../../arm-none-eabi/lib/armv6k/fpu\libg.a(libc_a-fclose.o)
                0x0010cd8c                _fclose_r
 .text.__call_exitprocs
                0x0010ced4        0x4 C:/devkitPro/devkitARM/bin/../lib/gcc/arm-none-eabi/16.1.0/../../../../arm-none-eabi/lib/armv6k/fpu\libg.a(libc_a-exit.o)
                0x0010ced4                __call_exitprocs
 .text.exit     0x0010ced8       0x30 C:/devkitPro/devkitARM/bin/../lib/gcc/arm-none-eabi/16.1.0/../../../../arm-none-eabi/lib/armv6k/fpu\libg.a(libc_a-exit.o)
                0x0010ced8                exit
 .text.__libc_fini_array
                0x0010cf08       0x3c C:/devkitPro/devkitARM/bin/../lib/gcc/arm-none-eabi/16.1.0/../../../../arm-none-eabi/lib/armv6k/fpu\libg.a(libc_a-fini.o)
                0x0010cf08                __libc_fini_array
 .text.strnlen  0x0010cf44       0x3c C:/devkitPro/devkitARM/bin/../lib/gcc/arm-none-eabi/16.1.0/../../../../arm-none-eabi/lib/armv6k/fpu\libg.a(libc_a-strnlen.o)
                0x0010cf44                strnlen
 .text.strncmp  0x0010cf80       0xd8 C:/devkitPro/devkitARM/bin/../lib/gcc/arm-none-eabi/16.1.0/../../../../arm-none-eabi/lib/armv6k/fpu\libg.a(libc_a-strncmp.o)
                0x0010cf80                strncmp
 .text._fwalk_sglue
                0x0010d058       0x70 C:/devkitPro/devkitARM/bin/../lib/gcc/arm-none-eabi/16.1.0/../../../../arm-none-eabi/lib/armv6k/fpu\libg.a(libc_a-fwalk.o)
                0x0010d058                _fwalk_sglue
 .text.get_arg  0x0010d0c8      0x5e0 C:/devkitPro/devkitARM/bin/../lib/gcc/arm-none-eabi/16.1.0/../../../../arm-none-eabi/lib/armv6k/fpu\libg.a(libc_a-vfprintf.o)
 .text._vfprintf_r
                0x0010d6a8     0x3554 C:/devkitPro/devkitARM/bin/../lib/gcc/arm-none-eabi/16.1.0/../../../../arm-none-eabi/lib/armv6k/fpu\libg.a(libc_a-vfprintf.o)
                0x0010d6a8                _vfprintf_r
 .text.__sbprintf
                0x00110bfc       0xb4 C:/devkitPro/devkitARM/bin/../lib/gcc/arm-none-eabi/16.1.0/../../../../arm-none-eabi/lib/armv6k/fpu\libg.a(libc_a-vfprintf.o)
 .text._wcrtomb_r
                0x00110cb0       0xa0 C:/devkitPro/devkitARM/bin/../lib/gcc/arm-none-eabi/16.1.0/../../../../arm-none-eabi/lib/armv6k/fpu\libg.a(libc_a-wcrtomb.o)
                0x00110cb0                _wcrtomb_r
 .text.__sfvwrite_r
                0x00110d50      0x4a4 C:/devkitPro/devkitARM/bin/../lib/gcc/arm-none-eabi/16.1.0/../../../../arm-none-eabi/lib/armv6k/fpu\libg.a(libc_a-fvwrite.o)
                0x00110d50                __sfvwrite_r
 .text.__smakebuf_r
                0x001111f4      0x164 C:/devkitPro/devkitARM/bin/../lib/gcc/arm-none-eabi/16.1.0/../../../../arm-none-eabi/lib/armv6k/fpu\libg.a(libc_a-makebuf.o)
                0x001111f4                __smakebuf_r
 .text.__swhatbuf_r
                0x00111358       0x90 C:/devkitPro/devkitARM/bin/../lib/gcc/arm-none-eabi/16.1.0/../../../../arm-none-eabi/lib/armv6k/fpu\libg.a(libc_a-makebuf.o)
                0x00111358                __swhatbuf_r
 .text.__locale_mb_cur_max
                0x001113e8       0x24 C:/devkitPro/devkitARM/bin/../lib/gcc/arm-none-eabi/16.1.0/../../../../arm-none-eabi/lib/armv6k/fpu\libg.a(libc_a-locale.o)
                0x001113e8                __locale_mb_cur_max
 .text.__sprint_r
                0x0011140c       0x30 C:/devkitPro/devkitARM/bin/../lib/gcc/arm-none-eabi/16.1.0/../../../../arm-none-eabi/lib/armv6k/fpu\libg.a(libc_a-sprint_r.o)
                0x0011140c                __sprint_r
 .text.quorem   0x0011143c      0x1c0 C:/devkitPro/devkitARM/bin/../lib/gcc/arm-none-eabi/16.1.0/../../../../arm-none-eabi/lib/armv6k/fpu\libg.a(libc_a-dtoa.o)
 *fill*         0x001115fc        0x4 
 .text._dtoa_r  0x00111600     0x1420 C:/devkitPro/devkitARM/bin/../lib/gcc/arm-none-eabi/16.1.0/../../../../arm-none-eabi/lib/armv6k/fpu\libg.a(libc_a-dtoa.o)
                0x00111600                _dtoa_r
 .text.memchr   0x00112a20       0xe8 C:/devkitPro/devkitARM/bin/../lib/gcc/arm-none-eabi/16.1.0/../../../../arm-none-eabi/lib/armv6k/fpu\libg.a(libc_a-memchr-stub.o)
                0x00112a20                memchr
 .text._wcsrtombs_r
                0x00112b08       0x28 C:/devkitPro/devkitARM/bin/../lib/gcc/arm-none-eabi/16.1.0/../../../../arm-none-eabi/lib/armv6k/fpu\libg.a(libc_a-wcsrtombs.o)
                0x00112b08                _wcsrtombs_r
 .text.__swsetup_r
                0x00112b30      0x140 C:/devkitPro/devkitARM/bin/../lib/gcc/arm-none-eabi/16.1.0/../../../../arm-none-eabi/lib/armv6k/fpu\libg.a(libc_a-wsetup.o)
                0x00112b30                __swsetup_r
 .text._localeconv_r
                0x00112c70       0x24 C:/devkitPro/devkitARM/bin/../lib/gcc/arm-none-eabi/16.1.0/../../../../arm-none-eabi/lib/armv6k/fpu\libg.a(libc_a-localeconv.o)
                0x00112c70                _localeconv_r
 .text.memmove  0x00112c94      0x1a8 C:/devkitPro/devkitARM/bin/../lib/gcc/arm-none-eabi/16.1.0/../../../../arm-none-eabi/lib/armv6k/fpu\libg.a(libc_a-memmove.o)
                0x00112c94                memmove
 .text._realloc_r
                0x00112e3c      0x4f0 C:/devkitPro/devkitARM/bin/../lib/gcc/arm-none-eabi/16.1.0/../../../../arm-none-eabi/lib/armv6k/fpu\libg.a(libc_a-reallocr.o)
                0x00112e3c                _realloc_r
 .text.__utf8_wctomb
                0x0011332c       0xf8 C:/devkitPro/devkitARM/bin/../lib/gcc/arm-none-eabi/16.1.0/../../../../arm-none-eabi/lib/armv6k/fpu\libg.a(libc_a-wctomb_r.o)
                0x0011332c                __utf8_wctomb
 .text._wcsnrtombs_l
                0x00113424      0x15c C:/devkitPro/devkitARM/bin/../lib/gcc/arm-none-eabi/16.1.0/../../../../arm-none-eabi/lib/armv6k/fpu\libg.a(libc_a-wcsnrtombs.o)
                0x00113424                _wcsnrtombs_l
 .text._wcsnrtombs_r
                0x00113580       0x64 C:/devkitPro/devkitARM/bin/../lib/gcc/arm-none-eabi/16.1.0/../../../../arm-none-eabi/lib/armv6k/fpu\libg.a(libc_a-wcsnrtombs.o)
                0x00113580                _wcsnrtombs_r
 *fill*         0x001135e4        0x4 
 .text.frexp    0x001135e8       0x88 C:/devkitPro/devkitARM/bin/../lib/gcc/arm-none-eabi/16.1.0/../../../../arm-none-eabi/lib/armv6k/fpu\libg.a(libm_a-s_frexp.o)
                0x001135e8                frexp
 .text.__assert_func
                0x00113670       0x5c C:/devkitPro/devkitARM/bin/../lib/gcc/arm-none-eabi/16.1.0/../../../../arm-none-eabi/lib/armv6k/fpu\libg.a(libc_a-assert.o)
                0x00113670                __assert_func
 .text._Balloc  0x001136cc       0x88 C:/devkitPro/devkitARM/bin/../lib/gcc/arm-none-eabi/16.1.0/../../../../arm-none-eabi/lib/armv6k/fpu\libg.a(libc_a-mprec.o)
                0x001136cc                _Balloc
 .text._Bfree   0x00113754       0x1c C:/devkitPro/devkitARM/bin/../lib/gcc/arm-none-eabi/16.1.0/../../../../arm-none-eabi/lib/armv6k/fpu\libg.a(libc_a-mprec.o)
                0x00113754                _Bfree
 .text.__multadd
                0x00113770       0xf4 C:/devkitPro/devkitARM/bin/../lib/gcc/arm-none-eabi/16.1.0/../../../../arm-none-eabi/lib/armv6k/fpu\libg.a(libc_a-mprec.o)
                0x00113770                __multadd
 .text.__hi0bits
                0x00113864       0x80 C:/devkitPro/devkitARM/bin/../lib/gcc/arm-none-eabi/16.1.0/../../../../arm-none-eabi/lib/armv6k/fpu\libg.a(libc_a-mprec.o)
                0x00113864                __hi0bits
 .text.__lo0bits
                0x001138e4       0xf0 C:/devkitPro/devkitARM/bin/../lib/gcc/arm-none-eabi/16.1.0/../../../../arm-none-eabi/lib/armv6k/fpu\libg.a(libc_a-mprec.o)
                0x001138e4                __lo0bits
 .text.__i2b    0x001139d4       0xa4 C:/devkitPro/devkitARM/bin/../lib/gcc/arm-none-eabi/16.1.0/../../../../arm-none-eabi/lib/armv6k/fpu\libg.a(libc_a-mprec.o)
                0x001139d4                __i2b
 .text.__multiply
                0x00113a78      0x230 C:/devkitPro/devkitARM/bin/../lib/gcc/arm-none-eabi/16.1.0/../../../../arm-none-eabi/lib/armv6k/fpu\libg.a(libc_a-mprec.o)
                0x00113a78                __multiply
 .text.__pow5mult
                0x00113ca8      0x130 C:/devkitPro/devkitARM/bin/../lib/gcc/arm-none-eabi/16.1.0/../../../../arm-none-eabi/lib/armv6k/fpu\libg.a(libc_a-mprec.o)
                0x00113ca8                __pow5mult
 .text.__lshift
                0x00113dd8      0x138 C:/devkitPro/devkitARM/bin/../lib/gcc/arm-none-eabi/16.1.0/../../../../arm-none-eabi/lib/armv6k/fpu\libg.a(libc_a-mprec.o)
                0x00113dd8                __lshift
 .text.__mcmp   0x00113f10       0x58 C:/devkitPro/devkitARM/bin/../lib/gcc/arm-none-eabi/16.1.0/../../../../arm-none-eabi/lib/armv6k/fpu\libg.a(libc_a-mprec.o)
                0x00113f10                __mcmp
 .text.__mdiff  0x00113f68      0x218 C:/devkitPro/devkitARM/bin/../lib/gcc/arm-none-eabi/16.1.0/../../../../arm-none-eabi/lib/armv6k/fpu\libg.a(libc_a-mprec.o)
                0x00113f68                __mdiff
 .text.__d2b    0x00114180      0x120 C:/devkitPro/devkitARM/bin/../lib/gcc/arm-none-eabi/16.1.0/../../../../arm-none-eabi/lib/armv6k/fpu\libg.a(libc_a-mprec.o)
                0x00114180                __d2b
 .text.__utf8_mbtowc
                0x001142a0      0x340 C:/devkitPro/devkitARM/bin/../lib/gcc/arm-none-eabi/16.1.0/../../../../arm-none-eabi/lib/armv6k/fpu\libg.a(libc_a-mbtowc_r.o)
                0x001142a0                __utf8_mbtowc
 .text.fiprintf
                0x001145e0       0x3c C:/devkitPro/devkitARM/bin/../lib/gcc/arm-none-eabi/16.1.0/../../../../arm-none-eabi/lib/armv6k/fpu\libg.a(libc_a-fiprintf.o)
                0x001145e0                fiprintf
 .text.strchr   0x0011461c      0x140 C:/devkitPro/devkitARM/bin/../lib/gcc/arm-none-eabi/16.1.0/../../../../arm-none-eabi/lib/armv6k/fpu\libg.a(libc_a-strchr.o)
                0x0011461c                strchr
 .text.abort    0x0011475c       0x14 C:/devkitPro/devkitARM/bin/../lib/gcc/arm-none-eabi/16.1.0/../../../../arm-none-eabi/lib/armv6k/fpu\libg.a(libc_a-abort.o)
                0x0011475c                abort
 .text._calloc_r
                0x00114770       0xd8 C:/devkitPro/devkitARM/bin/../lib/gcc/arm-none-eabi/16.1.0/../../../../arm-none-eabi/lib/armv6k/fpu\libg.a(libc_a-callocr.o)
                0x00114770                _calloc_r
 .text.get_arg  0x00114848      0x5e0 C:/devkitPro/devkitARM/bin/../lib/gcc/arm-none-eabi/16.1.0/../../../../arm-none-eabi/lib/armv6k/fpu\libg.a(libc_a-vfiprintf.o)
 .text._vfiprintf_r
                0x00114e28     0x22f8 C:/devkitPro/devkitARM/bin/../lib/gcc/arm-none-eabi/16.1.0/../../../../arm-none-eabi/lib/armv6k/fpu\libg.a(libc_a-vfiprintf.o)
                0x00114e28                _vfiprintf_r
 .text.__sbprintf
                0x00117120       0xb4 C:/devkitPro/devkitARM/bin/../lib/gcc/arm-none-eabi/16.1.0/../../../../arm-none-eabi/lib/armv6k/fpu\libg.a(libc_a-vfiprintf.o)
 .text._raise_r
                0x001171d4       0x9c C:/devkitPro/devkitARM/bin/../lib/gcc/arm-none-eabi/16.1.0/../../../../arm-none-eabi/lib/armv6k/fpu\libg.a(libc_a-signal.o)
                0x001171d4                _raise_r
 .text.raise    0x00117270       0x20 C:/devkitPro/devkitARM/bin/../lib/gcc/arm-none-eabi/16.1.0/../../../../arm-none-eabi/lib/armv6k/fpu\libg.a(libc_a-signal.o)
                0x00117270                raise
 .text._exit    0x00117290       0x20 C:/devkitPro/devkitARM/bin/../lib/gcc/arm-none-eabi/16.1.0/../../../../arm-none-eabi/lib/armv6k/fpu\libsysbase.a(libsysbase_libsysbase_a-_exit.o)
                0x00117290                _exit
 .text.chdir    0x001172b0      0x140 C:/devkitPro/devkitARM/bin/../lib/gcc/arm-none-eabi/16.1.0/../../../../arm-none-eabi/lib/armv6k/fpu\libsysbase.a(libsysbase_libsysbase_a-chdir.o)
                0x001172b0                chdir
 .text._concatenate_path
                0x001173f0      0x1c8 C:/devkitPro/devkitARM/bin/../lib/gcc/arm-none-eabi/16.1.0/../../../../arm-none-eabi/lib/armv6k/fpu\libsysbase.a(libsysbase_libsysbase_a-concatenate.o)
                0x001173f0                _concatenate_path
 .text._fstat_r
                0x001175b8       0x9c C:/devkitPro/devkitARM/bin/../lib/gcc/arm-none-eabi/16.1.0/../../../../arm-none-eabi/lib/armv6k/fpu\libsysbase.a(libsysbase_libsysbase_a-fstat.o)
                0x001175b8                _fstat_r
 .text._getpid_r
                0x00117654       0x14 C:/devkitPro/devkitARM/bin/../lib/gcc/arm-none-eabi/16.1.0/../../../../arm-none-eabi/lib/armv6k/fpu\libsysbase.a(libsysbase_libsysbase_a-getpid.o)
                0x00117654                _getpid_r
 .text.__getreent
                0x00117668       0x2c C:/devkitPro/devkitARM/bin/../lib/gcc/arm-none-eabi/16.1.0/../../../../arm-none-eabi/lib/armv6k/fpu\libsysbase.a(libsysbase_libsysbase_a-getreent.o)
                0x00117668                __getreent
 .text.__get_handle
                0x00117694       0x58 C:/devkitPro/devkitARM/bin/../lib/gcc/arm-none-eabi/16.1.0/../../../../arm-none-eabi/lib/armv6k/fpu\libsysbase.a(libsysbase_libsysbase_a-handle_manager.o)
                0x00117694                __get_handle
 .text._close_r
                0x001176ec      0x110 C:/devkitPro/devkitARM/bin/../lib/gcc/arm-none-eabi/16.1.0/../../../../arm-none-eabi/lib/armv6k/fpu\libsysbase.a(libsysbase_libsysbase_a-handle_manager.o)
                0x001176ec                _close_r
 .text.null_write
                0x001177fc        0x8 C:/devkitPro/devkitARM/bin/../lib/gcc/arm-none-eabi/16.1.0/../../../../arm-none-eabi/lib/armv6k/fpu\libsysbase.a(libsysbase_libsysbase_a-iosupport.o)
 .text.setDefaultDevice
                0x00117804       0x18 C:/devkitPro/devkitARM/bin/../lib/gcc/arm-none-eabi/16.1.0/../../../../arm-none-eabi/lib/armv6k/fpu\libsysbase.a(libsysbase_libsysbase_a-iosupport.o)
                0x00117804                setDefaultDevice
 .text.FindDevice
                0x0011781c       0x98 C:/devkitPro/devkitARM/bin/../lib/gcc/arm-none-eabi/16.1.0/../../../../arm-none-eabi/lib/armv6k/fpu\libsysbase.a(libsysbase_libsysbase_a-iosupport.o)
                0x0011781c                FindDevice
 .text.RemoveDevice
                0x001178b4       0x24 C:/devkitPro/devkitARM/bin/../lib/gcc/arm-none-eabi/16.1.0/../../../../arm-none-eabi/lib/armv6k/fpu\libsysbase.a(libsysbase_libsysbase_a-iosupport.o)
                0x001178b4                RemoveDevice
 .text.AddDevice
                0x001178d8       0x88 C:/devkitPro/devkitARM/bin/../lib/gcc/arm-none-eabi/16.1.0/../../../../arm-none-eabi/lib/armv6k/fpu\libsysbase.a(libsysbase_libsysbase_a-iosupport.o)
                0x001178d8                AddDevice
 .text.GetDeviceOpTab
                0x00117960       0x20 C:/devkitPro/devkitARM/bin/../lib/gcc/arm-none-eabi/16.1.0/../../../../arm-none-eabi/lib/armv6k/fpu\libsysbase.a(libsysbase_libsysbase_a-iosupport.o)
                0x00117960                GetDeviceOpTab
 .text._isatty_r
                0x00117980        0x8 C:/devkitPro/devkitARM/bin/../lib/gcc/arm-none-eabi/16.1.0/../../../../arm-none-eabi/lib/armv6k/fpu\libsysbase.a(libsysbase_libsysbase_a-isatty.o)
                0x00117980                _isatty_r
 .text._kill_r  0x00117988       0x14 C:/devkitPro/devkitARM/bin/../lib/gcc/arm-none-eabi/16.1.0/../../../../arm-none-eabi/lib/armv6k/fpu\libsysbase.a(libsysbase_libsysbase_a-kill.o)
                0x00117988                _kill_r
 .text._lseek_r
                0x0011799c       0x94 C:/devkitPro/devkitARM/bin/../lib/gcc/arm-none-eabi/16.1.0/../../../../arm-none-eabi/lib/armv6k/fpu\libsysbase.a(libsysbase_libsysbase_a-lseek.o)
                0x0011799c                _lseek_r
 .text._read_r  0x00117a30       0x94 C:/devkitPro/devkitARM/bin/../lib/gcc/arm-none-eabi/16.1.0/../../../../arm-none-eabi/lib/armv6k/fpu\libsysbase.a(libsysbase_libsysbase_a-read.o)
                0x00117a30                _read_r
 .text._sbrk_r  0x00117ac4       0x78 C:/devkitPro/devkitARM/bin/../lib/gcc/arm-none-eabi/16.1.0/../../../../arm-none-eabi/lib/armv6k/fpu\libsysbase.a(libsysbase_libsysbase_a-sbrk.o)
                0x00117ac4                _sbrk_r
 .text.__libc_lock_acquire
                0x00117b3c       0x1c C:/devkitPro/devkitARM/bin/../lib/gcc/arm-none-eabi/16.1.0/../../../../arm-none-eabi/lib/armv6k/fpu\libsysbase.a(libsysbase_libsysbase_a-syscall_support.o)
                0x00117b3c                __libc_lock_acquire
 .text.__libc_lock_release
                0x00117b58       0x1c C:/devkitPro/devkitARM/bin/../lib/gcc/arm-none-eabi/16.1.0/../../../../arm-none-eabi/lib/armv6k/fpu\libsysbase.a(libsysbase_libsysbase_a-syscall_support.o)
                0x00117b58                __libc_lock_release
 .text.__libc_lock_acquire_recursive
                0x00117b74       0x1c C:/devkitPro/devkitARM/bin/../lib/gcc/arm-none-eabi/16.1.0/../../../../arm-none-eabi/lib/armv6k/fpu\libsysbase.a(libsysbase_libsysbase_a-syscall_support.o)
                0x00117b74                __libc_lock_acquire_recursive
 .text.__libc_lock_release_recursive
                0x00117b90       0x1c C:/devkitPro/devkitARM/bin/../lib/gcc/arm-none-eabi/16.1.0/../../../../arm-none-eabi/lib/armv6k/fpu\libsysbase.a(libsysbase_libsysbase_a-syscall_support.o)
                0x00117b90                __libc_lock_release_recursive
 .text._write_r
                0x00117bac       0x94 C:/devkitPro/devkitARM/bin/../lib/gcc/arm-none-eabi/16.1.0/../../../../arm-none-eabi/lib/armv6k/fpu\libsysbase.a(libsysbase_libsysbase_a-write.o)
                0x00117bac                _write_r
 .text.strrchr  0x00117c40       0x48 C:/devkitPro/devkitARM/bin/../lib/gcc/arm-none-eabi/16.1.0/../../../../arm-none-eabi/lib/armv6k/fpu\libg.a(libc_a-strrchr.o)
                0x00117c40                strrchr
 *(.glue_7)
 .glue_7        0x00117c88        0x0 linker stubs
 *(.glue_7t)
 .glue_7t       0x00117c88        0x0 linker stubs
 *(.stub)
 *(.gnu.warning)
 *(.gnu.linkonce.t*)
                0x00117c88                        . = ALIGN (0x4)
 *(.fini)
 .fini          0x00117c88        0xc C:/devkitPro/devkitARM/bin/../lib/gcc/arm-none-eabi/16.1.0/armv6k/fpu/crti.o
                0x00117c88                _fini
 .fini          0x00117c94        0xc C:/devkitPro/devkitARM/bin/../lib/gcc/arm-none-eabi/16.1.0/armv6k/fpu/crtn.o
                0x00117ca0                        . = ALIGN (0x4)

.vfp11_veneer   0x00117ca0        0x0
 .vfp11_veneer  0x00117ca0        0x0 linker stubs

.v4_bx          0x00117ca0        0x0
 .v4_bx         0x00117ca0        0x0 linker stubs

.iplt           0x00117ca0        0x0
 .iplt          0x00117ca0        0x0 C:/devkitPro/devkitARM/bin/../lib/gcc/arm-none-eabi/16.1.0/../../../../arm-none-eabi/lib/armv6k/fpu/3dsx_crt0.o
                0x00118000                        . = ALIGN (0x1000)

.rodata         0x00118000     0x1d28
 *(.rodata)
 .rodata        0x00118000       0x30 main.o
 .rodata        0x00118030        0xc C:/devkitPro/libctru/lib\libctru.a(archive_dev.o)
 *(.roda)
 *(.rodata.*)
 .rodata.str1.4
                0x0011803c      0xa0d main.o
                                0x7f8 (size before relaxing)
 *fill*         0x00118a49        0x3 
 .rodata.cst32  0x00118a4c       0x20 main.o
 .rodata.consolePrintChar
                0x00118a6c        0x6 C:/devkitPro/libctru/lib\libctru.a(console.o)
 .rodata.con_write
                0x00118a72      0x23c C:/devkitPro/libctru/lib\libctru.a(console.o)
 .rodata.str1.4
                0x00118cae        0x0 C:/devkitPro/libctru/lib\libctru.a(console.o)
                                 0x10 (size before relaxing)
 *fill*         0x00118cae        0x2 
 .rodata.dotab_stdout
                0x00118cb0       0x80 C:/devkitPro/libctru/lib\libctru.a(console.o)
 .rodata.grayScale
                0x00118d30       0x18 C:/devkitPro/libctru/lib\libctru.a(console.o)
 .rodata.colorCube
                0x00118d48        0x6 C:/devkitPro/libctru/lib\libctru.a(console.o)
 *fill*         0x00118d4e        0x2 
 .rodata.colorTable
                0x00118d50       0x30 C:/devkitPro/libctru/lib\libctru.a(console.o)
 .rodata.aptEventHandler
                0x00118d80        0xb C:/devkitPro/libctru/lib\libctru.a(apt.o)
 .rodata.aptWaitForWakeUp.isra.0
                0x00118d8b       0x11 C:/devkitPro/libctru/lib\libctru.a(apt.o)
 .rodata.morton_y.2
                0x00118d9c        0x8 C:/devkitPro/libctru/lib\libctru.a(apt.o)
 .rodata.morton_x.3
                0x00118da4        0x8 C:/devkitPro/libctru/lib\libctru.a(apt.o)
 .rodata.s_sleepWakeEvents.4
                0x00118dac        0x8 C:/devkitPro/libctru/lib\libctru.a(apt.o)
 .rodata.str1.4
                0x00118db4        0x0 C:/devkitPro/libctru/lib\libctru.a(apt.o)
                                 0x16 (size before relaxing)
 .rodata.serviceNameTable.5
                0x00118db4        0xc C:/devkitPro/libctru/lib\libctru.a(apt.o)
 .rodata.gspInit.str1.4
                0x00118dc0        0x0 C:/devkitPro/libctru/lib\libctru.a(gspgpu.o)
                                  0x9 (size before relaxing)
 .rodata.hidInit.str1.4
                0x00118dc0        0x0 C:/devkitPro/libctru/lib\libctru.a(hid.o)
                                 0x15 (size before relaxing)
 .rodata.irrstInit.str1.4
                0x00118dc0        0x0 C:/devkitPro/libctru/lib\libctru.a(irrst.o)
                                  0x7 (size before relaxing)
 .rodata.__system_initArgv.str1.4
                0x00118dc0        0x0 C:/devkitPro/libctru/lib\libctru.a(initArgv.o)
                                  0xa (size before relaxing)
 .rodata.default_font_bin
                0x00118dc0      0x800 C:/devkitPro/libctru/lib\libctru.a(default_font.bin.o)
                0x00118dc0                default_font_bin
                0x001195c0                default_font_bin_end
 .rodata.srvInit.str1.4
                0x001195c0        0x0 C:/devkitPro/libctru/lib\libctru.a(srv.o)
                                  0x5 (size before relaxing)
 .rodata.ptmSysmInit.str1.4
                0x001195c0        0x0 C:/devkitPro/libctru/lib\libctru.a(ptmsysm.o)
                                  0x9 (size before relaxing)
 .rodata.archive_utf16path.str1.4
                0x001195c0        0x0 C:/devkitPro/libctru/lib\libctru.a(archive_dev.o)
                                  0x2 (size before relaxing)
 .rodata._archiveUnmountDeviceStruct.part.0.str1.4
                0x001195c0        0x0 C:/devkitPro/libctru/lib\libctru.a(archive_dev.o)
                                  0x2 (size before relaxing)
 .rodata._archiveMountDevice.str1.4
                0x001195c0        0x0 C:/devkitPro/libctru/lib\libctru.a(archive_dev.o)
                                  0xc (size before relaxing)
 .rodata.archiveMountSdmc.str1.4
                0x001195c0        0x0 C:/devkitPro/libctru/lib\libctru.a(archive_dev.o)
                                  0x5 (size before relaxing)
 .rodata.error_table
                0x001195c0       0x30 C:/devkitPro/libctru/lib\libctru.a(archive_dev.o)
 .rodata.str1.4
                0x001195f0        0x0 C:/devkitPro/libctru/lib\libctru.a(archive_dev.o)
                                  0x8 (size before relaxing)
 .rodata.archive_devoptab
                0x001195f0       0x80 C:/devkitPro/libctru/lib\libctru.a(archive_dev.o)
 .rodata.fsInit.str1.4
                0x00119670        0x0 C:/devkitPro/libctru/lib\libctru.a(fs.o)
                                  0x8 (size before relaxing)
 .rodata._puts_r.str1.4
                0x00119670        0x0 C:/devkitPro/devkitARM/bin/../lib/gcc/arm-none-eabi/16.1.0/../../../../arm-none-eabi/lib/armv6k/fpu\libg.a(libc_a-puts.o)
                                  0x2 (size before relaxing)
 .rodata._ctype_
                0x00119670      0x101 C:/devkitPro/devkitARM/bin/../lib/gcc/arm-none-eabi/16.1.0/../../../../arm-none-eabi/lib/armv6k/fpu\libg.a(libc_a-ctype_.o)
                0x00119670                _ctype_
 *fill*         0x00119771        0x1 
 .rodata.get_arg
                0x00119772       0x34 C:/devkitPro/devkitARM/bin/../lib/gcc/arm-none-eabi/16.1.0/../../../../arm-none-eabi/lib/armv6k/fpu\libg.a(libc_a-vfprintf.o)
 .rodata._vfprintf_r.str1.1
                0x001197a6       0x3b C:/devkitPro/devkitARM/bin/../lib/gcc/arm-none-eabi/16.1.0/../../../../arm-none-eabi/lib/armv6k/fpu\libg.a(libc_a-vfprintf.o)
 *fill*         0x001197e1        0x1 
 .rodata._vfprintf_r
                0x001197e2       0xb6 C:/devkitPro/devkitARM/bin/../lib/gcc/arm-none-eabi/16.1.0/../../../../arm-none-eabi/lib/armv6k/fpu\libg.a(libc_a-vfprintf.o)
 .rodata.zeroes.0
                0x00119898       0x10 C:/devkitPro/devkitARM/bin/../lib/gcc/arm-none-eabi/16.1.0/../../../../arm-none-eabi/lib/armv6k/fpu\libg.a(libc_a-vfprintf.o)
 .rodata.blanks.1
                0x001198a8       0x10 C:/devkitPro/devkitARM/bin/../lib/gcc/arm-none-eabi/16.1.0/../../../../arm-none-eabi/lib/armv6k/fpu\libg.a(libc_a-vfprintf.o)
 .rodata.__action_table
                0x001198b8       0x6c C:/devkitPro/devkitARM/bin/../lib/gcc/arm-none-eabi/16.1.0/../../../../arm-none-eabi/lib/armv6k/fpu\libg.a(libc_a-svfiprintf.o)
                0x001198b8                __action_table
 .rodata.__state_table
                0x00119924       0x6c C:/devkitPro/devkitARM/bin/../lib/gcc/arm-none-eabi/16.1.0/../../../../arm-none-eabi/lib/armv6k/fpu\libg.a(libc_a-svfiprintf.o)
                0x00119924                __state_table
 .rodata.__chclass
                0x00119990      0x100 C:/devkitPro/devkitARM/bin/../lib/gcc/arm-none-eabi/16.1.0/../../../../arm-none-eabi/lib/armv6k/fpu\libg.a(libc_a-svfiprintf.o)
                0x00119990                __chclass
 .rodata.str1.4
                0x00119a90        0x0 C:/devkitPro/devkitARM/bin/../lib/gcc/arm-none-eabi/16.1.0/../../../../arm-none-eabi/lib/armv6k/fpu\libg.a(libc_a-locale.o)
                                 0x4c (size before relaxing)
 .rodata._dtoa_r.str1.4
                0x00119a90        0x0 C:/devkitPro/devkitARM/bin/../lib/gcc/arm-none-eabi/16.1.0/../../../../arm-none-eabi/lib/armv6k/fpu\libg.a(libc_a-dtoa.o)
                                 0x9c (size before relaxing)
 .rodata._dtoa_r
                0x00119a90        0x8 C:/devkitPro/devkitARM/bin/../lib/gcc/arm-none-eabi/16.1.0/../../../../arm-none-eabi/lib/armv6k/fpu\libg.a(libc_a-dtoa.o)
 .rodata.__assert_func.str1.4
                0x00119a98        0x0 C:/devkitPro/devkitARM/bin/../lib/gcc/arm-none-eabi/16.1.0/../../../../arm-none-eabi/lib/armv6k/fpu\libg.a(libc_a-assert.o)
                                 0x43 (size before relaxing)
 .rodata.__multadd.str1.4
                0x00119a98        0x0 C:/devkitPro/devkitARM/bin/../lib/gcc/arm-none-eabi/16.1.0/../../../../arm-none-eabi/lib/armv6k/fpu\libg.a(libc_a-mprec.o)
                                 0x89 (size before relaxing)
 .rodata.p05.0  0x00119a98        0xc C:/devkitPro/devkitARM/bin/../lib/gcc/arm-none-eabi/16.1.0/../../../../arm-none-eabi/lib/armv6k/fpu\libg.a(libc_a-mprec.o)
 *fill*         0x00119aa4        0x4 
 .rodata.__mprec_bigtens
                0x00119aa8       0x28 C:/devkitPro/devkitARM/bin/../lib/gcc/arm-none-eabi/16.1.0/../../../../arm-none-eabi/lib/armv6k/fpu\libg.a(libc_a-mprec.o)
                0x00119aa8                __mprec_bigtens
 .rodata.__mprec_tens
                0x00119ad0       0xc8 C:/devkitPro/devkitARM/bin/../lib/gcc/arm-none-eabi/16.1.0/../../../../arm-none-eabi/lib/armv6k/fpu\libg.a(libc_a-mprec.o)
                0x00119ad0                __mprec_tens
 .rodata.get_arg
                0x00119b98       0x34 C:/devkitPro/devkitARM/bin/../lib/gcc/arm-none-eabi/16.1.0/../../../../arm-none-eabi/lib/armv6k/fpu\libg.a(libc_a-vfiprintf.o)
 .rodata._vfiprintf_r.str1.1
                0x00119bcc        0x0 C:/devkitPro/devkitARM/bin/../lib/gcc/arm-none-eabi/16.1.0/../../../../arm-none-eabi/lib/armv6k/fpu\libg.a(libc_a-vfiprintf.o)
                                 0x29 (size before relaxing)
 .rodata._vfiprintf_r
                0x00119bcc       0xb6 C:/devkitPro/devkitARM/bin/../lib/gcc/arm-none-eabi/16.1.0/../../../../arm-none-eabi/lib/armv6k/fpu\libg.a(libc_a-vfiprintf.o)
 *fill*         0x00119c82        0x2 
 .rodata.zeroes.0
                0x00119c84       0x10 C:/devkitPro/devkitARM/bin/../lib/gcc/arm-none-eabi/16.1.0/../../../../arm-none-eabi/lib/armv6k/fpu\libg.a(libc_a-vfiprintf.o)
 .rodata.blanks.1
                0x00119c94       0x10 C:/devkitPro/devkitARM/bin/../lib/gcc/arm-none-eabi/16.1.0/../../../../arm-none-eabi/lib/armv6k/fpu\libg.a(libc_a-vfiprintf.o)
 .rodata.str1.4
                0x00119ca4        0x0 C:/devkitPro/devkitARM/bin/../lib/gcc/arm-none-eabi/16.1.0/../../../../arm-none-eabi/lib/armv6k/fpu\libsysbase.a(libsysbase_libsysbase_a-iosupport.o)
                                  0x8 (size before relaxing)
 .rodata.dotab_stdnull
                0x00119ca4       0x80 C:/devkitPro/devkitARM/bin/../lib/gcc/arm-none-eabi/16.1.0/../../../../arm-none-eabi/lib/armv6k/fpu\libsysbase.a(libsysbase_libsysbase_a-iosupport.o)
                0x00119ca4                dotab_stdnull
 *all.rodata*(*)
 *(.gnu.linkonce.r*)
                0x00119d24                        . = ALIGN (0x4)
                0x00119d24                        __tdata_align = .
                0x00119d24        0x4 LONG 0x4 ALIGNOF (.tdata)
                0x00119d28                        . = ALIGN (0x4)

.eh_frame       0x00119d28        0x0
 .eh_frame      0x00119d28        0x0 C:/devkitPro/devkitARM/bin/../lib/gcc/arm-none-eabi/16.1.0/armv6k/fpu/crtbegin.o

.rel.dyn        0x00119d28        0x0
 .rel.iplt      0x00119d28        0x0 C:/devkitPro/devkitARM/bin/../lib/gcc/arm-none-eabi/16.1.0/../../../../arm-none-eabi/lib/armv6k/fpu/3dsx_crt0.o
 .rel.got       0x00119d28        0x0 C:/devkitPro/devkitARM/bin/../lib/gcc/arm-none-eabi/16.1.0/../../../../arm-none-eabi/lib/armv6k/fpu/3dsx_crt0.o

.ARM.extab
 *(.ARM.extab* .gnu.linkonce.armextab.*)
                0x00119d28                        __exidx_start = .

.ARM.exidx
 *(.ARM.exidx* .gnu.linkonce.armexidx.*)
                0x00119d28                        __exidx_end = .
                0x0011a000                        . = ALIGN (0x1000)

.data           0x0011a000     0x1d8c
 *(.data)
 *(.data.*)
 .data.firstConsoleInit.0
                0x0011a000        0x1 C:/devkitPro/libctru/lib\libctru.a(console.o)
 *fill*         0x0011a001        0x3 
 .data.currentConsole
                0x0011a004        0x4 C:/devkitPro/libctru/lib\libctru.a(console.o)
                0x0011a004                currentConsole
 .data.defaultConsole
                0x0011a008       0x48 C:/devkitPro/libctru/lib\libctru.a(console.o)
                0x0011a008                defaultConsole
 .data.aptChainloadDeliverArgSize
                0x0011a050        0x4 C:/devkitPro/libctru/lib\libctru.a(apt.o)
 .data.kCount   0x0011a054        0x4 C:/devkitPro/libctru/lib\libctru.a(hid.o)
 .data.kInterval
                0x0011a058        0x4 C:/devkitPro/libctru/lib\libctru.a(hid.o)
 .data.kDelay   0x0011a05c        0x4 C:/devkitPro/libctru/lib\libctru.a(hid.o)
 .data.__stacksize__
                0x0011a060        0x4 C:/devkitPro/libctru/lib\libctru.a(stack_adjust.o)
                0x0011a060                __stacksize__
 .data._impure_ptr
                0x0011a064        0x4 C:/devkitPro/devkitARM/bin/../lib/gcc/arm-none-eabi/16.1.0/../../../../arm-none-eabi/lib/armv6k/fpu\libg.a(libc_a-impure.o)
                0x0011a064                _impure_ptr
 .data._impure_data
                0x0011a068      0x200 C:/devkitPro/devkitARM/bin/../lib/gcc/arm-none-eabi/16.1.0/../../../../arm-none-eabi/lib/armv6k/fpu\libg.a(libc_a-impure.o)
                0x0011a068                _impure_data
 .data.__malloc_sbrk_base
                0x0011a268        0x4 C:/devkitPro/devkitARM/bin/../lib/gcc/arm-none-eabi/16.1.0/../../../../arm-none-eabi/lib/armv6k/fpu\libg.a(libc_a-mallocr.o)
                0x0011a268                __malloc_sbrk_base
 .data.__malloc_trim_threshold
                0x0011a26c        0x4 C:/devkitPro/devkitARM/bin/../lib/gcc/arm-none-eabi/16.1.0/../../../../arm-none-eabi/lib/armv6k/fpu\libg.a(libc_a-mallocr.o)
                0x0011a26c                __malloc_trim_threshold
 .data.__malloc_av_
                0x0011a270      0x408 C:/devkitPro/devkitARM/bin/../lib/gcc/arm-none-eabi/16.1.0/../../../../arm-none-eabi/lib/armv6k/fpu\libg.a(libc_a-mallocr.o)
                0x0011a270                __malloc_av_
 .data.__sglue  0x0011a678        0xc C:/devkitPro/devkitARM/bin/../lib/gcc/arm-none-eabi/16.1.0/../../../../arm-none-eabi/lib/armv6k/fpu\libg.a(libc_a-findfp.o)
                0x0011a678                __sglue
 .data.__global_locale
                0x0011a684      0x254 C:/devkitPro/devkitARM/bin/../lib/gcc/arm-none-eabi/16.1.0/../../../../arm-none-eabi/lib/armv6k/fpu\libg.a(libc_a-locale.o)
                0x0011a684                __global_locale
 .data._current_working_directory
                0x0011a8d8      0x400 C:/devkitPro/devkitARM/bin/../lib/gcc/arm-none-eabi/16.1.0/../../../../arm-none-eabi/lib/armv6k/fpu\libsysbase.a(libsysbase_libsysbase_a-chdir.o)
 .data.handles  0x0011acd8     0x1000 C:/devkitPro/devkitARM/bin/../lib/gcc/arm-none-eabi/16.1.0/../../../../arm-none-eabi/lib/armv6k/fpu\libsysbase.a(libsysbase_libsysbase_a-handle_manager.o)
 .data.__stderr_handle
                0x0011bcd8        0xc C:/devkitPro/devkitARM/bin/../lib/gcc/arm-none-eabi/16.1.0/../../../../arm-none-eabi/lib/armv6k/fpu\libsysbase.a(libsysbase_libsysbase_a-handle_manager.o)
 .data.__stdout_handle
                0x0011bce4        0xc C:/devkitPro/devkitARM/bin/../lib/gcc/arm-none-eabi/16.1.0/../../../../arm-none-eabi/lib/armv6k/fpu\libsysbase.a(libsysbase_libsysbase_a-handle_manager.o)
 .data.__stdin_handle
                0x0011bcf0        0xc C:/devkitPro/devkitARM/bin/../lib/gcc/arm-none-eabi/16.1.0/../../../../arm-none-eabi/lib/armv6k/fpu\libsysbase.a(libsysbase_libsysbase_a-handle_manager.o)
 .data.devoptab_list
                0x0011bcfc       0x8c C:/devkitPro/devkitARM/bin/../lib/gcc/arm-none-eabi/16.1.0/../../../../arm-none-eabi/lib/armv6k/fpu\libsysbase.a(libsysbase_libsysbase_a-iosupport.o)
                0x0011bcfc                devoptab_list
 .data.defaultDevice
                0x0011bd88        0x4 C:/devkitPro/devkitARM/bin/../lib/gcc/arm-none-eabi/16.1.0/../../../../arm-none-eabi/lib/armv6k/fpu\libsysbase.a(libsysbase_libsysbase_a-iosupport.o)
 *(.gnu.linkonce.d*)
                0x0011bd8c                        . = ALIGN (0x4)

.igot.plt       0x0011bd8c        0x0
 .igot.plt      0x0011bd8c        0x0 C:/devkitPro/devkitARM/bin/../lib/gcc/arm-none-eabi/16.1.0/../../../../arm-none-eabi/lib/armv6k/fpu/3dsx_crt0.o

.got            0x0011bd8c        0x8
 .got           0x0011bd8c        0x8 C:/devkitPro/devkitARM/bin/../lib/gcc/arm-none-eabi/16.1.0/../../../../arm-none-eabi/lib/armv6k/fpu/3dsx_crt0.o

.got.plt        0x0011bd94        0xc
 .got.plt       0x0011bd94        0xc C:/devkitPro/devkitARM/bin/../lib/gcc/arm-none-eabi/16.1.0/../../../../arm-none-eabi/lib/armv6k/fpu/3dsx_crt0.o
                0x0011bd94                _GLOBAL_OFFSET_TABLE_

.tdata          0x0011bda0        0x0
                0x0011bda0                        __tdata_lma = .
 *(.tdata)
 *(.tdata.*)
 *(.gnu.linkonce.td.*)
                0x0011bda0                        . = ALIGN (0x4)
                0x0011bda0                        __tdata_lma_end = .

.tbss           0x0011bda0      0xc08
 *(.tbss)
 *(.tbss.*)
 .tbss.__ctru_dev_utf16_buf
                0x0011bda0      0x802 C:/devkitPro/libctru/lib\libctru.a(path_buf.o)
                0x0011bda0                __ctru_dev_utf16_buf
 *fill*         0x0011c5a2        0x2 
 .tbss.__ctru_dev_path_buf
                0x0011c5a4      0x401 C:/devkitPro/libctru/lib\libctru.a(path_buf.o)
                0x0011c5a4                __ctru_dev_path_buf
 *(.gnu.linkonce.tb.*)
 *(.tcommon)
                0x0011c9a8                        . = ALIGN (0x4)
 *fill*         0x0011c9a5        0x3 

.preinit_array  0x0011bda0        0x0
                0x0011bda0                        PROVIDE (__preinit_array_start = .)
 *(.preinit_array)
                0x0011bda0                        PROVIDE (__preinit_array_end = .)

.init_array     0x0011bda0        0x4
                0x0011bda0                        PROVIDE (__init_array_start = .)
 *(SORT_BY_NAME(.init_array.*))
 *(.init_array)
 .init_array    0x0011bda0        0x4 C:/devkitPro/devkitARM/bin/../lib/gcc/arm-none-eabi/16.1.0/armv6k/fpu/crtbegin.o
                0x0011bda4                        PROVIDE (__init_array_end = .)

.fini_array     0x0011bda4        0x4
                0x0011bda4                        PROVIDE (__fini_array_start = .)
 *(.fini_array)
 .fini_array    0x0011bda4        0x4 C:/devkitPro/devkitARM/bin/../lib/gcc/arm-none-eabi/16.1.0/armv6k/fpu/crtbegin.o
 *(SORT_BY_NAME(.fini_array.*))
                0x0011bda8                        PROVIDE (__fini_array_end = .)

.ctors
 *crtbegin.o(.ctors)
 *(EXCLUDE_FILE(*crtend.o) .ctors)
 *(SORT_BY_NAME(.ctors.*))
 *(.ctors)

.dtors
 *crtbegin.o(.dtors)
 *(EXCLUDE_FILE(*crtend.o) .dtors)
 *(SORT_BY_NAME(.dtors.*))
 *(.dtors)
                0x0011bda8                        __bss_start__ = .

.bss            0x0011bda8     0x2e28
 *(.dynbss)
 *(.bss)
 .bss           0x0011bda8        0x5 main.o
 *(.bss.*)
 .bss.completed.1
                0x0011bdad        0x1 C:/devkitPro/devkitARM/bin/../lib/gcc/arm-none-eabi/16.1.0/armv6k/fpu/crtbegin.o
 *fill*         0x0011bdae        0x2 
 .bss.object.0  0x0011bdb0       0x18 C:/devkitPro/devkitARM/bin/../lib/gcc/arm-none-eabi/16.1.0/armv6k/fpu/crtbegin.o
 .bss.escapeSeq
                0x0011bdc8       0x64 C:/devkitPro/libctru/lib\libctru.a(console.o)
 .bss.currentCopy
                0x0011be2c       0x48 C:/devkitPro/libctru/lib\libctru.a(console.o)
                0x0011be2c                currentCopy
 .bss.screenAlloc
                0x0011be74        0x4 C:/devkitPro/libctru/lib\libctru.a(gfx.o)
 .bss.screenFree
                0x0011be78        0x4 C:/devkitPro/libctru/lib\libctru.a(gfx.o)
 .bss.gfxIsDoubleBuf
                0x0011be7c        0x2 C:/devkitPro/libctru/lib\libctru.a(gfx.o)
 *fill*         0x0011be7e        0x2 
 .bss.gfxCurBuf
                0x0011be80        0x2 C:/devkitPro/libctru/lib\libctru.a(gfx.o)
 .bss.gfxIsVram
                0x0011be82        0x1 C:/devkitPro/libctru/lib\libctru.a(gfx.o)
 .bss.gfxTopMode
                0x0011be83        0x1 C:/devkitPro/libctru/lib\libctru.a(gfx.o)
 .bss.gfxFramebufferFormats
                0x0011be84        0x2 C:/devkitPro/libctru/lib\libctru.a(gfx.o)
 *fill*         0x0011be86        0x2 
 .bss.gfxBottomFramebufferMaxSize
                0x0011be88        0x4 C:/devkitPro/libctru/lib\libctru.a(gfx.o)
 .bss.gfxTopFramebufferMaxSize
                0x0011be8c        0x4 C:/devkitPro/libctru/lib\libctru.a(gfx.o)
 .bss.gfxBottomFramebuffers
                0x0011be90        0x8 C:/devkitPro/libctru/lib\libctru.a(gfx.o)
 .bss.gfxTopFramebuffers
                0x0011be98        0x8 C:/devkitPro/libctru/lib\libctru.a(gfx.o)
 .bss.flagValue.0
                0x0011bea0        0x1 C:/devkitPro/libctru/lib\libctru.a(apt.o)
 .bss.flagInit.1
                0x0011bea1        0x1 C:/devkitPro/libctru/lib\libctru.a(apt.o)
 *fill*         0x0011bea2        0x2 
 .bss.serviceName.6
                0x0011bea4        0x4 C:/devkitPro/libctru/lib\libctru.a(apt.o)
 .bss.aptChainloadFlags
                0x0011bea8        0x1 C:/devkitPro/libctru/lib\libctru.a(apt.o)
 .bss.aptChainloadMediatype
                0x0011bea9        0x1 C:/devkitPro/libctru/lib\libctru.a(apt.o)
 *fill*         0x0011beaa        0x2 
 .bss.aptChainloadHmac
                0x0011beac       0x20 C:/devkitPro/libctru/lib\libctru.a(apt.o)
 .bss.aptChainloadDeliverArg
                0x0011becc      0x300 C:/devkitPro/libctru/lib\libctru.a(apt.o)
 *fill*         0x0011c1cc        0x4 
 .bss.aptChainloadTid
                0x0011c1d0        0x8 C:/devkitPro/libctru/lib\libctru.a(apt.o)
 .bss.aptParameters
                0x0011c1d8     0x1000 C:/devkitPro/libctru/lib\libctru.a(apt.o)
 .bss.aptFlags  0x0011d1d8        0x4 C:/devkitPro/libctru/lib\libctru.a(apt.o)
 .bss.aptHomeButtonState
                0x0011d1dc        0x1 C:/devkitPro/libctru/lib\libctru.a(apt.o)
 *fill*         0x0011d1dd        0x3 
 .bss.aptMessageFuncData
                0x0011d1e0        0x4 C:/devkitPro/libctru/lib\libctru.a(apt.o)
 .bss.aptMessageFunc
                0x0011d1e4        0x4 C:/devkitPro/libctru/lib\libctru.a(apt.o)
 .bss.aptFirstHook
                0x0011d1e8        0xc C:/devkitPro/libctru/lib\libctru.a(apt.o)
 .bss.aptEventHandlerThreadQuit
                0x0011d1f4        0x1 C:/devkitPro/libctru/lib\libctru.a(apt.o)
 *fill*         0x0011d1f5        0x3 
 .bss.aptEventHandlerThread
                0x0011d1f8        0x4 C:/devkitPro/libctru/lib\libctru.a(apt.o)
 .bss.aptSleepEvent
                0x0011d1fc        0x8 C:/devkitPro/libctru/lib\libctru.a(apt.o)
 .bss.aptReceiveEvent
                0x0011d204        0x8 C:/devkitPro/libctru/lib\libctru.a(apt.o)
 .bss.aptEvents
                0x0011d20c        0x8 C:/devkitPro/libctru/lib\libctru.a(apt.o)
 .bss.aptLockHandle
                0x0011d214        0x4 C:/devkitPro/libctru/lib\libctru.a(apt.o)
 .bss.aptRefCount
                0x0011d218        0x4 C:/devkitPro/libctru/lib\libctru.a(apt.o)
 .bss.gspEventCbOneShot
                0x0011d21c        0x7 C:/devkitPro/libctru/lib\libctru.a(gspgpu.o)
 *fill*         0x0011d223        0x1 
 .bss.gspEventCbData
                0x0011d224       0x1c C:/devkitPro/libctru/lib\libctru.a(gspgpu.o)
 .bss.gspEventCb
                0x0011d240       0x1c C:/devkitPro/libctru/lib\libctru.a(gspgpu.o)
 .bss.gspEvents
                0x0011d25c       0x38 C:/devkitPro/libctru/lib\libctru.a(gspgpu.o)
 .bss.gspLastEvent
                0x0011d294        0x4 C:/devkitPro/libctru/lib\libctru.a(gspgpu.o)
 .bss.gspRunEvents
                0x0011d298        0x1 C:/devkitPro/libctru/lib\libctru.a(gspgpu.o)
 *fill*         0x0011d299        0x3 
 .bss.gspEventThread
                0x0011d29c        0x4 C:/devkitPro/libctru/lib\libctru.a(gspgpu.o)
 .bss.gspEvent  0x0011d2a0        0x4 C:/devkitPro/libctru/lib\libctru.a(gspgpu.o)
 .bss.gspGpuRight
                0x0011d2a4        0x1 C:/devkitPro/libctru/lib\libctru.a(gspgpu.o)
 .bss.gspThreadId
                0x0011d2a5        0x1 C:/devkitPro/libctru/lib\libctru.a(gspgpu.o)
 *fill*         0x0011d2a6        0x2 
 .bss.gspSharedMem
                0x0011d2a8        0x4 C:/devkitPro/libctru/lib\libctru.a(gspgpu.o)
 .bss.gspSharedMemHandle
                0x0011d2ac        0x4 C:/devkitPro/libctru/lib\libctru.a(gspgpu.o)
 .bss.gspRefCount
                0x0011d2b0        0x4 C:/devkitPro/libctru/lib\libctru.a(gspgpu.o)
 .bss.gspGpuHandle
                0x0011d2b4        0x4 C:/devkitPro/libctru/lib\libctru.a(gspgpu.o)
 .bss.usingIrrst
                0x0011d2b8        0x1 C:/devkitPro/libctru/lib\libctru.a(hid.o)
 *fill*         0x0011d2b9        0x3 
 .bss.hidRefCount
                0x0011d2bc        0x4 C:/devkitPro/libctru/lib\libctru.a(hid.o)
 .bss.gRate     0x0011d2c0        0x6 C:/devkitPro/libctru/lib\libctru.a(hid.o)
 *fill*         0x0011d2c6        0x2 
 .bss.aVec      0x0011d2c8        0x6 C:/devkitPro/libctru/lib\libctru.a(hid.o)
 *fill*         0x0011d2ce        0x2 
 .bss.cPos      0x0011d2d0        0x4 C:/devkitPro/libctru/lib\libctru.a(hid.o)
 .bss.tPos      0x0011d2d4        0x4 C:/devkitPro/libctru/lib\libctru.a(hid.o)
 .bss.kRepeat   0x0011d2d8        0x4 C:/devkitPro/libctru/lib\libctru.a(hid.o)
 .bss.kUp       0x0011d2dc        0x4 C:/devkitPro/libctru/lib\libctru.a(hid.o)
 .bss.kDown     0x0011d2e0        0x4 C:/devkitPro/libctru/lib\libctru.a(hid.o)
 .bss.kHeld     0x0011d2e4        0x4 C:/devkitPro/libctru/lib\libctru.a(hid.o)
 .bss.kOld      0x0011d2e8        0x4 C:/devkitPro/libctru/lib\libctru.a(hid.o)
 .bss.hidSharedMem
                0x0011d2ec        0x4 C:/devkitPro/libctru/lib\libctru.a(hid.o)
                0x0011d2ec                hidSharedMem
 .bss.hidEvents
                0x0011d2f0       0x14 C:/devkitPro/libctru/lib\libctru.a(hid.o)
                0x0011d2f0                hidEvents
 .bss.hidMemHandle
                0x0011d304        0x4 C:/devkitPro/libctru/lib\libctru.a(hid.o)
                0x0011d304                hidMemHandle
 .bss.hidHandle
                0x0011d308        0x4 C:/devkitPro/libctru/lib\libctru.a(hid.o)
                0x0011d308                hidHandle
 .bss.irrstRefCount
                0x0011d30c        0x4 C:/devkitPro/libctru/lib\libctru.a(irrst.o)
 .bss.csPos     0x0011d310        0x4 C:/devkitPro/libctru/lib\libctru.a(irrst.o)
 .bss.kHeld     0x0011d314        0x4 C:/devkitPro/libctru/lib\libctru.a(irrst.o)
 .bss.irrstSharedMem
                0x0011d318        0x4 C:/devkitPro/libctru/lib\libctru.a(irrst.o)
                0x0011d318                irrstSharedMem
 .bss.irrstEvent
                0x0011d31c        0x4 C:/devkitPro/libctru/lib\libctru.a(irrst.o)
                0x0011d31c                irrstEvent
 .bss.irrstMemHandle
                0x0011d320        0x4 C:/devkitPro/libctru/lib\libctru.a(irrst.o)
                0x0011d320                irrstMemHandle
 .bss.irrstHandle
                0x0011d324        0x4 C:/devkitPro/libctru/lib\libctru.a(irrst.o)
                0x0011d324                irrstHandle
 .bss.__system_retAddr
                0x0011d328        0x4 C:/devkitPro/libctru/lib\libctru.a(ctru_init.o)
                0x0011d328                __system_retAddr
 .bss.__system_argv
                0x0011d32c        0x4 C:/devkitPro/libctru/lib\libctru.a(initArgv.o)
                0x0011d32c                __system_argv
 .bss.__system_argc
                0x0011d330        0x4 C:/devkitPro/libctru/lib\libctru.a(initArgv.o)
                0x0011d330                __system_argc
 .bss.saved_stack.42
                0x0011d334        0x8 C:/devkitPro/libctru/lib\libctru.a(stack_adjust.o)
 *fill*         0x0011d33c        0x4 
 .bss._ZL11sLinearPool
                0x0011d340        0x8 C:/devkitPro/libctru/lib\libctru.a(linear.o)
 .bss._ZL8sAddrMap
                0x0011d348        0xc C:/devkitPro/libctru/lib\libctru.a(linear.o)
 *fill*         0x0011d354        0x4 
 .bss._ZL10sVramPoolB
                0x0011d358        0x8 C:/devkitPro/libctru/lib\libctru.a(vram.o)
 .bss._ZL10sVramPoolA
                0x0011d360        0x8 C:/devkitPro/libctru/lib\libctru.a(vram.o)
 .bss._ZL8sAddrMap
                0x0011d368        0xc C:/devkitPro/libctru/lib\libctru.a(vram.o)
 .bss.__3dslink_host
                0x0011d374        0x4 C:/devkitPro/libctru/lib\libctru.a(3dslink.o)
                0x0011d374                __3dslink_host
 .bss.__ctru_speedup
                0x0011d378        0x1 C:/devkitPro/libctru/lib\libctru.a(os.o)
                0x0011d378                __ctru_speedup
 *fill*         0x0011d379        0x3 
 .bss.srvRefCount
                0x0011d37c        0x4 C:/devkitPro/libctru/lib\libctru.a(srv.o)
 .bss.srvHandle
                0x0011d380        0x4 C:/devkitPro/libctru/lib\libctru.a(srv.o)
 .bss.arbiter   0x0011d384        0x4 C:/devkitPro/libctru/lib\libctru.a(synchronization.o)
 .bss.currentAddr
                0x0011d388        0x4 C:/devkitPro/libctru/lib\libctru.a(mappable.o)
 .bss.maxAddr   0x0011d38c        0x4 C:/devkitPro/libctru/lib\libctru.a(mappable.o)
 .bss.minAddr   0x0011d390        0x4 C:/devkitPro/libctru/lib\libctru.a(mappable.o)
 .bss.ptmSysmRefCount
                0x0011d394        0x4 C:/devkitPro/libctru/lib\libctru.a(ptmsysm.o)
 .bss.ptmSysmHandle
                0x0011d398        0x4 C:/devkitPro/libctru/lib\libctru.a(ptmsysm.o)
 .bss.srvPmHandle
                0x0011d39c        0x4 C:/devkitPro/libctru/lib\libctru.a(srvpm.o)
 .bss.__ctru_linear_heap_size
                0x0011d3a0        0x4 C:/devkitPro/libctru/lib\libctru.a(allocateHeaps.o)
                0x0011d3a0                __ctru_linear_heap_size
 .bss.__ctru_heap_size
                0x0011d3a4        0x4 C:/devkitPro/libctru/lib\libctru.a(allocateHeaps.o)
                0x0011d3a4                __ctru_heap_size
 .bss.__ctru_linear_heap
                0x0011d3a8        0x4 C:/devkitPro/libctru/lib\libctru.a(allocateHeaps.o)
                0x0011d3a8                __ctru_linear_heap
 .bss.__ctru_heap
                0x0011d3ac        0x4 C:/devkitPro/libctru/lib\libctru.a(allocateHeaps.o)
                0x0011d3ac                __ctru_heap
 .bss.archive_devices
                0x0011d3b0      0x5c0 C:/devkitPro/libctru/lib\libctru.a(archive_dev.o)
 .bss.archive_device_cwd
                0x0011d970        0x4 C:/devkitPro/libctru/lib\libctru.a(archive_dev.o)
 .bss.archive_initialized
                0x0011d974        0x1 C:/devkitPro/libctru/lib\libctru.a(archive_dev.o)
 *fill*         0x0011d975        0x3 
 .bss.fsExemptArchives
                0x0011d978       0x80 C:/devkitPro/libctru/lib\libctru.a(fs.o)
 .bss.fsuRefCount
                0x0011d9f8        0x4 C:/devkitPro/libctru/lib\libctru.a(fs.o)
 .bss.fsuHandle
                0x0011d9fc        0x4 C:/devkitPro/libctru/lib\libctru.a(fs.o)
 .bss.__malloc_current_mallinfo
                0x0011da00       0x28 C:/devkitPro/devkitARM/bin/../lib/gcc/arm-none-eabi/16.1.0/../../../../arm-none-eabi/lib/armv6k/fpu\libg.a(libc_a-mallocr.o)
                0x0011da00                __malloc_current_mallinfo
 .bss.__malloc_max_total_mem
                0x0011da28        0x4 C:/devkitPro/devkitARM/bin/../lib/gcc/arm-none-eabi/16.1.0/../../../../arm-none-eabi/lib/armv6k/fpu\libg.a(libc_a-mallocr.o)
                0x0011da28                __malloc_max_total_mem
 .bss.__malloc_max_sbrked_mem
                0x0011da2c        0x4 C:/devkitPro/devkitARM/bin/../lib/gcc/arm-none-eabi/16.1.0/../../../../arm-none-eabi/lib/armv6k/fpu\libg.a(libc_a-mallocr.o)
                0x0011da2c                __malloc_max_sbrked_mem
 .bss.__malloc_top_pad