Archive member included to satisfy reference by file (symbol)

C:/devkitPro/libctru/lib\libctru.a(console.o)
                              main.o (consoleInit)
C:/devkitPro/libctru/lib\libctru.a(gfx.o)
                              C:/devkitPro/libctru/lib\libctru.a(console.o) (gfxIsWide)
C:/devkitPro/libctru/lib\libctru.a(apt.o)
                              main.o (aptMainLoop)
C:/devkitPro/libctru/lib\libctru.a(gspgpu.o)
                              C:/devkitPro/libctru/lib\libctru.a(gfx.o) (gspInit)
C:/devkitPro/libctru/lib\libctru.a(hid.o)
                              main.o (hidScanInput)
C:/devkitPro/libctru/lib\libctru.a(irrst.o)
                              C:/devkitPro/libctru/lib\libctru.a(hid.o) (irrstInit)
C:/devkitPro/libctru/lib\libctru.a(ctru_init.o)
                              C:/devkitPro/libctru/lib\libctru.a(apt.o) (__system_retAddr)
C:/devkitPro/libctru/lib\libctru.a(initArgv.o)
                              C:/devkitPro/libctru/lib\libctru.a(ctru_init.o) (__system_initArgv)
C:/devkitPro/libctru/lib\libctru.a(syscalls.o)
                              C:/devkitPro/libctru/lib\libctru.a(ctru_init.o) (__system_initSyscalls)
C:/devkitPro/libctru/lib\libctru.a(svc.o)
                              C:/devkitPro/libctru/lib\libctru.a(apt.o) (svcSleepThread)
C:/devkitPro/libctru/lib\libctru.a(stack_adjust.o)
                              C:/devkitPro/devkitARM/bin/../lib/gcc/arm-none-eabi/16.1.0/../../../../arm-none-eabi/lib/armv6k/fpu/3dsx_crt0.o (initSystem)
C:/devkitPro/libctru/lib\libctru.a(default_font.bin.o)
                              C:/devkitPro/libctru/lib\libctru.a(console.o) (default_font_bin)
C:/devkitPro/libctru/lib\libctru.a(linear.o)
                              C:/devkitPro/libctru/lib\libctru.a(gfx.o) (linearAlloc)
C:/devkitPro/libctru/lib\libctru.a(mem_pool.o)
                              C:/devkitPro/libctru/lib\libctru.a(linear.o) (MemPool::Allocate(MemChunk&, unsigned long, int))
C:/devkitPro/libctru/lib\libctru.a(vram.o)
                              C:/devkitPro/libctru/lib\libctru.a(gfx.o) (vramAlloc)
C:/devkitPro/libctru/lib\libctru.a(3dslink.o)
                              C:/devkitPro/libctru/lib\libctru.a(initArgv.o) (__3dslink_host)
C:/devkitPro/libctru/lib\libctru.a(env.o)
                              C:/devkitPro/libctru/lib\libctru.a(irrst.o) (envGetHandle)
C:/devkitPro/libctru/lib\libctru.a(os.o)
                              C:/devkitPro/libctru/lib\libctru.a(syscalls.o) (osGetTime)
C:/devkitPro/libctru/lib\libctru.a(srv.o)
                              C:/devkitPro/libctru/lib\libctru.a(apt.o) (srvInit)
C:/devkitPro/libctru/lib\libctru.a(synchronization.o)
                              C:/devkitPro/libctru/lib\libctru.a(ctru_init.o) (__sync_init)
C:/devkitPro/libctru/lib\libctru.a(thread.o)
                              C:/devkitPro/libctru/lib\libctru.a(apt.o) (threadCreate)
C:/devkitPro/libctru/lib\libctru.a(mappable.o)
                              C:/devkitPro/libctru/lib\libctru.a(apt.o) (mappableAlloc)
C:/devkitPro/libctru/lib\libctru.a(ptmsysm.o)
                              C:/devkitPro/libctru/lib\libctru.a(os.o) (ptmSysmInit)
C:/devkitPro/libctru/lib\libctru.a(srvpm.o)
                              C:/devkitPro/libctru/lib\libctru.a(srv.o) (srvPmGetSessionHandle)
C:/devkitPro/libctru/lib\libctru.a(soc_connect.o)
                              C:/devkitPro/libctru/lib\libctru.a(3dslink.o) (connect)
C:/devkitPro/libctru/lib\libctru.a(soc_socket.o)
                              C:/devkitPro/libctru/lib\libctru.a(3dslink.o) (socket)
C:/devkitPro/libctru/lib\libctru.a(rbtree_find.o)
                              C:/devkitPro/libctru/lib\libctru.a(linear.o) (rbtree_find)
C:/devkitPro/libctru/lib\libctru.a(rbtree_init.o)
                              C:/devkitPro/libctru/lib\libctru.a(linear.o) (rbtree_init)
C:/devkitPro/libctru/lib\libctru.a(rbtree_insert.o)
                              C:/devkitPro/libctru/lib\libctru.a(linear.o) (rbtree_insert)
C:/devkitPro/libctru/lib\libctru.a(rbtree_remove.o)
                              C:/devkitPro/libctru/lib\libctru.a(linear.o) (rbtree_remove)
C:/devkitPro/libctru/lib\libctru.a(rbtree_rotate.o)
                              C:/devkitPro/libctru/lib\libctru.a(rbtree_insert.o) (rbtree_rotate)
C:/devkitPro/libctru/lib\libctru.a(allocateHeaps.o)
                              C:/devkitPro/libctru/lib\libctru.a(ctru_init.o) (__system_allocateHeaps)
C:/devkitPro/libctru/lib\libctru.a(appExit.o)
                              C:/devkitPro/libctru/lib\libctru.a(stack_adjust.o) (__appExit)
C:/devkitPro/libctru/lib\libctru.a(appInit.o)
                              C:/devkitPro/libctru/lib\libctru.a(stack_adjust.o) (__appInit)
C:/devkitPro/libctru/lib\libctru.a(ctru_exit.o)
                              C:/devkitPro/libctru/lib\libctru.a(stack_adjust.o) (__libctru_exit)
C:/devkitPro/libctru/lib\libctru.a(archive_dev.o)
                              C:/devkitPro/libctru/lib\libctru.a(appInit.o) (archiveMountSdmc)
[...]
Memory Configuration

Name             Origin             Length             Attributes
*default*        0x00000000         0xffffffff

Linker script and memory map

                0x00000000                        __sync_synchronize = __sync_synchronize_dmb
                0x00100000                        PROVIDE (__start__ = 0x100000)
                0x00100000                        . = __start__

.text           0x00100000    0x17f4c
 *(.crt0)
 .crt0          0x00100000       0x94 C:/devkitPro/devkitARM/bin/../lib/gcc/arm-none-eabi/16.1.0/../../../../arm-none-eabi/lib/armv6k/fpu/3dsx_crt0.o
                0x00100000                _start
                0x00100008                __service_ptr
                0x0010000c                __apt_appid
                0x00100010                __heap_size
                0x00100014                __linear_heap_size
                0x00100018                __system_arglist
                0x0010001c                __system_runflags
 *(.init)
 .init          0x00100094        0xc C:/devkitPro/devkitARM/bin/../lib/gcc/arm-none-eabi/16.1.0/armv6k/fpu/crti.o
                0x00100094                _init
 .init          0x001000a0        0xc C:/devkitPro/devkitARM/bin/../lib/gcc/arm-none-eabi/16.1.0/armv6k/fpu/crtn.o
                0x001000ac                        . = ALIGN (0x4)
 *(.text)
 .text          0x001000ac      0x240 C:/devkitPro/devkitARM/bin/../lib/gcc/arm-none-eabi/16.1.0/armv6k/fpu\libgcc.a(_divsi3.o)
                0x001000ac                __divsi3
                0x001000ac                __aeabi_idiv
                0x001002cc                __aeabi_idivmod
 .text          0x001002ec        0x4 C:/devkitPro/devkitARM/bin/../lib/gcc/arm-none-eabi/16.1.0/armv6k/fpu\libgcc.a(_dvmd_tls.o)
                0x001002ec                __aeabi_idiv0
                0x001002ec                __aeabi_ldiv0
 .text          0x001002f0       0x3c C:/devkitPro/devkitARM/bin/../lib/gcc/arm-none-eabi/16.1.0/armv6k/fpu\libgcc.a(_aeabi_uldivmod.o)
                0x001002f0                __aeabi_uldivmod
 *fill*         0x0010032c       0x14 
 .text          0x00100340      0x390 C:/devkitPro/devkitARM/bin/../lib/gcc/arm-none-eabi/16.1.0/../../../../arm-none-eabi/lib/armv6k/fpu\libg.a(libc_a-strcmp.o)
                0x00100348                strcmp
 .text          0x001006d0      0x20c C:/devkitPro/devkitARM/bin/../lib/gcc/arm-none-eabi/16.1.0/armv6k/fpu\libgcc.a(_udivsi3.o)
                0x001006d0                __aeabi_uidiv
                0x001006d0                __udivsi3
                0x001008bc                __aeabi_uidivmod
 *(.text.*)
 .text.__do_global_dtors_aux
                0x001008dc       0x50 C:/devkitPro/devkitARM/bin/../lib/gcc/arm-none-eabi/16.1.0/armv6k/fpu/crtbegin.o
 .text.frame_dummy
                0x0010092c       0x2c C:/devkitPro/devkitARM/bin/../lib/gcc/arm-none-eabi/16.1.0/armv6k/fpu/crtbegin.o
 .text.drawBodyText
                0x00100958       0x78 main.o
                0x00100958                drawBodyText
 .text.drawTextPage
                0x001009d0      0x10c main.o
                0x001009d0                drawTextPage
 .text.goBack   0x00100adc       0x44 main.o
                0x00100adc                goBack
 .text.drawCurrentScreen
                0x00100b20      0x2b0 main.o
                0x00100b20                drawCurrentScreen
 .text.selectCurrentItem
                0x00100dd0       0xbc main.o
                0x00100dd0                selectCurrentItem
 .text.startup.main
                0x00100e8c       0xf8 main.o
                0x00100e8c                main
 .text.consoleDrawChar
                0x00100f84      0x1c8 C:/devkitPro/libctru/lib\libctru.a(console.o)
                0x00100f84                consoleDrawChar
 .text.consolePrintChar
                0x0010114c      0x170 C:/devkitPro/libctru/lib\libctru.a(console.o)
                0x0010114c                consolePrintChar
 .text.con_write
                0x001012bc      0xcc8 C:/devkitPro/libctru/lib\libctru.a(console.o)
                0x001012bc                con_write
 .text.newRow   0x00101f84       0xfc C:/devkitPro/libctru/lib\libctru.a(console.o)
 .text.consoleInit
                0x00102080      0x180 C:/devkitPro/libctru/lib\libctru.a(console.o)
                0x00102080                consoleInit
 .text.gfxPresentFramebuffer
                0x00102200       0xcc C:/devkitPro/libctru/lib\libctru.a(gfx.o)
 .text.gfxIsWide
                0x001022cc       0x1c C:/devkitPro/libctru/lib\libctru.a(gfx.o)
                0x001022cc                gfxIsWide
 .text.gfxSetScreenFormat
                0x001022e8       0xf8 C:/devkitPro/libctru/lib\libctru.a(gfx.o)
                0x001022e8                gfxSetScreenFormat
 .text.gfxSetDoubleBuffering
                0x001023e0       0x10 C:/devkitPro/libctru/lib\libctru.a(gfx.o)
                0x001023e0                gfxSetDoubleBuffering
 .text.gfxInit  0x001023f0       0xd8 C:/devkitPro/libctru/lib\libctru.a(gfx.o)
                0x001023f0                gfxInit
 .text.gfxInitDefault
                0x001024c8       0x10 C:/devkitPro/libctru/lib\libctru.a(gfx.o)
                0x001024c8                gfxInitDefault
 .text.gfxExit  0x001024d8       0xb8 C:/devkitPro/libctru/lib\libctru.a(gfx.o)
                0x001024d8                gfxExit
 .text.gfxGetFramebuffer
                0x00102590       0xa0 C:/devkitPro/libctru/lib\libctru.a(gfx.o)
                0x00102590                gfxGetFramebuffer
 .text.gfxFlushBuffers
                0x00102630      0x100 C:/devkitPro/libctru/lib\libctru.a(gfx.o)
                0x00102630                gfxFlushBuffers
 .text.gfxSwapBuffers
                0x00102730       0x50 C:/devkitPro/libctru/lib\libctru.a(gfx.o)
                0x00102730                gfxSwapBuffers
 .text.gfxSwapBuffersGpu
                0x00102780       0x50 C:/devkitPro/libctru/lib\libctru.a(gfx.o)
                0x00102780                gfxSwapBuffersGpu
 .text.aptConvertScreenForCapture
                0x001027d0      0x180 C:/devkitPro/libctru/lib\libctru.a(apt.o)
 .text.aptDspSleep
                0x00102950        0x8 C:/devkitPro/libctru/lib\libctru.a(apt.o)
                0x00102950                aptDspSleep
 .text.aptDspWakeup
                0x00102958        0x4 C:/devkitPro/libctru/lib\libctru.a(apt.o)
                0x00102958                aptDspWakeup
 .text.aptDspCancel
                0x0010295c        0x4 C:/devkitPro/libctru/lib\libctru.a(apt.o)
                0x0010295c                aptDspCancel
 .text.aptSendCommand
                0x00102960      0x138 C:/devkitPro/libctru/lib\libctru.a(apt.o)
                0x00102960                aptSendCommand
 .text.aptExitProcess
                0x00102a98       0x44 C:/devkitPro/libctru/lib\libctru.a(apt.o)
 .text.aptExit  0x00102adc      0x394 C:/devkitPro/libctru/lib\libctru.a(apt.o)
                0x00102adc                aptExit
 .text.aptHandleSleep
                0x00102e70       0xd8 C:/devkitPro/libctru/lib\libctru.a(apt.o)
                0x00102e70                aptHandleSleep
 .text.APT_SleepIfShellClosed
                0x00102f48       0x84 C:/devkitPro/libctru/lib\libctru.a(apt.o)
                0x00102f48                APT_SleepIfShellClosed
 .text.aptSetSleepAllowed
                0x00102fcc       0x78 C:/devkitPro/libctru/lib\libctru.a(apt.o)
                0x00102fcc                aptSetSleepAllowed
 .text.APT_UnlockTransition
                0x00103044       0x84 C:/devkitPro/libctru/lib\libctru.a(apt.o)
                0x00103044                APT_UnlockTransition
 .text.aptEventHandler
                0x001030c8      0x470 C:/devkitPro/libctru/lib\libctru.a(apt.o)
 .text.APT_ReceiveParameter
                0x00103538       0xbc C:/devkitPro/libctru/lib\libctru.a(apt.o)
                0x00103538                APT_ReceiveParameter
 .text.aptReceiveParameter.constprop.0
                0x001035f4       0xb0 C:/devkitPro/libctru/lib\libctru.a(apt.o)
 *fill*         0x001036a4        0x4 
 .text.aptScreenTransfer
                0x001036a8      0x294 C:/devkitPro/libctru/lib\libctru.a(apt.o)
 .text.aptWaitForWakeUp.isra.0
                0x0010393c      0x2d0 C:/devkitPro/libctru/lib\libctru.a(apt.o)
 .text.aptJumpToHomeMenu
                0x00103c0c       0xf4 C:/devkitPro/libctru/lib\libctru.a(apt.o)
                0x00103c0c                aptJumpToHomeMenu
 .text.aptMainLoop
                0x00103d00       0x58 C:/devkitPro/libctru/lib\libctru.a(apt.o)
                0x00103d00                aptMainLoop
 .text.aptInit  0x00103d58      0x240 C:/devkitPro/libctru/lib\libctru.a(apt.o)
                0x00103d58                aptInit
 .text.APT_CheckNew3DS
                0x00103f98       0x90 C:/devkitPro/libctru/lib\libctru.a(apt.o)
                0x00103f98                APT_CheckNew3DS
 .text.gspHardwareInit
                0x00104028      0xc70 C:/devkitPro/libctru/lib\libctru.a(gspgpu.o)
 .text.gspInit  0x00104c98      0x288 C:/devkitPro/libctru/lib\libctru.a(gspgpu.o)
                0x00104c98                gspInit
 .text.gspExit  0x00104f20      0x104 C:/devkitPro/libctru/lib\libctru.a(gspgpu.o)
                0x00104f20                gspExit
 .text.gspHasGpuRight
                0x00105024       0x10 C:/devkitPro/libctru/lib\libctru.a(gspgpu.o)
                0x00105024                gspHasGpuRight
 .text.gspPresentBuffer
                0x00105034       0xa4 C:/devkitPro/libctru/lib\libctru.a(gspgpu.o)
                0x00105034                gspPresentBuffer
 .text.gspWaitForEvent
                0x001050d8       0x50 C:/devkitPro/libctru/lib\libctru.a(gspgpu.o)
                0x001050d8                gspWaitForEvent
 .text.gxCmdQueueInterrupt
                0x00105128        0x4 C:/devkitPro/libctru/lib\libctru.a(gspgpu.o)
                0x00105128                gxCmdQueueInterrupt
 .text.gspEventThreadMain
                0x0010512c      0x154 C:/devkitPro/libctru/lib\libctru.a(gspgpu.o)
 .text.GSPGPU_FlushDataCache
                0x00105280       0x50 C:/devkitPro/libctru/lib\libctru.a(gspgpu.o)
                0x00105280                GSPGPU_FlushDataCache
 .text.GSPGPU_SetLcdForceBlack
                0x001052d0       0x34 C:/devkitPro/libctru/lib\libctru.a(gspgpu.o)
                0x001052d0                GSPGPU_SetLcdForceBlack
 .text.GSPGPU_AcquireRight
                0x00105304       0x84 C:/devkitPro/libctru/lib\libctru.a(gspgpu.o)
                0x00105304                GSPGPU_AcquireRight
 .text.GSPGPU_ReleaseRight
                0x00105388       0x64 C:/devkitPro/libctru/lib\libctru.a(gspgpu.o)
                0x00105388                GSPGPU_ReleaseRight
 .text.GSPGPU_ImportDisplayCaptureInfo
                0x001053ec       0x7c C:/devkitPro/libctru/lib\libctru.a(gspgpu.o)
                0x001053ec                GSPGPU_ImportDisplayCaptureInfo
 .text.GSPGPU_SaveVramSysArea
                0x00105468       0x2c C:/devkitPro/libctru/lib\libctru.a(gspgpu.o)
                0x00105468                GSPGPU_SaveVramSysArea
 .text.GSPGPU_RestoreVramSysArea
                0x00105494       0x2c C:/devkitPro/libctru/lib\libctru.a(gspgpu.o)
                0x00105494                GSPGPU_RestoreVramSysArea
 .text.hidShouldUseIrrst
                0x001054c0       0x24 C:/devkitPro/libctru/lib\libctru.a(hid.o)
                0x001054c0                hidShouldUseIrrst
 .text.hidInit  0x001054e4      0x1cc C:/devkitPro/libctru/lib\libctru.a(hid.o)
                0x001054e4                hidInit
 .text.hidExit  0x001056b0       0xe8 C:/devkitPro/libctru/lib\libctru.a(hid.o)
                0x001056b0                hidExit
 .text.hidScanInput
                0x00105798      0x2a0 C:/devkitPro/libctru/lib\libctru.a(hid.o)
                0x00105798                hidScanInput
 .text.hidKeysDown
                0x00105a38       0x10 C:/devkitPro/libctru/lib\libctru.a(hid.o)
                0x00105a38                hidKeysDown
 .text.irrstInit
                0x00105a48      0x1a4 C:/devkitPro/libctru/lib\libctru.a(irrst.o)
                0x00105a48                irrstInit
 .text.irrstExit
                0x00105bec       0xdc C:/devkitPro/libctru/lib\libctru.a(irrst.o)
                0x00105bec                irrstExit
 .text.irrstScanInput
                0x00105cc8       0xb4 C:/devkitPro/libctru/lib\libctru.a(irrst.o)
                0x00105cc8                irrstScanInput
 .text.irrstKeysHeld
                0x00105d7c       0x24 C:/devkitPro/libctru/lib\libctru.a(irrst.o)
                0x00105d7c                irrstKeysHeld
 .text.__libctru_init
                0x00105da0       0x38 C:/devkitPro/libctru/lib\libctru.a(ctru_init.o)
                0x00105da0                __libctru_init
 .text.__system_initArgv
                0x00105dd8      0x16c C:/devkitPro/libctru/lib\libctru.a(initArgv.o)
                0x00105dd8                __system_initArgv
 .text.__syscall_getreent
                0x00105f44       0x30 C:/devkitPro/libctru/lib\libctru.a(syscalls.o)
                0x00105f44                __syscall_getreent
 .text.__syscall_lock_acquire
                0x00105f74        0x4 C:/devkitPro/libctru/lib\libctru.a(syscalls.o)
                0x00105f74                __syscall_lock_acquire
 .text.__syscall_lock_release
                0x00105f78        0x4 C:/devkitPro/libctru/lib\libctru.a(syscalls.o)
                0x00105f78                __syscall_lock_release
 .text.__syscall_lock_acquire_recursive
                0x00105f7c        0x4 C:/devkitPro/libctru/lib\libctru.a(syscalls.o)
                0x00105f7c                __syscall_lock_acquire_recursive
 .text.__syscall_lock_release_recursive
                0x00105f80        0x4 C:/devkitPro/libctru/lib\libctru.a(syscalls.o)
                0x00105f80                __syscall_lock_release_recursive
 .text.__syscall_exit
                0x00105f84        0x4 C:/devkitPro/libctru/lib\libctru.a(syscalls.o)
                0x00105f84                __syscall_exit
 .text.initThreadVars
                0x00105f88       0x54 C:/devkitPro/libctru/lib\libctru.a(syscalls.o)
                0x00105f88                initThreadVars
 .text.__system_initSyscalls
                0x00105fdc       0x80 C:/devkitPro/libctru/lib\libctru.a(syscalls.o)
                0x00105fdc                __system_initSyscalls
 .text.svcControlMemory
                0x0010605c       0x20 C:/devkitPro/libctru/lib\libctru.a(svc.o)
                0x0010605c                svcControlMemory
 .text.svcQueryMemory
                0x0010607c       0x30 C:/devkitPro/libctru/lib\libctru.a(svc.o)
                0x0010607c                svcQueryMemory
 .text.svcExitProcess
                0x001060ac        0x8 C:/devkitPro/libctru/lib\libctru.a(svc.o)
                0x001060ac                svcExitProcess
 .text.svcCreateThread
                0x001060b4       0x20 C:/devkitPro/libctru/lib\libctru.a(svc.o)
                0x001060b4                svcCreateThread
 .text.svcExitThread
                0x001060d4        0x8 C:/devkitPro/libctru/lib\libctru.a(svc.o)
                0x001060d4                svcExitThread
 .text.svcSleepThread
                0x001060dc        0x8 C:/devkitPro/libctru/lib\libctru.a(svc.o)
                0x001060dc                svcSleepThread
 .text.svcReleaseMutex
                0x001060e4        0x8 C:/devkitPro/libctru/lib\libctru.a(svc.o)
                0x001060e4                svcReleaseMutex
 .text.svcCreateEvent
                0x001060ec       0x14 C:/devkitPro/libctru/lib\libctru.a(svc.o)
                0x001060ec                svcCreateEvent
 .text.svcSignalEvent
                0x00106100        0x8 C:/devkitPro/libctru/lib\libctru.a(svc.o)
                0x00106100                svcSignalEvent
 .text.svcClearEvent
                0x00106108        0x8 C:/devkitPro/libctru/lib\libctru.a(svc.o)
                0x00106108                svcClearEvent
 .text.svcMapMemoryBlock
                0x00106110        0x8 C:/devkitPro/libctru/lib\libctru.a(svc.o)
                0x00106110                svcMapMemoryBlock
 .text.svcUnmapMemoryBlock
                0x00106118        0x8 C:/devkitPro/libctru/lib\libctru.a(svc.o)
                0x00106118                svcUnmapMemoryBlock
 .text.svcCreateAddressArbiter
                0x00106120       0x14 C:/devkitPro/libctru/lib\libctru.a(svc.o)
                0x00106120                svcCreateAddressArbiter
 .text.svcArbitrateAddressNoTimeout
                0x00106134        0x8 C:/devkitPro/libctru/lib\libctru.a(svc.o)
                0x00106134                svcArbitrateAddressNoTimeout
 .text.svcCloseHandle
                0x0010613c        0x8 C:/devkitPro/libctru/lib\libctru.a(svc.o)
                0x0010613c                svcCloseHandle
 .text.svcWaitSynchronization
                0x00106144        0x8 C:/devkitPro/libctru/lib\libctru.a(svc.o)
                0x00106144                svcWaitSynchronization
 .text.svcWaitSynchronizationN
                0x0010614c       0x28 C:/devkitPro/libctru/lib\libctru.a(svc.o)
                0x0010614c                svcWaitSynchronizationN
 .text.svcDuplicateHandle
                0x00106174       0x14 C:/devkitPro/libctru/lib\libctru.a(svc.o)
                0x00106174                svcDuplicateHandle
 .text.svcConnectToPort
                0x00106188       0x14 C:/devkitPro/libctru/lib\libctru.a(svc.o)
                0x00106188                svcConnectToPort
 .text.svcSendSyncRequest
                0x0010619c        0x8 C:/devkitPro/libctru/lib\libctru.a(svc.o)
                0x0010619c                svcSendSyncRequest
 .text.svcGetResourceLimit
                0x001061a4       0x14 C:/devkitPro/libctru/lib\libctru.a(svc.o)
                0x001061a4                svcGetResourceLimit
 .text.svcGetResourceLimitLimitValues
                0x001061b8        0x8 C:/devkitPro/libctru/lib\libctru.a(svc.o)
                0x001061b8                svcGetResourceLimitLimitValues
 .text.svcGetResourceLimitCurrentValues
                0x001061c0        0x8 C:/devkitPro/libctru/lib\libctru.a(svc.o)
                0x001061c0                svcGetResourceLimitCurrentValues
 .text.svcBreak
                0x001061c8        0x8 C:/devkitPro/libctru/lib\libctru.a(svc.o)
                0x001061c8                svcBreak
 .text.initSystem
                0x001061d0       0x50 C:/devkitPro/libctru/lib\libctru.a(stack_adjust.o)
                0x001061d0                initSystem
 .text.__ctru_exit
                0x00106220       0x14 C:/devkitPro/libctru/lib\libctru.a(stack_adjust.o)
                0x00106220                __ctru_exit
 .text._ZL21addrMapNodeComparatorPK11rbtree_nodeS1_
                0x00106234       0x24 C:/devkitPro/libctru/lib\libctru.a(linear.o)
 .text._ZL21addrMapNodeDestructorP11rbtree_node
                0x00106258        0x4 C:/devkitPro/libctru/lib\libctru.a(linear.o)
 .text.linearMemAlign
                0x0010625c      0x12c C:/devkitPro/libctru/lib\libctru.a(linear.o)
                0x0010625c                linearMemAlign
 .text.linearAlloc
                0x00106388        0x8 C:/devkitPro/libctru/lib\libctru.a(linear.o)
                0x00106388                linearAlloc
 .text.linearFree
                0x00106390       0x5c C:/devkitPro/libctru/lib\libctru.a(linear.o)
                0x00106390                linearFree
 .text._ZN7MemPool13CoalesceRightEP8MemBlock
                0x001063ec       0x88 C:/devkitPro/libctru/lib\libctru.a(mem_pool.o)
                0x001063ec                MemPool::CoalesceRight(MemBlock*)
 .text._ZN7MemPool8AllocateER8MemChunkmi
                0x00106474      0x178 C:/devkitPro/libctru/lib\libctru.a(mem_pool.o)
                0x00106474                MemPool::Allocate(MemChunk&, unsigned long, int)
 .text._ZN7MemPool10DeallocateERK8MemChunk
                0x001065ec      0x118 C:/devkitPro/libctru/lib\libctru.a(mem_pool.o)
                0x001065ec                MemPool::Deallocate(MemChunk const&)
 .text._ZN7MemPool12GetFreeSpaceEv
                0x00106704       0x30 C:/devkitPro/libctru/lib\libctru.a(mem_pool.o)
                0x00106704                MemPool::GetFreeSpace()
 .text._ZL21addrMapNodeComparatorPK11rbtree_nodeS1_
                0x00106734       0x24 C:/devkitPro/libctru/lib\libctru.a(vram.o)
 .text._ZL21addrMapNodeDestructorP11rbtree_node
                0x00106758        0x4 C:/devkitPro/libctru/lib\libctru.a(vram.o)
 .text.vramMemAlignAt
                0x0010675c      0x248 C:/devkitPro/libctru/lib\libctru.a(vram.o)
                0x0010675c                vramMemAlignAt
 .text.vramAlloc
                0x001069a4        0xc C:/devkitPro/libctru/lib\libctru.a(vram.o)
                0x001069a4                vramAlloc
 .text.vramFree
                0x001069b0       0x94 C:/devkitPro/libctru/lib\libctru.a(vram.o)
                0x001069b0                vramFree
 .text.envGetHandle
                0x00106a44       0x8c C:/devkitPro/libctru/lib\libctru.a(env.o)
                0x00106a44                envGetHandle
 .text.envDestroyHandles
                0x00106ad0       0x50 C:/devkitPro/libctru/lib\libctru.a(env.o)
                0x00106ad0                envDestroyHandles
 .text.__ctru_speedup_config
                0x00106b20       0x34 C:/devkitPro/libctru/lib\libctru.a(os.o)
                0x00106b20                __ctru_speedup_config
 .text.srvInit  0x00106b54      0x164 C:/devkitPro/libctru/lib\libctru.a(srv.o)
                0x00106b54                srvInit
 .text.srvExit  0x00106cb8       0x64 C:/devkitPro/libctru/lib\libctru.a(srv.o)
                0x00106cb8                srvExit
 .text.srvEnableNotification
                0x00106d1c       0x60 C:/devkitPro/libctru/lib\libctru.a(srv.o)
                0x00106d1c                srvEnableNotification
 .text.srvGetServiceHandleDirect
                0x00106d7c       0xa0 C:/devkitPro/libctru/lib\libctru.a(srv.o)
                0x00106d7c                srvGetServiceHandleDirect
 .text.srvGetServiceHandle
                0x00106e1c       0x48 C:/devkitPro/libctru/lib\libctru.a(srv.o)
                0x00106e1c                srvGetServiceHandle
 .text.srvSubscribe
                0x00106e64       0x34 C:/devkitPro/libctru/lib\libctru.a(srv.o)
                0x00106e64                srvSubscribe
 .text.srvReceiveNotification
                0x00106e98       0x60 C:/devkitPro/libctru/lib\libctru.a(srv.o)
                0x00106e98                srvReceiveNotification
 .text.srvPublishToSubscriber
                0x00106ef8       0x38 C:/devkitPro/libctru/lib\libctru.a(srv.o)
                0x00106ef8                srvPublishToSubscriber
 .text.__sync_init
                0x00106f30        0xc C:/devkitPro/libctru/lib\libctru.a(synchronization.o)
                0x00106f30                __sync_init
 .text.__sync_fini
                0x00106f3c       0x18 C:/devkitPro/libctru/lib\libctru.a(synchronization.o)
                0x00106f3c                __sync_fini
 .text.syncArbitrateAddress
                0x00106f54       0x28 C:/devkitPro/libctru/lib\libctru.a(synchronization.o)
                0x00106f54                syncArbitrateAddress
 .text.LightLock_Lock
                0x00106f7c       0xac C:/devkitPro/libctru/lib\libctru.a(synchronization.o)
                0x00106f7c                LightLock_Lock
 .text.LightLock_Unlock
                0x00107028       0x40 C:/devkitPro/libctru/lib\libctru.a(synchronization.o)
                0x00107028                LightLock_Unlock
 .text.RecursiveLock_Lock
                0x00107068       0x54 C:/devkitPro/libctru/lib\libctru.a(synchronization.o)
                0x00107068                RecursiveLock_Lock
 .text.RecursiveLock_Unlock
                0x001070bc       0x54 C:/devkitPro/libctru/lib\libctru.a(synchronization.o)
                0x001070bc                RecursiveLock_Unlock
 .text.LightEvent_Init
                0x00107110       0x44 C:/devkitPro/libctru/lib\libctru.a(synchronization.o)
                0x00107110                LightEvent_Init
 .text.LightEvent_Clear
                0x00107154       0xb8 C:/devkitPro/libctru/lib\libctru.a(synchronization.o)
                0x00107154                LightEvent_Clear
 .text.LightEvent_Signal
                0x0010720c       0xdc C:/devkitPro/libctru/lib\libctru.a(synchronization.o)
                0x0010720c                LightEvent_Signal
 .text.LightEvent_TryWait
                0x001072e8       0x50 C:/devkitPro/libctru/lib\libctru.a(synchronization.o)
                0x001072e8                LightEvent_TryWait
 .text.LightEvent_Wait
                0x00107338       0xac C:/devkitPro/libctru/lib\libctru.a(synchronization.o)
                0x00107338                LightEvent_Wait
 .text.threadCreate
                0x001073e4      0x1fc C:/devkitPro/libctru/lib\libctru.a(thread.o)
                0x001073e4                threadCreate
 .text.threadFree
                0x001075e0       0x38 C:/devkitPro/libctru/lib\libctru.a(thread.o)
                0x001075e0                threadFree
 .text.threadJoin
                0x00107618       0x24 C:/devkitPro/libctru/lib\libctru.a(thread.o)
                0x00107618                threadJoin
 .text.threadGetCurrent
                0x0010763c       0x30 C:/devkitPro/libctru/lib\libctru.a(thread.o)
                0x0010763c                threadGetCurrent
 .text.threadExit
                0x0010766c       0x40 C:/devkitPro/libctru/lib\libctru.a(thread.o)
                0x0010766c                threadExit
 .text._thread_begin
                0x001076ac       0x20 C:/devkitPro/libctru/lib\libctru.a(thread.o)
 .text.mappableFindAddressWithin
                0x001076cc       0x90 C:/devkitPro/libctru/lib\libctru.a(mappable.o)
 .text.mappableInit
                0x0010775c       0x28 C:/devkitPro/libctru/lib\libctru.a(mappable.o)
                0x0010775c                mappableInit
 .text.mappableAlloc
                0x00107784       0x7c C:/devkitPro/libctru/lib\libctru.a(mappable.o)
                0x00107784                mappableAlloc
 .text.mappableFree
                0x00107800        0x4 C:/devkitPro/libctru/lib\libctru.a(mappable.o)
                0x00107800                mappableFree
 .text.ptmSysmInit
                0x00107804       0x78 C:/devkitPro/libctru/lib\libctru.a(ptmsysm.o)
                0x00107804                ptmSysmInit
 .text.ptmSysmExit
                0x0010787c       0x3c C:/devkitPro/libctru/lib\libctru.a(ptmsysm.o)
                0x0010787c                ptmSysmExit
 .text.PTMSYSM_ConfigureNew3DSCPU
                0x001078b8       0x34 C:/devkitPro/libctru/lib\libctru.a(ptmsysm.o)
                0x001078b8                PTMSYSM_ConfigureNew3DSCPU
 .text.srvPmGetSessionHandle
                0x001078ec        0xc C:/devkitPro/libctru/lib\libctru.a(srvpm.o)
                0x001078ec                srvPmGetSessionHandle
 .text.rbtree_find
                0x001078f8       0x74 C:/devkitPro/libctru/lib\libctru.a(rbtree_find.o)
                0x001078f8                rbtree_find
 .text.rbtree_init
                0x0010796c       0x10 C:/devkitPro/libctru/lib\libctru.a(rbtree_init.o)
                0x0010796c                rbtree_init
 .text.do_insert
                0x0010797c      0x198 C:/devkitPro/libctru/lib\libctru.a(rbtree_insert.o)
 .text.rbtree_insert
                0x00107b14        0x8 C:/devkitPro/libctru/lib\libctru.a(rbtree_insert.o)
                0x00107b14                rbtree_insert
 .text.rbtree_remove
                0x00107b1c      0x310 C:/devkitPro/libctru/lib\libctru.a(rbtree_remove.o)
                0x00107b1c                rbtree_remove
 .text.rbtree_rotate
                0x00107e2c       0x90 C:/devkitPro/libctru/lib\libctru.a(rbtree_rotate.o)
                0x00107e2c                rbtree_rotate
 *fill*         0x00107ebc        0x4 
 .text.__system_allocateHeaps
                0x00107ec0      0x1e8 C:/devkitPro/libctru/lib\libctru.a(allocateHeaps.o)
                0x00107ec0                __system_allocateHeaps
 .text.__appExit
                0x001080a8       0x30 C:/devkitPro/libctru/lib\libctru.a(appExit.o)
                0x001080a8                __appExit
 .text.__appInit
                0x001080d8       0x30 C:/devkitPro/libctru/lib\libctru.a(appInit.o)
                0x001080d8                __appInit
 .text.__libctru_exit
                0x00108108       0x90 C:/devkitPro/libctru/lib\libctru.a(ctru_exit.o)
                0x00108108                __libctru_exit
 .text.error_cmp
                0x00108198       0x24 C:/devkitPro/libctru/lib\libctru.a(archive_dev.o)
 .text.archive_translate_error
                0x001081bc       0x50 C:/devkitPro/libctru/lib\libctru.a(archive_dev.o)
 .text.archive_seek
                0x0010820c       0xc0 C:/devkitPro/libctru/lib\libctru.a(archive_dev.o)
 .text._archiveInit.part.0
                0x001082cc       0x78 C:/devkitPro/libctru/lib\libctru.a(archive_dev.o)
 .text.archiveFindDevice.part.0
                0x00108344      0x110 C:/devkitPro/libctru/lib\libctru.a(archive_dev.o)
 .text.archive_utf16path
                0x00108454      0x298 C:/devkitPro/libctru/lib\libctru.a(archive_dev.o)
 .text._archiveUnmountDeviceStruct.part.0
                0x001086ec       0x98 C:/devkitPro/libctru/lib\libctru.a(archive_dev.o)
 .text._archiveMountDevice
                0x00108784      0x178 C:/devkitPro/libctru/lib\libctru.a(archive_dev.o)
 .text.archive_diropen
                0x001088fc       0xf8 C:/devkitPro/libctru/lib\libctru.a(archive_dev.o)
 .text.archive_fstat
                0x001089f4       0xac C:/devkitPro/libctru/lib\libctru.a(archive_dev.o)
 .text.archive_fsync
                0x00108aa0       0x74 C:/devkitPro/libctru/lib\libctru.a(archive_dev.o)
 .text.archive_close
                0x00108b14       0x74 C:/devkitPro/libctru/lib\libctru.a(archive_dev.o)
 .text.archive_dirclose
                0x00108b88       0x78 C:/devkitPro/libctru/lib\libctru.a(archive_dev.o)
 .text.sdmc_statvfs
                0x00108c00       0xec C:/devkitPro/libctru/lib\libctru.a(archive_dev.o)
 .text.archive_chdir
                0x00108cec       0xf8 C:/devkitPro/libctru/lib\libctru.a(archive_dev.o)
 .text.archive_ftruncate
                0x00108de4       0x8c C:/devkitPro/libctru/lib\libctru.a(archive_dev.o)
 .text.archive_read
                0x00108e70       0xbc C:/devkitPro/libctru/lib\libctru.a(archive_dev.o)
 .text.archive_unlink
                0x00108f2c       0xa8 C:/devkitPro/libctru/lib\libctru.a(archive_dev.o)
 .text.archive_rmdir
                0x00108fd4       0xc0 C:/devkitPro/libctru/lib\libctru.a(archive_dev.o)
 .text.archive_mkdir
                0x00109094       0xd8 C:/devkitPro/libctru/lib\libctru.a(archive_dev.o)
 .text.archive_stat
                0x0010916c      0x1a0 C:/devkitPro/libctru/lib\libctru.a(archive_dev.o)
 .text.archive_dirnext
                0x0010930c      0x164 C:/devkitPro/libctru/lib\libctru.a(archive_dev.o)
 .text.archive_write
                0x00109470      0x13c C:/devkitPro/libctru/lib\libctru.a(archive_dev.o)
 *fill*         0x001095ac        0x4 
 .text.archive_open
                0x001095b0      0x254 C:/devkitPro/libctru/lib\libctru.a(archive_dev.o)
 .text.archive_rename
                0x00109804      0x270 C:/devkitPro/libctru/lib\libctru.a(archive_dev.o)
 .text.archiveMountSdmc
                0x00109a74      0x1c8 C:/devkitPro/libctru/lib\libctru.a(archive_dev.o)
                0x00109a74                archiveMountSdmc
 .text.archiveUnmountAll
                0x00109c3c       0x54 C:/devkitPro/libctru/lib\libctru.a(archive_dev.o)
                0x00109c3c                archiveUnmountAll
 .text.fsInit   0x00109c90      0x104 C:/devkitPro/libctru/lib\libctru.a(fs.o)
                0x00109c90                fsInit
 .text.fsExit   0x00109d94       0x3c C:/devkitPro/libctru/lib\libctru.a(fs.o)
                0x00109d94                fsExit
 .text.fsExemptFromSession
                0x00109dd0       0x68 C:/devkitPro/libctru/lib\libctru.a(fs.o)
                0x00109dd0                fsExemptFromSession
 .text.fsUnexemptFromSession
                0x00109e38       0x50 C:/devkitPro/libctru/lib\libctru.a(fs.o)
                0x00109e38                fsUnexemptFromSession
 .text.FSUSER_OpenFile
                0x00109e88       0xcc C:/devkitPro/libctru/lib\libctru.a(fs.o)
                0x00109e88                FSUSER_OpenFile
 .text.FSUSER_DeleteFile
                0x00109f54       0xb8 C:/devkitPro/libctru/lib\libctru.a(fs.o)
                0x00109f54                FSUSER_DeleteFile
 .text.FSUSER_RenameFile
                0x0010a00c       0xf4 C:/devkitPro/libctru/lib\libctru.a(fs.o)
                0x0010a00c                FSUSER_RenameFile
 .text.FSUSER_DeleteDirectory
                0x0010a100       0xb8 C:/devkitPro/libctru/lib\libctru.a(fs.o)
                0x0010a100                FSUSER_DeleteDirectory
 .text.FSUSER_CreateFile
                0x0010a1b8       0xd0 C:/devkitPro/libctru/lib\libctru.a(fs.o)
                0x0010a1b8                FSUSER_CreateFile
 .text.FSUSER_CreateDirectory
                0x0010a288       0xc0 C:/devkitPro/libctru/lib\libctru.a(fs.o)
                0x0010a288                FSUSER_CreateDirectory
 .text.FSUSER_RenameDirectory
                0x0010a348       0xf4 C:/devkitPro/libctru/lib\libctru.a(fs.o)
                0x0010a348                FSUSER_RenameDirectory
 .text.FSUSER_OpenDirectory
                0x0010a43c       0xb4 C:/devkitPro/libctru/lib\libctru.a(fs.o)
                0x0010a43c                FSUSER_OpenDirectory
 .text.FSUSER_OpenArchive
                0x0010a4f0       0x90 C:/devkitPro/libctru/lib\libctru.a(fs.o)
                0x0010a4f0                FSUSER_OpenArchive
 .text.FSUSER_CloseArchive
                0x0010a580       0x8c C:/devkitPro/libctru/lib\libctru.a(fs.o)
                0x0010a580                FSUSER_CloseArchive
 .text.FSUSER_GetSdmcArchiveResource
                0x0010a60c       0x74 C:/devkitPro/libctru/lib\libctru.a(fs.o)
                0x0010a60c                FSUSER_GetSdmcArchiveResource
 .text.FSUSER_IsSdmcWritable
                0x0010a680       0x64 C:/devkitPro/libctru/lib\libctru.a(fs.o)
                0x0010a680                FSUSER_IsSdmcWritable
 .text.FSFILE_Read
                0x0010a6e4       0x64 C:/devkitPro/libctru/lib\libctru.a(fs.o)
                0x0010a6e4                FSFILE_Read
 .text.FSFILE_Write
                0x0010a748       0x6c C:/devkitPro/libctru/lib\libctru.a(fs.o)
                0x0010a748                FSFILE_Write
 .text.FSFILE_GetSize
                0x0010a7b4       0x44 C:/devkitPro/libctru/lib\libctru.a(fs.o)
                0x0010a7b4                FSFILE_GetSize
 .text.FSFILE_SetSize
                0x0010a7f8       0x28 C:/devkitPro/libctru/lib\libctru.a(fs.o)
                0x0010a7f8                FSFILE_SetSize
 .text.FSFILE_Close
                0x0010a820       0x3c C:/devkitPro/libctru/lib\libctru.a(fs.o)
                0x0010a820                FSFILE_Close
 .text.FSFILE_Flush
                0x0010a85c       0x24 C:/devkitPro/libctru/lib\libctru.a(fs.o)
                0x0010a85c                FSFILE_Flush
 .text.FSDIR_Read
                0x0010a880       0x60 C:/devkitPro/libctru/lib\libctru.a(fs.o)
                0x0010a880                FSDIR_Read
 .text.FSDIR_Close
                0x0010a8e0       0x3c C:/devkitPro/libctru/lib\libctru.a(fs.o)
                0x0010a8e0                FSDIR_Close
 .text.rbtree_node_next
                0x0010a91c       0x60 C:/devkitPro/libctru/lib\libctru.a(rbtree_iterator.o)
                0x0010a91c                rbtree_node_next
 .text.decode_utf8
                0x0010a97c      0x140 C:/devkitPro/libctru/lib\libctru.a(decode_utf8.o)
                0x0010a97c                decode_utf8
 .text.utf16_to_utf8
                0x0010aabc       0xe8 C:/devkitPro/libctru/lib\libctru.a(utf16_to_utf8.o)
                0x0010aabc                utf16_to_utf8
 .text.utf8_to_utf16
                0x0010aba4       0xc0 C:/devkitPro/libctru/lib\libctru.a(utf8_to_utf16.o)
                0x0010aba4                utf8_to_utf16
 .text.__aeabi_read_tp
                0x0010ac64        0xc C:/devkitPro/libctru/lib\libctru.a(readtp.o)
                0x0010ac64                __aeabi_read_tp
 .text.decode_utf16
                0x0010ac70       0x54 C:/devkitPro/libctru/lib\libctru.a(decode_utf16.o)
                0x0010ac70                decode_utf16
 .text.encode_utf16
                0x0010acc4       0x54 C:/devkitPro/libctru/lib\libctru.a(encode_utf16.o)
                0x0010acc4                encode_utf16
 .text.encode_utf8
                0x0010ad18       0xe0 C:/devkitPro/libctru/lib\libctru.a(encode_utf8.o)
                0x0010ad18                encode_utf8
 .text.__udivmoddi4
                0x0010adf8      0x130 C:/devkitPro/devkitARM/bin/../lib/gcc/arm-none-eabi/16.1.0/armv6k/fpu\libgcc.a(_udivmoddi4.o)
                0x0010adf8                __udivmoddi4
 .text.strncat  0x0010af28       0xe4 C:/devkitPro/devkitARM/bin/../lib/gcc/arm-none-eabi/16.1.0/../../../../arm-none-eabi/lib/armv6k/fpu\libg.a(libc_a-strncat.o)
                0x0010af28                strncat
 .text.memcpy   0x0010b00c      0x128 C:/devkitPro/devkitARM/bin/../lib/gcc/arm-none-eabi/16.1.0/../../../../arm-none-eabi/lib/armv6k/fpu\libg.a(libc_a-memcpy-stub.o)
                0x0010b00c                memcpy
 .text.strlen   0x0010b134       0x8c C:/devkitPro/devkitARM/bin/../lib/gcc/arm-none-eabi/16.1.0/../../../../arm-none-eabi/lib/armv6k/fpu\libg.a(libc_a-strlen.o)
                0x0010b134                strlen
 .text.bsearch  0x0010b1c0       0x78 C:/devkitPro/devkitARM/bin/../lib/gcc/arm-none-eabi/16.1.0/../../../../arm-none-eabi/lib/armv6k/fpu\libg.a(libc_a-bsearch.o)
                0x0010b1c0                bsearch
 .text.memalign
                0x0010b238       0x28 C:/devkitPro/devkitARM/bin/../lib/gcc/arm-none-eabi/16.1.0/../../../../arm-none-eabi/lib/armv6k/fpu\libg.a(libc_a-malign.o)
                0x0010b238                memalign
 .text.printf   0x0010b260       0x34 C:/devkitPro/devkitARM/bin/../lib/gcc/arm-none-eabi/16.1.0/../../../../arm-none-eabi/lib/armv6k/fpu\libg.a(libc_a-printf.o)
                0x0010b260                printf
 .text._strtoul_l.isra.0
                0x0010b294      0x1ec C:/devkitPro/devkitARM/bin/../lib/gcc/arm-none-eabi/16.1.0/../../../../arm-none-eabi/lib/armv6k/fpu\libg.a(libc_a-strtoul.o)
 .text.strtoul  0x0010b480       0x3c C:/devkitPro/devkitARM/bin/../lib/gcc/arm-none-eabi/16.1.0/../../../../arm-none-eabi/lib/armv6k/fpu\libg.a(libc_a-strtoul.o)
                0x0010b480                strtoul
 .text._memalign_r
                0x0010b4bc      0x16c C:/devkitPro/devkitARM/bin/../lib/gcc/arm-none-eabi/16.1.0/../../../../arm-none-eabi/lib/armv6k/fpu\libg.a(libc_a-malignr.o)
                0x0010b4bc                _memalign_r
 .text.__errno  0x0010b628        0xc C:/devkitPro/devkitARM/bin/../lib/gcc/arm-none-eabi/16.1.0/../../../../arm-none-eabi/lib/armv6k/fpu\libg.a(libc_a-errno.o)
                0x0010b628                __errno
 .text.memset   0x0010b634       0xe4 C:/devkitPro/devkitARM/bin/../lib/gcc/arm-none-eabi/16.1.0/../../../../arm-none-eabi/lib/armv6k/fpu\libg.a(libc_a-memset.o)
                0x0010b634                memset
 .text.__sflush_r
                0x0010b718      0x22c C:/devkitPro/devkitARM/bin/../lib/gcc/arm-none-eabi/16.1.0/../../../../arm-none-eabi/lib/armv6k/fpu\libg.a(libc_a-fflush.o)
                0x0010b718                __sflush_r
 .text._fflush_r
                0x0010b944       0xc4 C:/devkitPro/devkitARM/bin/../lib/gcc/arm-none-eabi/16.1.0/../../../../arm-none-eabi/lib/armv6k/fpu\libg.a(libc_a-fflush.o)
                0x0010b944                _fflush_r
 .text._malloc_r
                0x0010ba08      0x82c C:/devkitPro/devkitARM/bin/../lib/gcc/arm-none-eabi/16.1.0/../../../../arm-none-eabi/lib/armv6k/fpu\libg.a(libc_a-mallocr.o)
                0x0010ba08                _malloc_r
 .text._malloc_trim_r
                0x0010c234      0x114 C:/devkitPro/devkitARM/bin/../lib/gcc/arm-none-eabi/16.1.0/../../../../arm-none-eabi/lib/armv6k/fpu\libg.a(libc_a-freer.o)
                0x0010c234                _malloc_trim_r
 .text._free_r  0x0010c348      0x314 C:/devkitPro/devkitARM/bin/../lib/gcc/arm-none-eabi/16.1.0/../../../../arm-none-eabi/lib/armv6k/fpu\libg.a(libc_a-freer.o)
                0x0010c348                _free_r
 .text.setvbuf  0x0010c65c      0x294 C:/devkitPro/devkitARM/bin/../lib/gcc/arm-none-eabi/16.1.0/../../../../arm-none-eabi/lib/armv6k/fpu\libg.a(libc_a-setvbuf.o)
                0x0010c65c                setvbuf
 .text.stdio_exit_handler
                0x0010c8f0       0x1c C:/devkitPro/devkitARM/bin/../lib/gcc/arm-none-eabi/16.1.0/../../../../arm-none-eabi/lib/armv6k/fpu\libg.a(libc_a-findfp.o)
 .text.cleanup_stdio
                0x0010c90c       0x5c C:/devkitPro/devkitARM/bin/../lib/gcc/arm-none-eabi/16.1.0/../../../../arm-none-eabi/lib/armv6k/fpu\libg.a(libc_a-findfp.o)
 .text.global_stdio_init.part.0
                0x0010c968      0x154 C:/devkitPro/devkitARM/bin/../lib/gcc/arm-none-eabi/16.1.0/../../../../arm-none-eabi/lib/armv6k/fpu\libg.a(libc_a-findfp.o)
 .text.__sinit  0x0010cabc       0x5c C:/devkitPro/devkitARM/bin/../lib/gcc/arm-none-eabi/16.1.0/../../../../arm-none-eabi/lib/armv6k/fpu\libg.a(libc_a-findfp.o)
                0x0010cabc                __sinit
 .text.__sfp_lock_acquire
                0x0010cb18        0xc C:/devkitPro/devkitARM/bin/../lib/gcc/arm-none-eabi/16.1.0/../../../../arm-none-eabi/lib/armv6k/fpu\libg.a(libc_a-findfp.o)
                0x0010cb18                __sfp_lock_acquire
 .text.__sfp_lock_release
                0x0010cb24        0xc C:/devkitPro/devkitARM/bin/../lib/gcc/arm-none-eabi/16.1.0/../../../../arm-none-eabi/lib/armv6k/fpu\libg.a(libc_a-findfp.o)
                0x0010cb24                __sfp_lock_release
 .text.__libc_init_array
                0x0010cb30       0x84 C:/devkitPro/devkitARM/bin/../lib/gcc/arm-none-eabi/16.1.0/../../../../arm-none-eabi/lib/armv6k/fpu\libg.a(libc_a-init.o)
                0x0010cb30                __libc_init_array
 .text.strncpy  0x0010cbb4       0xd4 C:/devkitPro/devkitARM/bin/../lib/gcc/arm-none-eabi/16.1.0/../../../../arm-none-eabi/lib/armv6k/fpu\libg.a(libc_a-strncpy.o)
                0x0010cbb4                strncpy
 .text.malloc   0x0010cc88       0x40 C:/devkitPro/devkitARM/bin/../lib/gcc/arm-none-eabi/16.1.0/../../../../arm-none-eabi/lib/armv6k/fpu\libg.a(libc_a-malloc.o)
                0x0010cc88                malloc
 .text.free     0x0010ccc8       0x20 C:/devkitPro/devkitARM/bin/../lib/gcc/arm-none-eabi/16.1.0/../../../../arm-none-eabi/lib/armv6k/fpu\libg.a(libc_a-malloc.o)
                0x0010ccc8                free
 .text.__sread  0x0010cce8       0x44 C:/devkitPro/devkitARM/bin/../lib/gcc/arm-none-eabi/16.1.0/../../../../arm-none-eabi/lib/armv6k/fpu\libg.a(libc_a-stdio.o)
                0x0010cce8                __sread
 .text.__swrite
                0x0010cd2c       0x68 C:/devkitPro/devkitARM/bin/../lib/gcc/arm-none-eabi/16.1.0/../../../../arm-none-eabi/lib/armv6k/fpu\libg.a(libc_a-stdio.o)
                0x0010cd2c                __swrite
 .text.__sseek  0x0010cd94       0x40 C:/devkitPro/devkitARM/bin/../lib/gcc/arm-none-eabi/16.1.0/../../../../arm-none-eabi/lib/armv6k/fpu\libg.a(libc_a-stdio.o)
                0x0010cd94                __sseek
 .text.__sclose
                0x0010cdd4        0x8 C:/devkitPro/devkitARM/bin/../lib/gcc/arm-none-eabi/16.1.0/../../../../arm-none-eabi/lib/armv6k/fpu\libg.a(libc_a-stdio.o)
                0x0010cdd4                __sclose
 .text.__malloc_lock
                0x0010cddc        0xc C:/devkitPro/devkitARM/bin/../lib/gcc/arm-none-eabi/16.1.0/../../../../arm-none-eabi/lib/armv6k/fpu\libg.a(libc_a-mlock.o)
                0x0010cddc                __malloc_lock
 .text.__malloc_unlock
                0x0010cde8        0xc C:/devkitPro/devkitARM/bin/../lib/gcc/arm-none-eabi/16.1.0/../../../../arm-none-eabi/lib/armv6k/fpu\libg.a(libc_a-mlock.o)
                0x0010cde8                __malloc_unlock
 .text._fclose_r
                0x0010cdf4      0x148 C:/devkitPro/devkitARM/bin/../lib/gcc/arm-none-eabi/16.1.0/../../../../arm-none-eabi/lib/armv6k/fpu\libg.a(libc_a-fclose.o)
                0x0010cdf4                _fclose_r
 .text.putchar  0x0010cf3c       0x24 C:/devkitPro/devkitARM/bin/../lib/gcc/arm-none-eabi/16.1.0/../../../../arm-none-eabi/lib/armv6k/fpu\libg.a(libc_a-putchar.o)
                0x0010cf3c                putchar
 .text.__call_exitprocs
                0x0010cf60        0x4 C:/devkitPro/devkitARM/bin/../lib/gcc/arm-none-eabi/16.1.0/../../../../arm-none-eabi/lib/armv6k/fpu\libg.a(libc_a-exit.o)
                0x0010cf60                __call_exitprocs
 .text.exit     0x0010cf64       0x30 C:/devkitPro/devkitARM/bin/../lib/gcc/arm-none-eabi/16.1.0/../../../../arm-none-eabi/lib/armv6k/fpu\libg.a(libc_a-exit.o)
                0x0010cf64                exit
 .text.__libc_fini_array
                0x0010cf94       0x3c C:/devkitPro/devkitARM/bin/../lib/gcc/arm-none-eabi/16.1.0/../../../../arm-none-eabi/lib/armv6k/fpu\libg.a(libc_a-fini.o)
                0x0010cf94                __libc_fini_array
 .text.strnlen  0x0010cfd0       0x3c C:/devkitPro/devkitARM/bin/../lib/gcc/arm-none-eabi/16.1.0/../../../../arm-none-eabi/lib/armv6k/fpu\libg.a(libc_a-strnlen.o)
                0x0010cfd0                strnlen
 .text.strncmp  0x0010d00c       0xd8 C:/devkitPro/devkitARM/bin/../lib/gcc/arm-none-eabi/16.1.0/../../../../arm-none-eabi/lib/armv6k/fpu\libg.a(libc_a-strncmp.o)
                0x0010d00c                strncmp
 .text._fwalk_sglue
                0x0010d0e4       0x70 C:/devkitPro/devkitARM/bin/../lib/gcc/arm-none-eabi/16.1.0/../../../../arm-none-eabi/lib/armv6k/fpu\libg.a(libc_a-fwalk.o)
                0x0010d0e4                _fwalk_sglue
 .text.get_arg  0x0010d154      0x5e0 C:/devkitPro/devkitARM/bin/../lib/gcc/arm-none-eabi/16.1.0/../../../../arm-none-eabi/lib/armv6k/fpu\libg.a(libc_a-vfprintf.o)
 *fill*         0x0010d734        0x4 
 .text._vfprintf_r
                0x0010d738     0x3554 C:/devkitPro/devkitARM/bin/../lib/gcc/arm-none-eabi/16.1.0/../../../../arm-none-eabi/lib/armv6k/fpu\libg.a(libc_a-vfprintf.o)
                0x0010d738                _vfprintf_r
 .text.__sbprintf
                0x00110c8c       0xb4 C:/devkitPro/devkitARM/bin/../lib/gcc/arm-none-eabi/16.1.0/../../../../arm-none-eabi/lib/armv6k/fpu\libg.a(libc_a-vfprintf.o)
 .text._wcrtomb_r
                0x00110d40       0xa0 C:/devkitPro/devkitARM/bin/../lib/gcc/arm-none-eabi/16.1.0/../../../../arm-none-eabi/lib/armv6k/fpu\libg.a(libc_a-wcrtomb.o)
                0x00110d40                _wcrtomb_r
 .text.__smakebuf_r
                0x00110de0      0x164 C:/devkitPro/devkitARM/bin/../lib/gcc/arm-none-eabi/16.1.0/../../../../arm-none-eabi/lib/armv6k/fpu\libg.a(libc_a-makebuf.o)
                0x00110de0                __smakebuf_r
 .text.__swhatbuf_r
                0x00110f44       0x90 C:/devkitPro/devkitARM/bin/../lib/gcc/arm-none-eabi/16.1.0/../../../../arm-none-eabi/lib/armv6k/fpu\libg.a(libc_a-makebuf.o)
                0x00110f44                __swhatbuf_r
 .text.__locale_mb_cur_max
                0x00110fd4       0x24 C:/devkitPro/devkitARM/bin/../lib/gcc/arm-none-eabi/16.1.0/../../../../arm-none-eabi/lib/armv6k/fpu\libg.a(libc_a-locale.o)
                0x00110fd4                __locale_mb_cur_max
 .text.__sprint_r
                0x00110ff8       0x30 C:/devkitPro/devkitARM/bin/../lib/gcc/arm-none-eabi/16.1.0/../../../../arm-none-eabi/lib/armv6k/fpu\libg.a(libc_a-sprint_r.o)
                0x00110ff8                __sprint_r
 .text._putc_r  0x00111028       0xfc C:/devkitPro/devkitARM/bin/../lib/gcc/arm-none-eabi/16.1.0/../../../../arm-none-eabi/lib/armv6k/fpu\libg.a(libc_a-putc.o)
                0x00111028                _putc_r
 .text.quorem   0x00111124      0x1c0 C:/devkitPro/devkitARM/bin/../lib/gcc/arm-none-eabi/16.1.0/../../../../arm-none-eabi/lib/armv6k/fpu\libg.a(libc_a-dtoa.o)
 *fill*         0x001112e4        0x4 
 .text._dtoa_r  0x001112e8     0x1420 C:/devkitPro/devkitARM/bin/../lib/gcc/arm-none-eabi/16.1.0/../../../../arm-none-eabi/lib/armv6k/fpu\libg.a(libc_a-dtoa.o)
                0x001112e8                _dtoa_r
 .text.__swbuf_r
                0x00112708      0x124 C:/devkitPro/devkitARM/bin/../lib/gcc/arm-none-eabi/16.1.0/../../../../arm-none-eabi/lib/armv6k/fpu\libg.a(libc_a-wbuf.o)
                0x00112708                __swbuf_r
 .text.memchr   0x0011282c       0xe8 C:/devkitPro/devkitARM/bin/../lib/gcc/arm-none-eabi/16.1.0/../../../../arm-none-eabi/lib/armv6k/fpu\libg.a(libc_a-memchr-stub.o)
                0x0011282c                memchr
 .text._wcsrtombs_r
                0x00112914       0x28 C:/devkitPro/devkitARM/bin/../lib/gcc/arm-none-eabi/16.1.0/../../../../arm-none-eabi/lib/armv6k/fpu\libg.a(libc_a-wcsrtombs.o)
                0x00112914                _wcsrtombs_r
 .text.__swsetup_r
                0x0011293c      0x140 C:/devkitPro/devkitARM/bin/../lib/gcc/arm-none-eabi/16.1.0/../../../../arm-none-eabi/lib/armv6k/fpu\libg.a(libc_a-wsetup.o)
                0x0011293c                __swsetup_r
 .text._localeconv_r
                0x00112a7c       0x24 C:/devkitPro/devkitARM/bin/../lib/gcc/arm-none-eabi/16.1.0/../../../../arm-none-eabi/lib/armv6k/fpu\libg.a(libc_a-localeconv.o)
                0x00112a7c                _localeconv_r
 .text.__utf8_wctomb
                0x00112aa0       0xf8 C:/devkitPro/devkitARM/bin/../lib/gcc/arm-none-eabi/16.1.0/../../../../arm-none-eabi/lib/armv6k/fpu\libg.a(libc_a-wctomb_r.o)
                0x00112aa0                __utf8_wctomb
 .text._wcsnrtombs_l
                0x00112b98      0x15c C:/devkitPro/devkitARM/bin/../lib/gcc/arm-none-eabi/16.1.0/../../../../arm-none-eabi/lib/armv6k/fpu\libg.a(libc_a-wcsnrtombs.o)
                0x00112b98                _wcsnrtombs_l
 .text._wcsnrtombs_r
                0x00112cf4       0x64 C:/devkitPro/devkitARM/bin/../lib/gcc/arm-none-eabi/16.1.0/../../../../arm-none-eabi/lib/armv6k/fpu\libg.a(libc_a-wcsnrtombs.o)
                0x00112cf4                _wcsnrtombs_r
 .text.frexp    0x00112d58       0x88 C:/devkitPro/devkitARM/bin/../lib/gcc/arm-none-eabi/16.1.0/../../../../arm-none-eabi/lib/armv6k/fpu\libg.a(libm_a-s_frexp.o)
                0x00112d58                frexp
 .text.__assert_func
                0x00112de0       0x5c C:/devkitPro/devkitARM/bin/../lib/gcc/arm-none-eabi/16.1.0/../../../../arm-none-eabi/lib/armv6k/fpu\libg.a(libc_a-assert.o)
                0x00112de0                __assert_func
 .text._Balloc  0x00112e3c       0x88 C:/devkitPro/devkitARM/bin/../lib/gcc/arm-none-eabi/16.1.0/../../../../arm-none-eabi/lib/armv6k/fpu\libg.a(libc_a-mprec.o)
                0x00112e3c                _Balloc
 .text._Bfree   0x00112ec4       0x1c C:/devkitPro/devkitARM/bin/../lib/gcc/arm-none-eabi/16.1.0/../../../../arm-none-eabi/lib/armv6k/fpu\libg.a(libc_a-mprec.o)
                0x00112ec4                _Bfree
 .text.__multadd
                0x00112ee0       0xf4 C:/devkitPro/devkitARM/bin/../lib/gcc/arm-none-eabi/16.1.0/../../../../arm-none-eabi/lib/armv6k/fpu\libg.a(libc_a-mprec.o)
                0x00112ee0                __multadd
 .text.__hi0bits
                0x00112fd4       0x80 C:/devkitPro/devkitARM/bin/../lib/gcc/arm-none-eabi/16.1.0/../../../../arm-none-eabi/lib/armv6k/fpu\libg.a(libc_a-mprec.o)
                0x00112fd4                __hi0bits
 .text.__lo0bits
                0x00113054       0xf0 C:/devkitPro/devkitARM/bin/../lib/gcc/arm-none-eabi/16.1.0/../../../../arm-none-eabi/lib/armv6k/fpu\libg.a(libc_a-mprec.o)
                0x00113054                __lo0bits
 .text.__i2b    0x00113144       0xa4 C:/devkitPro/devkitARM/bin/../lib/gcc/arm-none-eabi/16.1.0/../../../../arm-none-eabi/lib/armv6k/fpu\libg.a(libc_a-mprec.o)
                0x00113144                __i2b
 .text.__multiply
                0x001131e8      0x230 C:/devkitPro/devkitARM/bin/../lib/gcc/arm-none-eabi/16.1.0/../../../../arm-none-eabi/lib/armv6k/fpu\libg.a(libc_a-mprec.o)
                0x001131e8                __multiply
 .text.__pow5mult
                0x00113418      0x130 C:/devkitPro/devkitARM/bin/../lib/gcc/arm-none-eabi/16.1.0/../../../../arm-none-eabi/lib/armv6k/fpu\libg.a(libc_a-mprec.o)
                0x00113418                __pow5mult
 .text.__lshift
                0x00113548      0x138 C:/devkitPro/devkitARM/bin/../lib/gcc/arm-none-eabi/16.1.0/../../../../arm-none-eabi/lib/armv6k/fpu\libg.a(libc_a-mprec.o)
                0x00113548                __lshift
 .text.__mcmp   0x00113680       0x58 C:/devkitPro/devkitARM/bin/../lib/gcc/arm-none-eabi/16.1.0/../../../../arm-none-eabi/lib/armv6k/fpu\libg.a(libc_a-mprec.o)
                0x00113680                __mcmp
 .text.__mdiff  0x001136d8      0x218 C:/devkitPro/devkitARM/bin/../lib/gcc/arm-none-eabi/16.1.0/../../../../arm-none-eabi/lib/armv6k/fpu\libg.a(libc_a-mprec.o)
                0x001136d8                __mdiff
 .text.__d2b    0x001138f0      0x120 C:/devkitPro/devkitARM/bin/../lib/gcc/arm-none-eabi/16.1.0/../../../../arm-none-eabi/lib/armv6k/fpu\libg.a(libc_a-mprec.o)
                0x001138f0                __d2b
 .text.__utf8_mbtowc
                0x00113a10      0x340 C:/devkitPro/devkitARM/bin/../lib/gcc/arm-none-eabi/16.1.0/../../../../arm-none-eabi/lib/armv6k/fpu\libg.a(libc_a-mbtowc_r.o)
                0x00113a10                __utf8_mbtowc
 .text.fiprintf
                0x00113d50       0x3c C:/devkitPro/devkitARM/bin/../lib/gcc/arm-none-eabi/16.1.0/../../../../arm-none-eabi/lib/armv6k/fpu\libg.a(libc_a-fiprintf.o)
                0x00113d50                fiprintf
 .text.__sfvwrite_r
                0x00113d8c      0x4a4 C:/devkitPro/devkitARM/bin/../lib/gcc/arm-none-eabi/16.1.0/../../../../arm-none-eabi/lib/armv6k/fpu\libg.a(libc_a-fvwrite.o)
                0x00113d8c                __sfvwrite_r
 .text.strchr   0x00114230      0x140 C:/devkitPro/devkitARM/bin/../lib/gcc/arm-none-eabi/16.1.0/../../../../arm-none-eabi/lib/armv6k/fpu\libg.a(libc_a-strchr.o)
                0x00114230                strchr
 .text.abort    0x00114370       0x14 C:/devkitPro/devkitARM/bin/../lib/gcc/arm-none-eabi/16.1.0/../../../../arm-none-eabi/lib/armv6k/fpu\libg.a(libc_a-abort.o)
                0x00114370                abort
 .text._calloc_r
                0x00114384       0xd8 C:/devkitPro/devkitARM/bin/../lib/gcc/arm-none-eabi/16.1.0/../../../../arm-none-eabi/lib/armv6k/fpu\libg.a(libc_a-callocr.o)
                0x00114384                _calloc_r
 .text.memmove  0x0011445c      0x1a8 C:/devkitPro/devkitARM/bin/../lib/gcc/arm-none-eabi/16.1.0/../../../../arm-none-eabi/lib/armv6k/fpu\libg.a(libc_a-memmove.o)
                0x0011445c                memmove
 .text._realloc_r
                0x00114604      0x4f0 C:/devkitPro/devkitARM/bin/../lib/gcc/arm-none-eabi/16.1.0/../../../../arm-none-eabi/lib/armv6k/fpu\libg.a(libc_a-reallocr.o)
                0x00114604                _realloc_r
 .text.get_arg  0x00114af4      0x5e0 C:/devkitPro/devkitARM/bin/../lib/gcc/arm-none-eabi/16.1.0/../../../../arm-none-eabi/lib/armv6k/fpu\libg.a(libc_a-vfiprintf.o)
 .text._vfiprintf_r
                0x001150d4     0x22f8 C:/devkitPro/devkitARM/bin/../lib/gcc/arm-none-eabi/16.1.0/../../../../arm-none-eabi/lib/armv6k/fpu\libg.a(libc_a-vfiprintf.o)
                0x001150d4                _vfiprintf_r
 .text.__sbprintf
                0x001173cc       0xb4 C:/devkitPro/devkitARM/bin/../lib/gcc/arm-none-eabi/16.1.0/../../../../arm-none-eabi/lib/armv6k/fpu\libg.a(libc_a-vfiprintf.o)
 .text._raise_r
                0x00117480       0x9c C:/devkitPro/devkitARM/bin/../lib/gcc/arm-none-eabi/16.1.0/../../../../arm-none-eabi/lib/armv6k/fpu\libg.a(libc_a-signal.o)
                0x00117480                _raise_r
 .text.raise    0x0011751c       0x20 C:/devkitPro/devkitARM/bin/../lib/gcc/arm-none-eabi/16.1.0/../../../../arm-none-eabi/lib/armv6k/fpu\libg.a(libc_a-signal.o)
                0x0011751c                raise
 .text._exit    0x0011753c       0x20 C:/devkitPro/devkitARM/bin/../lib/gcc/arm-none-eabi/16.1.0/../../../../arm-none-eabi/lib/armv6k/fpu\libsysbase.a(libsysbase_libsysbase_a-_exit.o)
                0x0011753c                _exit
 .text.chdir    0x0011755c      0x140 C:/devkitPro/devkitARM/bin/../lib/gcc/arm-none-eabi/16.1.0/../../../../arm-none-eabi/lib/armv6k/fpu\libsysbase.a(libsysbase_libsysbase_a-chdir.o)
                0x0011755c                chdir
 .text._concatenate_path
                0x0011769c      0x1c8 C:/devkitPro/devkitARM/bin/../lib/gcc/arm-none-eabi/16.1.0/../../../../arm-none-eabi/lib/armv6k/fpu\libsysbase.a(libsysbase_libsysbase_a-concatenate.o)
                0x0011769c                _concatenate_path
 .text._fstat_r
                0x00117864       0x9c C:/devkitPro/devkitARM/bin/../lib/gcc/arm-none-eabi/16.1.0/../../../../arm-none-eabi/lib/armv6k/fpu\libsysbase.a(libsysbase_libsysbase_a-fstat.o)
                0x00117864                _fstat_r
 .text._getpid_r
                0x00117900       0x14 C:/devkitPro/devkitARM/bin/../lib/gcc/arm-none-eabi/16.1.0/../../../../arm-none-eabi/lib/armv6k/fpu\libsysbase.a(libsysbase_libsysbase_a-getpid.o)
                0x00117900                _getpid_r
 .text.__getreent
                0x00117914       0x2c C:/devkitPro/devkitARM/bin/../lib/gcc/arm-none-eabi/16.1.0/../../../../arm-none-eabi/lib/armv6k/fpu\libsysbase.a(libsysbase_libsysbase_a-getreent.o)
                0x00117914                __getreent
 .text.__get_handle
                0x00117940       0x58 C:/devkitPro/devkitARM/bin/../lib/gcc/arm-none-eabi/16.1.0/../../../../arm-none-eabi/lib/armv6k/fpu\libsysbase.a(libsysbase_libsysbase_a-handle_manager.o)
                0x00117940                __get_handle
 .text._close_r
                0x00117998      0x110 C:/devkitPro/devkitARM/bin/../lib/gcc/arm-none-eabi/16.1.0/../../../../arm-none-eabi/lib/armv6k/fpu\libsysbase.a(libsysbase_libsysbase_a-handle_manager.o)
                0x00117998                _close_r
 .text.null_write
                0x00117aa8        0x8 C:/devkitPro/devkitARM/bin/../lib/gcc/arm-none-eabi/16.1.0/../../../../arm-none-eabi/lib/armv6k/fpu\libsysbase.a(libsysbase_libsysbase_a-iosupport.o)
 .text.setDefaultDevice
                0x00117ab0       0x18 C:/devkitPro/devkitARM/bin/../lib/gcc/arm-none-eabi/16.1.0/../../../../arm-none-eabi/lib/armv6k/fpu\libsysbase.a(libsysbase_libsysbase_a-iosupport.o)
                0x00117ab0                setDefaultDevice
 .text.FindDevice
                0x00117ac8       0x98 C:/devkitPro/devkitARM/bin/../lib/gcc/arm-none-eabi/16.1.0/../../../../arm-none-eabi/lib/armv6k/fpu\libsysbase.a(libsysbase_libsysbase_a-iosupport.o)
                0x00117ac8                FindDevice
 .text.RemoveDevice
                0x00117b60       0x24 C:/devkitPro/devkitARM/bin/../lib/gcc/arm-none-eabi/16.1.0/../../../../arm-none-eabi/lib/armv6k/fpu\libsysbase.a(libsysbase_libsysbase_a-iosupport.o)
                0x00117b60                RemoveDevice
 .text.AddDevice
                0x00117b84       0x88 C:/devkitPro/devkitARM/bin/../lib/gcc/arm-none-eabi/16.1.0/../../../../arm-none-eabi/lib/armv6k/fpu\libsysbase.a(libsysbase_libsysbase_a-iosupport.o)
                0x00117b84                AddDevice
 .text.GetDeviceOpTab
                0x00117c0c       0x20 C:/devkitPro/devkitARM/bin/../lib/gcc/arm-none-eabi/16.1.0/../../../../arm-none-eabi/lib/armv6k/fpu\libsysbase.a(libsysbase_libsysbase_a-iosupport.o)
                0x00117c0c                GetDeviceOpTab
 .text._isatty_r
                0x00117c2c        0x8 C:/devkitPro/devkitARM/bin/../lib/gcc/arm-none-eabi/16.1.0/../../../../arm-none-eabi/lib/armv6k/fpu\libsysbase.a(libsysbase_libsysbase_a-isatty.o)
                0x00117c2c                _isatty_r
 .text._kill_r  0x00117c34       0x14 C:/devkitPro/devkitARM/bin/../lib/gcc/arm-none-eabi/16.1.0/../../../../arm-none-eabi/lib/armv6k/fpu\libsysbase.a(libsysbase_libsysbase_a-kill.o)
                0x00117c34                _kill_r
 .text._lseek_r
                0x00117c48       0x94 C:/devkitPro/devkitARM/bin/../lib/gcc/arm-none-eabi/16.1.0/../../../../arm-none-eabi/lib/armv6k/fpu\libsysbase.a(libsysbase_libsysbase_a-lseek.o)
                0x00117c48                _lseek_r
 .text._read_r  0x00117cdc       0x94 C:/devkitPro/devkitARM/bin/../lib/gcc/arm-none-eabi/16.1.0/../../../../arm-none-eabi/lib/armv6k/fpu\libsysbase.a(libsysbase_libsysbase_a-read.o)
                0x00117cdc                _read_r
 .text._sbrk_r  0x00117d70       0x78 C:/devkitPro/devkitARM/bin/../lib/gcc/arm-none-eabi/16.1.0/../../../../arm-none-eabi/lib/armv6k/fpu\libsysbase.a(libsysbase_libsysbase_a-sbrk.o)
                0x00117d70                _sbrk_r
 .text.__libc_lock_acquire
                0x00117de8       0x1c C:/devkitPro/devkitARM/bin/../lib/gcc/arm-none-eabi/16.1.0/../../../../arm-none-eabi/lib/armv6k/fpu\libsysbase.a(libsysbase_libsysbase_a-syscall_support.o)
                0x00117de8                __libc_lock_acquire
 .text.__libc_lock_release
                0x00117e04       0x1c C:/devkitPro/devkitARM/bin/../lib/gcc/arm-none-eabi/16.1.0/../../../../arm-none-eabi/lib/armv6k/fpu\libsysbase.a(libsysbase_libsysbase_a-syscall_support.o)
                0x00117e04                __libc_lock_release
 .text.__libc_lock_acquire_recursive
                0x00117e20       0x1c C:/devkitPro/devkitARM/bin/../lib/gcc/arm-none-eabi/16.1.0/../../../../arm-none-eabi/lib/armv6k/fpu\libsysbase.a(libsysbase_libsysbase_a-syscall_support.o)
                0x00117e20                __libc_lock_acquire_recursive
 .text.__libc_lock_release_recursive
                0x00117e3c       0x1c C:/devkitPro/devkitARM/bin/../lib/gcc/arm-none-eabi/16.1.0/../../../../arm-none-eabi/lib/armv6k/fpu\libsysbase.a(libsysbase_libsysbase_a-syscall_support.o)
                0x00117e3c                __libc_lock_release_recursive
 .text._write_r
                0x00117e58       0x94 C:/devkitPro/devkitARM/bin/../lib/gcc/arm-none-eabi/16.1.0/../../../../arm-none-eabi/lib/armv6k/fpu\libsysbase.a(libsysbase_libsysbase_a-write.o)
                0x00117e58                _write_r
 .text.strrchr  0x00117eec       0x48 C:/devkitPro/devkitARM/bin/../lib/gcc/arm-none-eabi/16.1.0/../../../../arm-none-eabi/lib/armv6k/fpu\libg.a(libc_a-strrchr.o)
                0x00117eec                strrchr
 *(.glue_7)
 .glue_7        0x00117f34        0x0 linker stubs
 *(.glue_7t)
 .glue_7t       0x00117f34        0x0 linker stubs
 *(.stub)
 *(.gnu.warning)
 *(.gnu.linkonce.t*)
                0x00117f34                        . = ALIGN (0x4)
 *(.fini)
 .fini          0x00117f34        0xc C:/devkitPro/devkitARM/bin/../lib/gcc/arm-none-eabi/16.1.0/armv6k/fpu/crti.o
                0x00117f34                _fini
 .fini          0x00117f40        0xc C:/devkitPro/devkitARM/bin/../lib/gcc/arm-none-eabi/16.1.0/armv6k/fpu/crtn.o
                0x00117f4c                        . = ALIGN (0x4)

.vfp11_veneer   0x00117f4c        0x0
 .vfp11_veneer  0x00117f4c        0x0 linker stubs

.v4_bx          0x00117f4c        0x0
 .v4_bx         0x00117f4c        0x0 linker stubs

.iplt           0x00117f4c        0x0
 .iplt          0x00117f4c        0x0 C:/devkitPro/devkitARM/bin/../lib/gcc/arm-none-eabi/16.1.0/../../../../arm-none-eabi/lib/armv6k/fpu/3dsx_crt0.o
                0x00118000                        . = ALIGN (0x1000)

.rodata         0x00118000     0x1c90
 *(.rodata)
 .rodata        0x00118000       0x30 main.o
 .rodata        0x00118030        0xc C:/devkitPro/libctru/lib\libctru.a(archive_dev.o)
 *(.roda)
 *(.rodata.*)
 .rodata.str1.4
                0x0011803c      0x975 main.o
                                0x744 (size before relaxing)
 *fill*         0x001189b1        0x3 
 .rodata.cst32  0x001189b4       0x20 main.o
 .rodata.consolePrintChar
                0x001189d4        0x6 C:/devkitPro/libctru/lib\libctru.a(console.o)
 .rodata.con_write
                0x001189da      0x23c C:/devkitPro/libctru/lib\libctru.a(console.o)
 .rodata.str1.4
                0x00118c16        0x0 C:/devkitPro/libctru/lib\libctru.a(console.o)
                                 0x10 (size before relaxing)
 *fill*         0x00118c16        0x2 
 .rodata.dotab_stdout
                0x00118c18       0x80 C:/devkitPro/libctru/lib\libctru.a(console.o)
 .rodata.grayScale
                0x00118c98       0x18 C:/devkitPro/libctru/lib\libctru.a(console.o)
 .rodata.colorCube
                0x00118cb0        0x6 C:/devkitPro/libctru/lib\libctru.a(console.o)
 *fill*         0x00118cb6        0x2 
 .rodata.colorTable
                0x00118cb8       0x30 C:/devkitPro/libctru/lib\libctru.a(console.o)
 .rodata.aptEventHandler
                0x00118ce8        0xb C:/devkitPro/libctru/lib\libctru.a(apt.o)
 .rodata.aptWaitForWakeUp.isra.0
                0x00118cf3       0x11 C:/devkitPro/libctru/lib\libctru.a(apt.o)
 .rodata.morton_y.2
                0x00118d04        0x8 C:/devkitPro/libctru/lib\libctru.a(apt.o)
 .rodata.morton_x.3
                0x00118d0c        0x8 C:/devkitPro/libctru/lib\libctru.a(apt.o)
 .rodata.s_sleepWakeEvents.4
                0x00118d14        0x8 C:/devkitPro/libctru/lib\libctru.a(apt.o)
 .rodata.str1.4
                0x00118d1c        0x0 C:/devkitPro/libctru/lib\libctru.a(apt.o)
                                 0x16 (size before relaxing)
 .rodata.serviceNameTable.5
                0x00118d1c        0xc C:/devkitPro/libctru/lib\libctru.a(apt.o)
 .rodata.gspInit.str1.4
                0x00118d28        0x0 C:/devkitPro/libctru/lib\libctru.a(gspgpu.o)
                                  0x9 (size before relaxing)
 .rodata.hidInit.str1.4
                0x00118d28        0x0 C:/devkitPro/libctru/lib\libctru.a(hid.o)
                                 0x15 (size before relaxing)
 .rodata.irrstInit.str1.4
                0x00118d28        0x0 C:/devkitPro/libctru/lib\libctru.a(irrst.o)
                                  0x7 (size before relaxing)
 .rodata.__system_initArgv.str1.4
                0x00118d28        0x0 C:/devkitPro/libctru/lib\libctru.a(initArgv.o)
                                  0xa (size before relaxing)
 .rodata.default_font_bin
                0x00118d28      0x800 C:/devkitPro/libctru/lib\libctru.a(default_font.bin.o)
                0x00118d28                default_font_bin
                0x00119528                default_font_bin_end
 .rodata.srvInit.str1.4
                0x00119528        0x0 C:/devkitPro/libctru/lib\libctru.a(srv.o)
                                  0x5 (size before relaxing)
 .rodata.ptmSysmInit.str1.4
                0x00119528        0x0 C:/devkitPro/libctru/lib\libctru.a(ptmsysm.o)
                                  0x9 (size before relaxing)
 .rodata.archive_utf16path.str1.4
                0x00119528        0x0 C:/devkitPro/libctru/lib\libctru.a(archive_dev.o)
                                  0x2 (size before relaxing)
 .rodata._archiveUnmountDeviceStruct.part.0.str1.4
                0x00119528        0x0 C:/devkitPro/libctru/lib\libctru.a(archive_dev.o)
                                  0x2 (size before relaxing)
 .rodata._archiveMountDevice.str1.4
                0x00119528        0x0 C:/devkitPro/libctru/lib\libctru.a(archive_dev.o)
                                  0xc (size before relaxing)
 .rodata.archiveMountSdmc.str1.4
                0x00119528        0x0 C:/devkitPro/libctru/lib\libctru.a(archive_dev.o)
                                  0x5 (size before relaxing)
 .rodata.error_table
                0x00119528       0x30 C:/devkitPro/libctru/lib\libctru.a(archive_dev.o)
 .rodata.str1.4
                0x00119558        0x0 C:/devkitPro/libctru/lib\libctru.a(archive_dev.o)
                                  0x8 (size before relaxing)
 .rodata.archive_devoptab
                0x00119558       0x80 C:/devkitPro/libctru/lib\libctru.a(archive_dev.o)
 .rodata.fsInit.str1.4
                0x001195d8        0x0 C:/devkitPro/libctru/lib\libctru.a(fs.o)
                                  0x8 (size before relaxing)
 .rodata._ctype_
                0x001195d8      0x101 C:/devkitPro/devkitARM/bin/../lib/gcc/arm-none-eabi/16.1.0/../../../../arm-none-eabi/lib/armv6k/fpu\libg.a(libc_a-ctype_.o)
                0x001195d8                _ctype_
 *fill*         0x001196d9        0x1 
 .rodata.get_arg
                0x001196da       0x34 C:/devkitPro/devkitARM/bin/../lib/gcc/arm-none-eabi/16.1.0/../../../../arm-none-eabi/lib/armv6k/fpu\libg.a(libc_a-vfprintf.o)
 .rodata._vfprintf_r.str1.1
                0x0011970e       0x3b C:/devkitPro/devkitARM/bin/../lib/gcc/arm-none-eabi/16.1.0/../../../../arm-none-eabi/lib/armv6k/fpu\libg.a(libc_a-vfprintf.o)
 *fill*         0x00119749        0x1 
 .rodata._vfprintf_r
                0x0011974a       0xb6 C:/devkitPro/devkitARM/bin/../lib/gcc/arm-none-eabi/16.1.0/../../../../arm-none-eabi/lib/armv6k/fpu\libg.a(libc_a-vfprintf.o)
 .rodata.zeroes.0
                0x00119800       0x10 C:/devkitPro/devkitARM/bin/../lib/gcc/arm-none-eabi/16.1.0/../../../../arm-none-eabi/lib/armv6k/fpu\libg.a(libc_a-vfprintf.o)
 .rodata.blanks.1
                0x00119810       0x10 C:/devkitPro/devkitARM/bin/../lib/gcc/arm-none-eabi/16.1.0/../../../../arm-none-eabi/lib/armv6k/fpu\libg.a(libc_a-vfprintf.o)
 .rodata.__action_table
                0x00119820       0x6c C:/devkitPro/devkitARM/bin/../lib/gcc/arm-none-eabi/16.1.0/../../../../arm-none-eabi/lib/armv6k/fpu\libg.a(libc_a-svfiprintf.o)
                0x00119820                __action_table
 .rodata.__state_table
                0x0011988c       0x6c C:/devkitPro/devkitARM/bin/../lib/gcc/arm-none-eabi/16.1.0/../../../../arm-none-eabi/lib/armv6k/fpu\libg.a(libc_a-svfiprintf.o)
                0x0011988c                __state_table
 .rodata.__chclass
                0x001198f8      0x100 C:/devkitPro/devkitARM/bin/../lib/gcc/arm-none-eabi/16.1.0/../../../../arm-none-eabi/lib/armv6k/fpu\libg.a(libc_a-svfiprintf.o)
                0x001198f8                __chclass
 .rodata.str1.4
                0x001199f8        0x0 C:/devkitPro/devkitARM/bin/../lib/gcc/arm-none-eabi/16.1.0/../../../../arm-none-eabi/lib/armv6k/fpu\libg.a(libc_a-locale.o)
                                 0x4c (size before relaxing)
 .rodata._dtoa_r.str1.4
                0x001199f8        0x0 C:/devkitPro/devkitARM/bin/../lib/gcc/arm-none-eabi/16.1.0/../../../../arm-none-eabi/lib/armv6k/fpu\libg.a(libc_a-dtoa.o)
                                 0x9c (size before relaxing)
 .rodata._dtoa_r
                0x001199f8        0x8 C:/devkitPro/devkitARM/bin/../lib/gcc/arm-none-eabi/16.1.0/../../../../arm-none-eabi/lib/armv6k/fpu\libg.a(libc_a-dtoa.o)
 .rodata.__assert_func.str1.4
                0x00119a00        0x0 C:/devkitPro/devkitARM/bin/../lib/gcc/arm-none-eabi/16.1.0/../../../../arm-none-eabi/lib/armv6k/fpu\libg.a(libc_a-assert.o)
                                 0x43 (size before relaxing)
 .rodata.__multadd.str1.4
                0x00119a00        0x0 C:/devkitPro/devkitARM/bin/../lib/gcc/arm-none-eabi/16.1.0/../../../../arm-none-eabi/lib/armv6k/fpu\libg.a(libc_a-mprec.o)
                                 0x89 (size before relaxing)
 .rodata.p05.0  0x00119a00        0xc C:/devkitPro/devkitARM/bin/../lib/gcc/arm-none-eabi/16.1.0/../../../../arm-none-eabi/lib/armv6k/fpu\libg.a(libc_a-mprec.o)
 *fill*         0x00119a0c        0x4 
 .rodata.__mprec_bigtens
                0x00119a10       0x28 C:/devkitPro/devkitARM/bin/../lib/gcc/arm-none-eabi/16.1.0/../../../../arm-none-eabi/lib/armv6k/fpu\libg.a(libc_a-mprec.o)
                0x00119a10                __mprec_bigtens
 .rodata.__mprec_tens
                0x00119a38       0xc8 C:/devkitPro/devkitARM/bin/../lib/gcc/arm-none-eabi/16.1.0/../../../../arm-none-eabi/lib/armv6k/fpu\libg.a(libc_a-mprec.o)
                0x00119a38                __mprec_tens
 .rodata.get_arg
                0x00119b00       0x34 C:/devkitPro/devkitARM/bin/../lib/gcc/arm-none-eabi/16.1.0/../../../../arm-none-eabi/lib/armv6k/fpu\libg.a(libc_a-vfiprintf.o)
 .rodata._vfiprintf_r.str1.1
                0x00119b34        0x0 C:/devkitPro/devkitARM/bin/../lib/gcc/arm-none-eabi/16.1.0/../../../../arm-none-eabi/lib/armv6k/fpu\libg.a(libc_a-vfiprintf.o)
                                 0x29 (size before relaxing)
 .rodata._vfiprintf_r
                0x00119b34       0xb6 C:/devkitPro/devkitARM/bin/../lib/gcc/arm-none-eabi/16.1.0/../../../../arm-none-eabi/lib/armv6k/fpu\libg.a(libc_a-vfiprintf.o)
 *fill*         0x00119bea        0x2 
 .rodata.zeroes.0
                0x00119bec       0x10 C:/devkitPro/devkitARM/bin/../lib/gcc/arm-none-eabi/16.1.0/../../../../arm-none-eabi/lib/armv6k/fpu\libg.a(libc_a-vfiprintf.o)
 .rodata.blanks.1
                0x00119bfc       0x10 C:/devkitPro/devkitARM/bin/../lib/gcc/arm-none-eabi/16.1.0/../../../../arm-none-eabi/lib/armv6k/fpu\libg.a(libc_a-vfiprintf.o)
 .rodata.str1.4
                0x00119c0c        0x0 C:/devkitPro/devkitARM/bin/../lib/gcc/arm-none-eabi/16.1.0/../../../../arm-none-eabi/lib/armv6k/fpu\libsysbase.a(libsysbase_libsysbase_a-iosupport.o)
                                  0x8 (size before relaxing)
 .rodata.dotab_stdnull
                0x00119c0c       0x80 C:/devkitPro/devkitARM/bin/../lib/gcc/arm-none-eabi/16.1.0/../../../../arm-none-eabi/lib/armv6k/fpu\libsysbase.a(libsysbase_libsysbase_a-iosupport.o)
                0x00119c0c                dotab_stdnull
 *all.rodata*(*)
 *(.gnu.linkonce.r*)
                0x00119c8c                        . = ALIGN (0x4)
                0x00119c8c                        __tdata_align = .
                0x00119c8c        0x4 LONG 0x4 ALIGNOF (.tdata)
                0x00119c90                        . = ALIGN (0x4)

.eh_frame       0x00119c90        0x0
 .eh_frame      0x00119c90        0x0 C:/devkitPro/devkitARM/bin/../lib/gcc/arm-none-eabi/16.1.0/armv6k/fpu/crtbegin.o

.rel.dyn        0x00119c90        0x0
 .rel.iplt      0x00119c90        0x0 C:/devkitPro/devkitARM/bin/../lib/gcc/arm-none-eabi/16.1.0/../../../../arm-none-eabi/lib/armv6k/fpu/3dsx_crt0.o
 .rel.got       0x00119c90        0x0 C:/devkitPro/devkitARM/bin/../lib/gcc/arm-none-eabi/16.1.0/../../../../arm-none-eabi/lib/armv6k/fpu/3dsx_crt0.o

.ARM.extab
 *(.ARM.extab* .gnu.linkonce.armextab.*)
                0x00119c90                        __exidx_start = .

.ARM.exidx
 *(.ARM.exidx* .gnu.linkonce.armexidx.*)
                0x00119c90                        __exidx_end = .
                0x0011a000                        . = ALIGN (0x1000)

.data           0x0011a000     0x1d8c
 *(.data)
 *(.data.*)
 .data.firstConsoleInit.0
                0x0011a000        0x1 C:/devkitPro/libctru/lib\libctru.a(console.o)
 *fill*         0x0011a001        0x3 
 .data.currentConsole
                0x0011a004        0x4 C:/devkitPro/libctru/lib\libctru.a(console.o)
                0x0011a004                currentConsole
 .data.defaultConsole
                0x0011a008       0x48 C:/devkitPro/libctru/lib\libctru.a(console.o)
                0x0011a008                defaultConsole
 .data.aptChainloadDeliverArgSize
                0x0011a050        0x4 C:/devkitPro/libctru/lib\libctru.a(apt.o)
 .data.kCount   0x0011a054        0x4 C:/devkitPro/libctru/lib\libctru.a(hid.o)
 .data.kInterval
                0x0011a058        0x4 C:/devkitPro/libctru/lib\libctru.a(hid.o)
 .data.kDelay   0x0011a05c        0x4 C:/devkitPro/libctru/lib\libctru.a(hid.o)
 .data.__stacksize__
                0x0011a060        0x4 C:/devkitPro/libctru/lib\libctru.a(stack_adjust.o)
                0x0011a060                __stacksize__
 .data._impure_ptr
                0x0011a064        0x4 C:/devkitPro/devkitARM/bin/../lib/gcc/arm-none-eabi/16.1.0/../../../../arm-none-eabi/lib/armv6k/fpu\libg.a(libc_a-impure.o)
                0x0011a064                _impure_ptr
 .data._impure_data
                0x0011a068      0x200 C:/devkitPro/devkitARM/bin/../lib/gcc/arm-none-eabi/16.1.0/../../../../arm-none-eabi/lib/armv6k/fpu\libg.a(libc_a-impure.o)
                0x0011a068                _impure_data
 .data.__malloc_sbrk_base
                0x0011a268        0x4 C:/devkitPro/devkitARM/bin/../lib/gcc/arm-none-eabi/16.1.0/../../../../arm-none-eabi/lib/armv6k/fpu\libg.a(libc_a-mallocr.o)
                0x0011a268                __malloc_sbrk_base
 .data.__malloc_trim_threshold
                0x0011a26c        0x4 C:/devkitPro/devkitARM/bin/../lib/gcc/arm-none-eabi/16.1.0/../../../../arm-none-eabi/lib/armv6k/fpu\libg.a(libc_a-mallocr.o)
                0x0011a26c                __malloc_trim_threshold
 .data.__malloc_av_
                0x0011a270      0x408 C:/devkitPro/devkitARM/bin/../lib/gcc/arm-none-eabi/16.1.0/../../../../arm-none-eabi/lib/armv6k/fpu\libg.a(libc_a-mallocr.o)
                0x0011a270                __malloc_av_
 .data.__sglue  0x0011a678        0xc C:/devkitPro/devkitARM/bin/../lib/gcc/arm-none-eabi/16.1.0/../../../../arm-none-eabi/lib/armv6k/fpu\libg.a(libc_a-findfp.o)
                0x0011a678                __sglue
 .data.__global_locale
                0x0011a684      0x254 C:/devkitPro/devkitARM/bin/../lib/gcc/arm-none-eabi/16.1.0/../../../../arm-none-eabi/lib/armv6k/fpu\libg.a(libc_a-locale.o)
                0x0011a684                __global_locale
 .data._current_working_directory
                0x0011a8d8      0x400 C:/devkitPro/devkitARM/bin/../lib/gcc/arm-none-eabi/16.1.0/../../../../arm-none-eabi/lib/armv6k/fpu\libsysbase.a(libsysbase_libsysbase_a-chdir.o)
 .data.handles  0x0011acd8     0x1000 C:/devkitPro/devkitARM/bin/../lib/gcc/arm-none-eabi/16.1.0/../../../../arm-none-eabi/lib/armv6k/fpu\libsysbase.a(libsysbase_libsysbase_a-handle_manager.o)
 .data.__stderr_handle
                0x0011bcd8        0xc C:/devkitPro/devkitARM/bin/../lib/gcc/arm-none-eabi/16.1.0/../../../../arm-none-eabi/lib/armv6k/fpu\libsysbase.a(libsysbase_libsysbase_a-handle_manager.o)
 .data.__stdout_handle
                0x0011bce4        0xc C:/devkitPro/devkitARM/bin/../lib/gcc/arm-none-eabi/16.1.0/../../../../arm-none-eabi/lib/armv6k/fpu\libsysbase.a(libsysbase_libsysbase_a-handle_manager.o)
 .data.__stdin_handle
                0x0011bcf0        0xc C:/devkitPro/devkitARM/bin/../lib/gcc/arm-none-eabi/16.1.0/../../../../arm-none-eabi/lib/armv6k/fpu\libsysbase.a(libsysbase_libsysbase_a-handle_manager.o)
 .data.devoptab_list
                0x0011bcfc       0x8c C:/devkitPro/devkitARM/bin/../lib/gcc/arm-none-eabi/16.1.0/../../../../arm-none-eabi/lib/armv6k/fpu\libsysbase.a(libsysbase_libsysbase_a-iosupport.o)
                0x0011bcfc                devoptab_list
 .data.defaultDevice
                0x0011bd88        0x4 C:/devkitPro/devkitARM/bin/../lib/gcc/arm-none-eabi/16.1.0/../../../../arm-none-eabi/lib/armv6k/fpu\libsysbase.a(libsysbase_libsysbase_a-iosupport.o)
 *(.gnu.linkonce.d*)
                0x0011bd8c                        . = ALIGN (0x4)

.igot.plt       0x0011bd8c        0x0
 .igot.plt      0x0011bd8c        0x0 C:/devkitPro/devkitARM/bin/../lib/gcc/arm-none-eabi/16.1.0/../../../../arm-none-eabi/lib/armv6k/fpu/3dsx_crt0.o

.got            0x0011bd8c        0x8
 .got           0x0011bd8c        0x8 C:/devkitPro/devkitARM/bin/../lib/gcc/arm-none-eabi/16.1.0/../../../../arm-none-eabi/lib/armv6k/fpu/3dsx_crt0.o

.got.plt        0x0011bd94        0xc
 .got.plt       0x0011bd94        0xc C:/devkitPro/devkitARM/bin/../lib/gcc/arm-none-eabi/16.1.0/../../../../arm-none-eabi/lib/armv6k/fpu/3dsx_crt0.o
                0x0011bd94                _GLOBAL_OFFSET_TABLE_

.tdata          0x0011bda0        0x0
                0x0011bda0                        __tdata_lma = .
 *(.tdata)
 *(.tdata.*)
 *(.gnu.linkonce.td.*)
                0x0011bda0                        . = ALIGN (0x4)
                0x0011bda0                        __tdata_lma_end = .

.tbss           0x0011bda0      0xc08
 *(.tbss)
 *(.tbss.*)
 .tbss.__ctru_dev_utf16_buf
                0x0011bda0      0x802 C:/devkitPro/libctru/lib\libctru.a(path_buf.o)
                0x0011bda0                __ctru_dev_utf16_buf
 *fill*         0x0011c5a2        0x2 
 .tbss.__ctru_dev_path_buf
                0x0011c5a4      0x401 C:/devkitPro/libctru/lib\libctru.a(path_buf.o)
                0x0011c5a4                __ctru_dev_path_buf
 *(.gnu.linkonce.tb.*)
 *(.tcommon)
                0x0011c9a8                        . = ALIGN (0x4)
 *fill*         0x0011c9a5        0x3 

.preinit_array  0x0011bda0        0x0
                0x0011bda0                        PROVIDE (__preinit_array_start = .)
 *(.preinit_array)
                0x0011bda0                        PROVIDE (__preinit_array_end = .)

.init_array     0x0011bda0        0x4
                0x0011bda0                        PROVIDE (__init_array_start = .)
 *(SORT_BY_NAME(.init_array.*))
 *(.init_array)
 .init_array    0x0011bda0        0x4 C:/devkitPro/devkitARM/bin/../lib/gcc/arm-none-eabi/16.1.0/armv6k/fpu/crtbegin.o
                0x0011bda4                        PROVIDE (__init_array_end = .)

.fini_array     0x0011bda4        0x4
                0x0011bda4                        PROVIDE (__fini_array_start = .)
 *(.fini_array)
 .fini_array    0x0011bda4        0x4 C:/devkitPro/devkitARM/bin/../lib/gcc/arm-none-eabi/16.1.0/armv6k/fpu/crtbegin.o
 *(SORT_BY_NAME(.fini_array.*))
                0x0011bda8                        PROVIDE (__fini_array_end = .)

.ctors
 *crtbegin.o(.ctors)
 *(EXCLUDE_FILE(*crtend.o) .ctors)
 *(SORT_BY_NAME(.ctors.*))
 *(.ctors)

.dtors
 *crtbegin.o(.dtors)
 *(EXCLUDE_FILE(*crtend.o) .dtors)
 *(SORT_BY_NAME(.dtors.*))
 *(.dtors)
                0x0011bda8                        __bss_start__ = .

.bss            0x0011bda8     0x2e28
 *(.dynbss)
 *(.bss)
 .bss           0x0011bda8        0x5 main.o
 *(.bss.*)
 .bss.completed.1
                0x0011bdad        0x1 C:/devkitPro/devkitARM/bin/../lib/gcc/arm-none-eabi/16.1.0/armv6k/fpu/crtbegin.o
 *fill*         0x0011bdae        0x2 
 .bss.object.0  0x0011bdb0       0x18 C:/devkitPro/devkitARM/bin/../lib/gcc/arm-none-eabi/16.1.0/armv6k/fpu/crtbegin.o
 .bss.escapeSeq
                0x0011bdc8       0x64 C:/devkitPro/libctru/lib\libctru.a(console.o)
 .bss.currentCopy
                0x0011be2c       0x48 C:/devkitPro/libctru/lib\libctru.a(console.o)
                0x0011be2c                currentCopy
 .bss.screenAlloc
                0x0011be74        0x4 C:/devkitPro/libctru/lib\libctru.a(gfx.o)
 .bss.screenFree
                0x0011be78        0x4 C:/devkitPro/libctru/lib\libctru.a(gfx.o)
 .bss.gfxIsDoubleBuf
                0x0011be7c        0x2 C:/devkitPro/libctru/lib\libctru.a(gfx.o)
 *fill*         0x0011be7e        0x2 
 .bss.gfxCurBuf
                0x0011be80        0x2 C:/devkitPro/libctru/lib\libctru.a(gfx.o)
 .bss.gfxIsVram
                0x0011be82        0x1 C:/devkitPro/libctru/lib\libctru.a(gfx.o)
 .bss.gfxTopMode
                0x0011be83        0x1 C:/devkitPro/libctru/lib\libctru.a(gfx.o)
 .bss.gfxFramebufferFormats
                0x0011be84        0x2 C:/devkitPro/libctru/lib\libctru.a(gfx.o)
 *fill*         0x0011be86        0x2 
 .bss.gfxBottomFramebufferMaxSize
                0x0011be88        0x4 C:/devkitPro/libctru/lib\libctru.a(gfx.o)
 .bss.gfxTopFramebufferMaxSize
                0x0011be8c        0x4 C:/devkitPro/libctru/lib\libctru.a(gfx.o)
 .bss.gfxBottomFramebuffers
                0x0011be90        0x8 C:/devkitPro/libctru/lib\libctru.a(gfx.o)
 .bss.gfxTopFramebuffers
                0x0011be98        0x8 C:/devkitPro/libctru/lib\libctru.a(gfx.o)
 .bss.flagValue.0
                0x0011bea0        0x1 C:/devkitPro/libctru/lib\libctru.a(apt.o)
 .bss.flagInit.1
                0x0011bea1        0x1 C:/devkitPro/libctru/lib\libctru.a(apt.o)
 *fill*         0x0011bea2        0x2 
 .bss.serviceName.6
                0x0011bea4        0x4 C:/devkitPro/libctru/lib\libctru.a(apt.o)
 .bss.aptChainloadFlags
                0x0011bea8        0x1 C:/devkitPro/libctru/lib\libctru.a(apt.o)
 .bss.aptChainloadMediatype
                0x0011bea9        0x1 C:/devkitPro/libctru/lib\libctru.a(apt.o)
 *fill*         0x0011beaa        0x2 
 .bss.aptChainloadHmac
                0x0011beac       0x20 C:/devkitPro/libctru/lib\libctru.a(apt.o)
 .bss.aptChainloadDeliverArg
                0x0011becc      0x300 C:/devkitPro/libctru/lib\libctru.a(apt.o)
 *fill*         0x0011c1cc        0x4 
 .bss.aptChainloadTid
                0x0011c1d0        0x8 C:/devkitPro/libctru/lib\libctru.a(apt.o)
 .bss.aptParameters
                0x0011c1d8     0x1000 C:/devkitPro/libctru/lib\libctru.a(apt.o)
 .bss.aptFlags  0x0011d1d8        0x4 C:/devkitPro/libctru/lib\libctru.a(apt.o)
 .bss.aptHomeButtonState
                0x0011d1dc        0x1 C:/devkitPro/libctru/lib\libctru.a(apt.o)
 *fill*         0x0011d1dd        0x3 
 .bss.aptMessageFuncData
                0x0011d1e0        0x4 C:/devkitPro/libctru/lib\libctru.a(apt.o)
 .bss.aptMessageFunc
                0x0011d1e4        0x4 C:/devkitPro/libctru/lib\libctru.a(apt.o)
 .bss.aptFirstHook
                0x0011d1e8        0xc C:/devkitPro/libctru/lib\libctru.a(apt.o)
 .bss.aptEventHandlerThreadQuit
                0x0011d1f4        0x1 C:/devkitPro/libctru/lib\libctru.a(apt.o)
 *fill*         0x0011d1f5        0x3 
 .bss.aptEventHandlerThread
                0x0011d1f8        0x4 C:/devkitPro/libctru/lib\libctru.a(apt.o)
 .bss.aptSleepEvent
                0x0011d1fc        0x8 C:/devkitPro/libctru/lib\libctru.a(apt.o)
 .bss.aptReceiveEvent
                0x0011d204        0x8 C:/devkitPro/libctru/lib\libctru.a(apt.o)
 .bss.aptEvents
                0x0011d20c        0x8 C:/devkitPro/libctru/lib\libctru.a(apt.o)
 .bss.aptLockHandle
                0x0011d214        0x4 C:/devkitPro/libctru/lib\libctru.a(apt.o)
 .bss.aptRefCount
                0x0011d218        0x4 C:/devkitPro/libctru/lib\libctru.a(apt.o)
 .bss.gspEventCbOneShot
                0x0011d21c        0x7 C:/devkitPro/libctru/lib\libctru.a(gspgpu.o)
 *fill*         0x0011d223        0x1 
 .bss.gspEventCbData
                0x0011d224       0x1c C:/devkitPro/libctru/lib\libctru.a(gspgpu.o)
 .bss.gspEventCb
                0x0011d240       0x1c C:/devkitPro/libctru/lib\libctru.a(gspgpu.o)
 .bss.gspEvents
                0x0011d25c       0x38 C:/devkitPro/libctru/lib\libctru.a(gspgpu.o)
 .bss.gspLastEvent
                0x0011d294        0x4 C:/devkitPro/libctru/lib\libctru.a(gspgpu.o)
 .bss.gspRunEvents
                0x0011d298        0x1 C:/devkitPro/libctru/lib\libctru.a(gspgpu.o)
 *fill*         0x0011d299        0x3 
 .bss.gspEventThread
                0x0011d29c        0x4 C:/devkitPro/libctru/lib\libctru.a(gspgpu.o)
 .bss.gspEvent  0x0011d2a0        0x4 C:/devkitPro/libctru/lib\libctru.a(gspgpu.o)
 .bss.gspGpuRight
                0x0011d2a4        0x1 C:/devkitPro/libctru/lib\libctru.a(gspgpu.o)
 .bss.gspThreadId
                0x0011d2a5        0x1 C:/devkitPro/libctru/lib\libctru.a(gspgpu.o)
 *fill*         0x0011d2a6        0x2 
 .bss.gspSharedMem
                0x0011d2a8        0x4 C:/devkitPro/libctru/lib\libctru.a(gspgpu.o)
 .bss.gspSharedMemHandle
                0x0011d2ac        0x4 C:/devkitPro/libctru/lib\libctru.a(gspgpu.o)
 .bss.gspRefCount
                0x0011d2b0        0x4 C:/devkitPro/libctru/lib\libctru.a(gspgpu.o)
 .bss.gspGpuHandle
                0x0011d2b4        0x4 C:/devkitPro/libctru/lib\libctru.a(gspgpu.o)
 .bss.usingIrrst
                0x0011d2b8        0x1 C:/devkitPro/libctru/lib\libctru.a(hid.o)
 *fill*         0x0011d2b9        0x3 
 .bss.hidRefCount
                0x0011d2bc        0x4 C:/devkitPro/libctru/lib\libctru.a(hid.o)
 .bss.gRate     0x0011d2c0        0x6 C:/devkitPro/libctru/lib\libctru.a(hid.o)
 *fill*         0x0011d2c6        0x2 
 .bss.aVec      0x0011d2c8        0x6 C:/devkitPro/libctru/lib\libctru.a(hid.o)
 *fill*         0x0011d2ce        0x2 
 .bss.cPos      0x0011d2d0        0x4 C:/devkitPro/libctru/lib\libctru.a(hid.o)
 .bss.tPos      0x0011d2d4        0x4 C:/devkitPro/libctru/lib\libctru.a(hid.o)
 .bss.kRepeat   0x0011d2d8        0x4 C:/devkitPro/libctru/lib\libctru.a(hid.o)
 .bss.kUp       0x0011d2dc        0x4 C:/devkitPro/libctru/lib\libctru.a(hid.o)
 .bss.kDown     0x0011d2e0        0x4 C:/devkitPro/libctru/lib\libctru.a(hid.o)
 .bss.kHeld     0x0011d2e4        0x4 C:/devkitPro/libctru/lib\libctru.a(hid.o)
 .bss.kOld      0x0011d2e8        0x4 C:/devkitPro/libctru/lib\libctru.a(hid.o)
 .bss.hidSharedMem
                0x0011d2ec        0x4 C:/devkitPro/libctru/lib\libctru.a(hid.o)
                0x0011d2ec                hidSharedMem
 .bss.hidEvents
                0x0011d2f0       0x14 C:/devkitPro/libctru/lib\libctru.a(hid.o)
                0x0011d2f0                hidEvents
 .bss.hidMemHandle
                0x0011d304        0x4 C:/devkitPro/libctru/lib\libctru.a(hid.o)
                0x0011d304                hidMemHandle
 .bss.hidHandle
                0x0011d308        0x4 C:/devkitPro/libctru/lib\libctru.a(hid.o)
                0x0011d308                hidHandle
 .bss.irrstRefCount
                0x0011d30c        0x4 C:/devkitPro/libctru/lib\libctru.a(irrst.o)
 .bss.csPos     0x0011d310        0x4 C:/devkitPro/libctru/lib\libctru.a(irrst.o)
 .bss.kHeld     0x0011d314        0x4 C:/devkitPro/libctru/lib\libctru.a(irrst.o)
 .bss.irrstSharedMem
                0x0011d318        0x4 C:/devkitPro/libctru/lib\libctru.a(irrst.o)
                0x0011d318                irrstSharedMem
 .bss.irrstEvent
                0x0011d31c        0x4 C:/devkitPro/libctru/lib\libctru.a(irrst.o)
                0x0011d31c                irrstEvent
 .bss.irrstMemHandle
                0x0011d320        0x4 C:/devkitPro/libctru/lib\libctru.a(irrst.o)
                0x0011d320                irrstMemHandle
 .bss.irrstHandle
                0x0011d324        0x4 C:/devkitPro/libctru/lib\libctru.a(irrst.o)
                0x0011d324                irrstHandle
 .bss.__system_retAddr
                0x0011d328        0x4 C:/devkitPro/libctru/lib\libctru.a(ctru_init.o)
                0x0011d328                __system_retAddr
 .bss.__system_argv
                0x0011d32c        0x4 C:/devkitPro/libctru/lib\libctru.a(initArgv.o)
                0x0011d32c                __system_argv
 .bss.__system_argc
                0x0011d330        0x4 C:/devkitPro/libctru/lib\libctru.a(initArgv.o)
                0x0011d330                __system_argc
 .bss.saved_stack.42
                0x0011d334        0x8 C:/devkitPro/libctru/lib\libctru.a(stack_adjust.o)
 *fill*         0x0011d33c        0x4 
 .bss._ZL11sLinearPool
                0x0011d340        0x8 C:/devkitPro/libctru/lib\libctru.a(linear.o)
 .bss._ZL8sAddrMap
                0x0011d348        0xc C:/devkitPro/libctru/lib\libctru.a(linear.o)
 *fill*         0x0011d354        0x4 
 .bss._ZL10sVramPoolB
                0x0011d358        0x8 C:/devkitPro/libctru/lib\libctru.a(vram.o)
 .bss._ZL10sVramPoolA
                0x0011d360        0x8 C:/devkitPro/libctru/lib\libctru.a(vram.o)
 .bss._ZL8sAddrMap
                0x0011d368        0xc C:/devkitPro/libctru/lib\libctru.a(vram.o)
 .bss.__3dslink_host
                0x0011d374        0x4 C:/devkitPro/libctru/lib\libctru.a(3dslink.o)
                0x0011d374                __3dslink_host
 .bss.__ctru_speedup
                0x0011d378        0x1 C:/devkitPro/libctru/lib\libctru.a(os.o)
                0x0011d378                __ctru_speedup
 *fill*         0x0011d379        0x3 
 .bss.srvRefCount
                0x0011d37c        0x4 C:/devkitPro/libctru/lib\libctru.a(srv.o)
 .bss.srvHandle
                0x0011d380        0x4 C:/devkitPro/libctru/lib\libctru.a(srv.o)
 .bss.arbiter   0x0011d384        0x4 C:/devkitPro/libctru/lib\libctru.a(synchronization.o)
 .bss.currentAddr
                0x0011d388        0x4 C:/devkitPro/libctru/lib\libctru.a(mappable.o)
 .bss.maxAddr   0x0011d38c        0x4 C:/devkitPro/libctru/lib\libctru.a(mappable.o)
 .bss.minAddr   0x0011d390        0x4 C:/devkitPro/libctru/lib\libctru.a(mappable.o)
 .bss.ptmSysmRefCount
                0x0011d394        0x4 C:/devkitPro/libctru/lib\libctru.a(ptmsysm.o)
 .bss.ptmSysmHandle
                0x0011d398        0x4 C:/devkitPro/libctru/lib\libctru.a(ptmsysm.o)
 .bss.srvPmHandle
                0x0011d39c        0x4 C:/devkitPro/libctru/lib\libctru.a(srvpm.o)
 .bss.__ctru_linear_heap_size
                0x0011d3a0        0x4 C:/devkitPro/libctru/lib\libctru.a(allocateHeaps.o)
                0x0011d3a0                __ctru_linear_heap_size
 .bss.__ctru_heap_size
                0x0011d3a4        0x4 C:/devkitPro/libctru/lib\libctru.a(allocateHeaps.o)
                0x0011d3a4                __ctru_heap_size
 .bss.__ctru_linear_heap
                0x0011d3a8        0x4 C:/devkitPro/libctru/lib\libctru.a(allocateHeaps.o)
                0x0011d3a8                __ctru_linear_heap
 .bss.__ctru_heap
                0x0011d3ac        0x4 C:/devkitPro/libctru/lib\libctru.a(allocateHeaps.o)
                0x0011d3ac                __ctru_heap
 .bss.archive_devices
                0x0011d3b0      0x5c0 C:/devkitPro/libctru/lib\libctru.a(archive_dev.o)
 .bss.archive_device_cwd
                0x0011d970        0x4 C:/devkitPro/libctru/lib\libctru.a(archive_dev.o)
 .bss.archive_initialized
                0x0011d974        0x1 C:/devkitPro/libctru/lib\libctru.a(archive_dev.o)
 *fill*         0x0011d975        0x3 
 .bss.fsExemptArchives
                0x0011d978       0x80 C:/devkitPro/libctru/lib\libctru.a(fs.o)
 .bss.fsuRefCount
                0x0011d9f8        0x4 C:/devkitPro/libctru/lib\libctru.a(fs.o)
 .bss.fsuHandle
                0x0011d9fc        0x4 C:/devkitPro/libctru/lib\libctru.a(fs.o)
 .bss.__malloc_current_mallinfo
                0x0011da00       0x28 C:/devkitPro/devkitARM/bin/../lib/gcc/arm-none-eabi/16.1.0/../../../../arm-none-eabi/lib/armv6k/fpu\libg.a(libc_a-mallocr.o)
                0x0011da00                __malloc_current_mallinfo
 .bss.__malloc_max_total_mem
                0x0011da28        0x4 C:/devkitPro/devkitARM/bin/../lib/gcc/arm-none-eabi/16.1.0/../../../../arm-none-eabi/lib/armv6k/fpu\libg.a(libc_a-mallocr.o)
                0x0011da28                __malloc_max_total_mem
 .bss.__malloc_max_sbrked_mem
                0x0011da2c        0x4 C:/devkitPro/devkitARM/bin/../lib/gcc/arm-none-eabi/16.1.0/../../../../arm-none-eabi/lib/armv6k/fpu\libg.a(libc_a-mallocr.o)